MPLINK 5.00, LINKER
Linker Map File - Created Thu Oct 10 14:42:50 2024

                                 Section Info
                  Section       Type    Address   Location Size(Bytes)
                ---------  ---------  ---------  ---------  ---------
               _entry_scn       code   0x000000    program   0x000006
                   .cinit    romdata   0x00002a    program   0x00000e
             .code_user.o       code   0x000038    program   0x000658
              .code_cdc.o       code   0x000690    program   0x0002f8
       .code_usbctrltrf.o       code   0x000988    program   0x00029e
             .code_usb9.o       code   0x000c26    program   0x00027c
           .code_usbdrv.o       code   0x000ea2    program   0x000176
        .romdata_usbdsc.o    romdata   0x001018    program   0x0000cd
       .romdata_usbmmap.o    romdata   0x0010e5    program   0x000000
        .idata_usbdrv.o_i    romdata   0x0010e5    program   0x000000
        .romdata_usbdrv.o    romdata   0x0010e5    program   0x000000
          .idata_usb9.o_i    romdata   0x0010e5    program   0x000000
          .romdata_usb9.o    romdata   0x0010e5    program   0x000000
        .idata_usbdsc.o_i    romdata   0x0010e5    program   0x000000
    .idata_usbctrltrf.o_i    romdata   0x0010e5    program   0x000000
    .romdata_usbctrltrf.o    romdata   0x0010e5    program   0x000000
          .romdata_user.o    romdata   0x0010e5    program   0x000000
             .stringtable    romdata   0x0010e5    program   0x000000
           .idata_cdc.o_i    romdata   0x0010e5    program   0x000000
           .romdata_cdc.o    romdata   0x0010e5    program   0x000000
        .idata___init.o_i    romdata   0x0010e5    program   0x000000
        .romdata___init.o    romdata   0x0010e5    program   0x000000
         .idata_c018i.o_i    romdata   0x0010e5    program   0x000000
         .romdata_c018i.o    romdata   0x0010e5    program   0x000000
          .idata_main.o_i    romdata   0x0010e5    program   0x000000
          .romdata_main.o    romdata   0x0010e5    program   0x000000
       .idata_usbmmap.o_i    romdata   0x0010e5    program   0x000000
          .code_usbmmap.o       code   0x0010e6    program   0x000000
            .code_c018i.o       code   0x0010e6    program   0x000000
           .code_usbdsc.o       code   0x0010e6    program   0x000000
               _cinit_scn       code   0x0010e6    program   0x00009e
             .code_main.o       code   0x001184    program   0x00002e
                    .code       code   0x0011b2    program   0x000020
             _startup_scn       code   0x0011d2    program   0x00001c
           .code___init.o       code   0x0011ee    program   0x000002
          .idata_user.o_i    romdata   0x0011f0    program   0x00001b
    .config_300000_main.o    romdata   0x300000    program   0x000001
    .config_300001_main.o    romdata   0x300001    program   0x000001
    .config_300002_main.o    romdata   0x300002    program   0x000001
    .config_300003_main.o    romdata   0x300003    program   0x000001
    .config_300005_main.o    romdata   0x300005    program   0x000001
    .config_300006_main.o    romdata   0x300006    program   0x000001
    .config_300008_main.o    romdata   0x300008    program   0x000001
    .config_300009_main.o    romdata   0x300009    program   0x000001
    .config_30000a_main.o    romdata   0x30000a    program   0x000001
    .config_30000b_main.o    romdata   0x30000b    program   0x000001
    .config_30000c_main.o    romdata   0x30000c    program   0x000001
    .config_30000d_main.o    romdata   0x30000d    program   0x000001
                 .tmpdata      udata   0x000000       data   0x000004
                MATH_DATA      udata   0x000004       data   0x000002
            .udata_user.o      udata   0x000060       data   0x00009a
         .udata_usbmmap.o      udata   0x0000fa       data   0x000004
          .udata_usbdrv.o      udata   0x0000fe       data   0x000002
             .udata_cdc.o      udata   0x000100       data   0x00001b
            .idata_user.o      idata   0x00011b       data   0x00001b
           .udata_c018i.o      udata   0x000136       data   0x00000a
      .udata_usbctrltrf.o      udata   0x000140       data   0x000008
          .idata___init.o      idata   0x000148       data   0x000000
          .udata___init.o      udata   0x000148       data   0x000000
             .idata_cdc.o      idata   0x000148       data   0x000000
      .idata_usbctrltrf.o      idata   0x000148       data   0x000000
          .idata_usbdsc.o      idata   0x000148       data   0x000000
          .udata_usbdsc.o      udata   0x000148       data   0x000000
            .idata_usb9.o      idata   0x000148       data   0x000000
            .udata_usb9.o      udata   0x000148       data   0x000000
          .idata_usbdrv.o      idata   0x000148       data   0x000000
         .idata_usbmmap.o      idata   0x000148       data   0x000000
            .idata_main.o      idata   0x000148       data   0x000000
            .udata_main.o      udata   0x000148       data   0x000000
           .idata_c018i.o      idata   0x000148       data   0x000000
                   .stack      udata   0x000300       data   0x000100
                  usbram4      udata   0x000400       data   0x000030
                 usbram5a      udata   0x000500       data   0x000088
            SFR_UNBANKED0      udata   0x000f66       data   0x00009a



                              Program Memory Usage 
                               Start         End      
                           ---------   ---------      
                            0x000000    0x000005      
                            0x00002a    0x0010e4      
                            0x0010e6    0x00120a      
                            0x300000    0x300003      
                            0x300005    0x300006      
                            0x300008    0x30000d      
            4594 out of 33048 program addresses used, program memory utilization is 13%



                              Symbols - Sorted by Name
                     Name    Address   Location    Storage File                     
                ---------  ---------  ---------  --------- ---------                
                CDCInitEP   0x000734    program     extern D:\Programas\lcd smartie\4x40 lcd\4x40-Bench-LCD-with-USB-C-interface\pic18F2550 code\source\4x40\system\usb\class\cdc\cdc.c
             CDCTxService   0x000868    program     extern D:\Programas\lcd smartie\4x40 lcd\4x40-Bench-LCD-with-USB-C-interface\pic18F2550 code\source\4x40\system\usb\class\cdc\cdc.c
          ClassReqHandler   0x0010e3    program     extern D:\Programas\lcd smartie\4x40 lcd\4x40-Bench-LCD-with-USB-C-interface\pic18F2550 code\source\4x40\autofiles\usbdsc.c
               ClearArray   0x000fee    program     extern D:\Programas\lcd smartie\4x40 lcd\4x40-Bench-LCD-with-USB-C-interface\pic18F2550 code\source\4x40\system\usb\usbdrv\usbdrv.c
         InitializeSystem   0x00118e    program     static D:\Programas\lcd smartie\4x40 lcd\4x40-Bench-LCD-with-USB-C-interface\pic18F2550 code\source\4x40\main.c
                  LCDbusy   0x0003d6    program     extern D:\Programas\lcd smartie\4x40 lcd\4x40-Bench-LCD-with-USB-C-interface\pic18F2550 code\source\4x40\user\user.c
                    LCDch   0x0004b6    program     extern D:\Programas\lcd smartie\4x40 lcd\4x40-Bench-LCD-with-USB-C-interface\pic18F2550 code\source\4x40\user\user.c
                LCDcustom   0x000354    program     extern D:\Programas\lcd smartie\4x40 lcd\4x40-Bench-LCD-with-USB-C-interface\pic18F2550 code\source\4x40\user\user.c
              LCDposition   0x00051a    program     extern D:\Programas\lcd smartie\4x40 lcd\4x40-Bench-LCD-with-USB-C-interface\pic18F2550 code\source\4x40\user\user.c
                   LCDstr   0x000568    program     extern D:\Programas\lcd smartie\4x40 lcd\4x40-Bench-LCD-with-USB-C-interface\pic18F2550 code\source\4x40\user\user.c
                     LCDw   0x00045c    program     extern D:\Programas\lcd smartie\4x40 lcd\4x40-Bench-LCD-with-USB-C-interface\pic18F2550 code\source\4x40\user\user.c
                ProcessIO   0x000084    program     extern D:\Programas\lcd smartie\4x40 lcd\4x40-Bench-LCD-with-USB-C-interface\pic18F2550 code\source\4x40\user\user.c
        USBCheckBusStatus   0x000ea2    program     extern D:\Programas\lcd smartie\4x40 lcd\4x40-Bench-LCD-with-USB-C-interface\pic18F2550 code\source\4x40\system\usb\usbdrv\usbdrv.c
       USBCheckCDCRequest   0x000690    program     extern D:\Programas\lcd smartie\4x40 lcd\4x40-Bench-LCD-with-USB-C-interface\pic18F2550 code\source\4x40\system\usb\class\cdc\cdc.c
       USBCheckStdRequest   0x000c26    program     extern D:\Programas\lcd smartie\4x40 lcd\4x40-Bench-LCD-with-USB-C-interface\pic18F2550 code\source\4x40\system\usb\usb9\usb9.c
         USBCtrlEPService   0x000988    program     extern D:\Programas\lcd smartie\4x40 lcd\4x40-Bench-LCD-with-USB-C-interface\pic18F2550 code\source\4x40\system\usb\usbctrltrf\usbctrltrf.c
 USBCtrlEPServiceComplete   0x000b50    program     extern D:\Programas\lcd smartie\4x40 lcd\4x40-Bench-LCD-with-USB-C-interface\pic18F2550 code\source\4x40\system\usb\usbctrltrf\usbctrltrf.c
      USBCtrlTrfInHandler   0x000a40    program     extern D:\Programas\lcd smartie\4x40 lcd\4x40-Bench-LCD-with-USB-C-interface\pic18F2550 code\source\4x40\system\usb\usbctrltrf\usbctrltrf.c
     USBCtrlTrfOutHandler   0x000a22    program     extern D:\Programas\lcd smartie\4x40 lcd\4x40-Bench-LCD-with-USB-C-interface\pic18F2550 code\source\4x40\system\usb\usbctrltrf\usbctrltrf.c
      USBCtrlTrfRxService   0x000afc    program     extern D:\Programas\lcd smartie\4x40 lcd\4x40-Bench-LCD-with-USB-C-interface\pic18F2550 code\source\4x40\system\usb\usbctrltrf\usbctrltrf.c
   USBCtrlTrfSetupHandler   0x0009be    program     extern D:\Programas\lcd smartie\4x40 lcd\4x40-Bench-LCD-with-USB-C-interface\pic18F2550 code\source\4x40\system\usb\usbctrltrf\usbctrltrf.c
      USBCtrlTrfTxService   0x000a76    program     extern D:\Programas\lcd smartie\4x40 lcd\4x40-Bench-LCD-with-USB-C-interface\pic18F2550 code\source\4x40\system\usb\usbctrltrf\usbctrltrf.c
         USBDriverService   0x000eda    program     extern D:\Programas\lcd smartie\4x40 lcd\4x40-Bench-LCD-with-USB-C-interface\pic18F2550 code\source\4x40\system\usb\usbdrv\usbdrv.c
          USBErrorHandler   0x000fa6    program     extern D:\Programas\lcd smartie\4x40 lcd\4x40-Bench-LCD-with-USB-C-interface\pic18F2550 code\source\4x40\system\usb\usbdrv\usbdrv.c
         USBModuleDisable   0x000ecc    program     extern D:\Programas\lcd smartie\4x40 lcd\4x40-Bench-LCD-with-USB-C-interface\pic18F2550 code\source\4x40\system\usb\usbdrv\usbdrv.c
          USBModuleEnable   0x000ebe    program     extern D:\Programas\lcd smartie\4x40 lcd\4x40-Bench-LCD-with-USB-C-interface\pic18F2550 code\source\4x40\system\usb\usbdrv\usbdrv.c
USBPrepareForNextSetupTrf   0x000bc2    program     extern D:\Programas\lcd smartie\4x40 lcd\4x40-Bench-LCD-with-USB-C-interface\pic18F2550 code\source\4x40\system\usb\usbctrltrf\usbctrltrf.c
  USBProtocolResetHandler   0x000faa    program     extern D:\Programas\lcd smartie\4x40 lcd\4x40-Bench-LCD-with-USB-C-interface\pic18F2550 code\source\4x40\system\usb\usbdrv\usbdrv.c
          USBRemoteWakeup   0x000f70    program     extern D:\Programas\lcd smartie\4x40 lcd\4x40-Bench-LCD-with-USB-C-interface\pic18F2550 code\source\4x40\system\usb\usbdrv\usbdrv.c
            USBSoftDetach   0x000ed6    program     extern D:\Programas\lcd smartie\4x40 lcd\4x40-Bench-LCD-with-USB-C-interface\pic18F2550 code\source\4x40\system\usb\usbdrv\usbdrv.c
          USBStallHandler   0x000f98    program     extern D:\Programas\lcd smartie\4x40 lcd\4x40-Bench-LCD-with-USB-C-interface\pic18F2550 code\source\4x40\system\usb\usbdrv\usbdrv.c
  USBStdFeatureReqHandler   0x000dcc    program     extern D:\Programas\lcd smartie\4x40 lcd\4x40-Bench-LCD-with-USB-C-interface\pic18F2550 code\source\4x40\system\usb\usb9\usb9.c
      USBStdGetDscHandler   0x000cc4    program     extern D:\Programas\lcd smartie\4x40 lcd\4x40-Bench-LCD-with-USB-C-interface\pic18F2550 code\source\4x40\system\usb\usb9\usb9.c
   USBStdGetStatusHandler   0x000d68    program     extern D:\Programas\lcd smartie\4x40 lcd\4x40-Bench-LCD-with-USB-C-interface\pic18F2550 code\source\4x40\system\usb\usb9\usb9.c
      USBStdSetCfgHandler   0x000d32    program     extern D:\Programas\lcd smartie\4x40 lcd\4x40-Bench-LCD-with-USB-C-interface\pic18F2550 code\source\4x40\system\usb\usb9\usb9.c
               USBSuspend   0x000f58    program     extern D:\Programas\lcd smartie\4x40 lcd\4x40-Bench-LCD-with-USB-C-interface\pic18F2550 code\source\4x40\system\usb\usbdrv\usbdrv.c
                 USBTasks   0x0011a6    program     extern D:\Programas\lcd smartie\4x40 lcd\4x40-Bench-LCD-with-USB-C-interface\pic18F2550 code\source\4x40\main.c
       USBWakeFromSuspend   0x000f68    program     extern D:\Programas\lcd smartie\4x40 lcd\4x40-Bench-LCD-with-USB-C-interface\pic18F2550 code\source\4x40\system\usb\usbdrv\usbdrv.c
               USB_CD_Ptr   0x0010d9    program     extern D:\Programas\lcd smartie\4x40 lcd\4x40-Bench-LCD-with-USB-C-interface\pic18F2550 code\source\4x40\autofiles\usbdsc.c
               USB_SD_Ptr   0x0010dd    program     extern D:\Programas\lcd smartie\4x40 lcd\4x40-Bench-LCD-with-USB-C-interface\pic18F2550 code\source\4x40\autofiles\usbdsc.c
          USB_SOF_Handler   0x000f94    program     extern D:\Programas\lcd smartie\4x40 lcd\4x40-Bench-LCD-with-USB-C-interface\pic18F2550 code\source\4x40\system\usb\usbdrv\usbdrv.c
                 UserInit   0x000038    program     extern D:\Programas\lcd smartie\4x40 lcd\4x40-Bench-LCD-with-USB-C-interface\pic18F2550 code\source\4x40\user\user.c
       ___case_1_lbl00097   0x00047a    program     static                          
       ___case_1_lbl00102   0x0004dc    program     static                          
       ___case_2_lbl00098   0x00047e    program     static                          
       ___case_2_lbl00103   0x0004e0    program     static                          
       ___case_3_lbl00099   0x000482    program     static                          
       ___case_3_lbl00104   0x0004e4    program     static                          
           ___if_lbl00094   0x000456    program     static                          
       ___return_lbl00000   0x000004    program     static                          
       ___return_lbl00001   0x0011ec    program     static                          
       ___return_lbl00002   0x001182    program     static                          
       ___return_lbl00028   0x000f66    program     static                          
       ___return_lbl00042   0x001010    program     static                          
       ___return_lbl00093   0x00045a    program     static                          
       ___return_lbl00095   0x0004ae    program     static                          
       ___return_lbl00100   0x000512    program     static                          
   ___switchexit_lbl00096   0x000488    program     static                          
   ___switchexit_lbl00101   0x0004ea    program     static                          
        ___while_lbl00043   0x001002    program     static                          
        ___while_lbl00044   0x001010    program     static                          
               __config_0   0x300000    program     static D:\Programas\lcd smartie\4x40 lcd\4x40-Bench-LCD-with-USB-C-interface\pic18F2550 code\source\4x40\main.c
               __config_1   0x300001    program     static D:\Programas\lcd smartie\4x40 lcd\4x40-Bench-LCD-with-USB-C-interface\pic18F2550 code\source\4x40\main.c
              __config_10   0x30000c    program     static D:\Programas\lcd smartie\4x40 lcd\4x40-Bench-LCD-with-USB-C-interface\pic18F2550 code\source\4x40\main.c
              __config_11   0x30000d    program     static D:\Programas\lcd smartie\4x40 lcd\4x40-Bench-LCD-with-USB-C-interface\pic18F2550 code\source\4x40\main.c
               __config_2   0x300002    program     static D:\Programas\lcd smartie\4x40 lcd\4x40-Bench-LCD-with-USB-C-interface\pic18F2550 code\source\4x40\main.c
               __config_3   0x300003    program     static D:\Programas\lcd smartie\4x40 lcd\4x40-Bench-LCD-with-USB-C-interface\pic18F2550 code\source\4x40\main.c
               __config_4   0x300005    program     static D:\Programas\lcd smartie\4x40 lcd\4x40-Bench-LCD-with-USB-C-interface\pic18F2550 code\source\4x40\main.c
               __config_5   0x300006    program     static D:\Programas\lcd smartie\4x40 lcd\4x40-Bench-LCD-with-USB-C-interface\pic18F2550 code\source\4x40\main.c
               __config_6   0x300008    program     static D:\Programas\lcd smartie\4x40 lcd\4x40-Bench-LCD-with-USB-C-interface\pic18F2550 code\source\4x40\main.c
               __config_7   0x300009    program     static D:\Programas\lcd smartie\4x40 lcd\4x40-Bench-LCD-with-USB-C-interface\pic18F2550 code\source\4x40\main.c
               __config_8   0x30000a    program     static D:\Programas\lcd smartie\4x40 lcd\4x40-Bench-LCD-with-USB-C-interface\pic18F2550 code\source\4x40\main.c
               __config_9   0x30000b    program     static D:\Programas\lcd smartie\4x40 lcd\4x40-Bench-LCD-with-USB-C-interface\pic18F2550 code\source\4x40\main.c
                   __init   0x0011ee    program     extern E:\3.46\pic18-lt\cxx-framework\src\traditional\stdclib\__init.c
                   __pa_0   0x000916    program     static D:\Programas\lcd smartie\4x40 lcd\4x40-Bench-LCD-with-USB-C-interface\pic18F2550 code\source\4x40\system\usb\class\cdc\cdc.c
                   __pa_0   0x000e2e    program     static D:\Programas\lcd smartie\4x40 lcd\4x40-Bench-LCD-with-USB-C-interface\pic18F2550 code\source\4x40\system\usb\usb9\usb9.c
                   __pa_0   0x000bd2    program     static D:\Programas\lcd smartie\4x40 lcd\4x40-Bench-LCD-with-USB-C-interface\pic18F2550 code\source\4x40\system\usb\usbctrltrf\usbctrltrf.c
                   __pa_0   0x000664    program     static D:\Programas\lcd smartie\4x40 lcd\4x40-Bench-LCD-with-USB-C-interface\pic18F2550 code\source\4x40\user\user.c
                   __pa_1   0x000be2    program     static D:\Programas\lcd smartie\4x40 lcd\4x40-Bench-LCD-with-USB-C-interface\pic18F2550 code\source\4x40\system\usb\usbctrltrf\usbctrltrf.c
                   __pa_1   0x000944    program     static D:\Programas\lcd smartie\4x40 lcd\4x40-Bench-LCD-with-USB-C-interface\pic18F2550 code\source\4x40\system\usb\class\cdc\cdc.c
                   __pa_1   0x000e46    program     static D:\Programas\lcd smartie\4x40 lcd\4x40-Bench-LCD-with-USB-C-interface\pic18F2550 code\source\4x40\system\usb\usb9\usb9.c
                   __pa_1   0x00066a    program     static D:\Programas\lcd smartie\4x40 lcd\4x40-Bench-LCD-with-USB-C-interface\pic18F2550 code\source\4x40\user\user.c
                   __pa_2   0x00095c    program     static D:\Programas\lcd smartie\4x40 lcd\4x40-Bench-LCD-with-USB-C-interface\pic18F2550 code\source\4x40\system\usb\class\cdc\cdc.c
                   __pa_2   0x000e58    program     static D:\Programas\lcd smartie\4x40 lcd\4x40-Bench-LCD-with-USB-C-interface\pic18F2550 code\source\4x40\system\usb\usb9\usb9.c
                   __pa_2   0x00067c    program     static D:\Programas\lcd smartie\4x40 lcd\4x40-Bench-LCD-with-USB-C-interface\pic18F2550 code\source\4x40\user\user.c
                   __pa_2   0x000bf2    program     static D:\Programas\lcd smartie\4x40 lcd\4x40-Bench-LCD-with-USB-C-interface\pic18F2550 code\source\4x40\system\usb\usbctrltrf\usbctrltrf.c
                   __pa_3   0x000c00    program     static D:\Programas\lcd smartie\4x40 lcd\4x40-Bench-LCD-with-USB-C-interface\pic18F2550 code\source\4x40\system\usb\usbctrltrf\usbctrltrf.c
                   __pa_3   0x000968    program     static D:\Programas\lcd smartie\4x40 lcd\4x40-Bench-LCD-with-USB-C-interface\pic18F2550 code\source\4x40\system\usb\class\cdc\cdc.c
                   __pa_3   0x000688    program     static D:\Programas\lcd smartie\4x40 lcd\4x40-Bench-LCD-with-USB-C-interface\pic18F2550 code\source\4x40\user\user.c
                   __pa_3   0x000e6a    program     static D:\Programas\lcd smartie\4x40 lcd\4x40-Bench-LCD-with-USB-C-interface\pic18F2550 code\source\4x40\system\usb\usb9\usb9.c
                   __pa_4   0x000c0e    program     static D:\Programas\lcd smartie\4x40 lcd\4x40-Bench-LCD-with-USB-C-interface\pic18F2550 code\source\4x40\system\usb\usbctrltrf\usbctrltrf.c
                   __pa_4   0x000972    program     static D:\Programas\lcd smartie\4x40 lcd\4x40-Bench-LCD-with-USB-C-interface\pic18F2550 code\source\4x40\system\usb\class\cdc\cdc.c
                   __pa_4   0x000e7a    program     static D:\Programas\lcd smartie\4x40 lcd\4x40-Bench-LCD-with-USB-C-interface\pic18F2550 code\source\4x40\system\usb\usb9\usb9.c
                   __pa_5   0x000c16    program     static D:\Programas\lcd smartie\4x40 lcd\4x40-Bench-LCD-with-USB-C-interface\pic18F2550 code\source\4x40\system\usb\usbctrltrf\usbctrltrf.c
                   __pa_5   0x000980    program     static D:\Programas\lcd smartie\4x40 lcd\4x40-Bench-LCD-with-USB-C-interface\pic18F2550 code\source\4x40\system\usb\class\cdc\cdc.c
                   __pa_5   0x000e88    program     static D:\Programas\lcd smartie\4x40 lcd\4x40-Bench-LCD-with-USB-C-interface\pic18F2550 code\source\4x40\system\usb\usb9\usb9.c
                   __pa_6   0x000e92    program     static D:\Programas\lcd smartie\4x40 lcd\4x40-Bench-LCD-with-USB-C-interface\pic18F2550 code\source\4x40\system\usb\usb9\usb9.c
                   __pa_7   0x000e9a    program     static D:\Programas\lcd smartie\4x40 lcd\4x40-Bench-LCD-with-USB-C-interface\pic18F2550 code\source\4x40\system\usb\usb9\usb9.c
            __zero_memory   0x0011b2    program     extern E:\3.46\pic18-lt\cxx-framework\src\traditional\proc\p18f2550.asm
                _do_cinit   0x0010e6    program     extern E:\3.46\pic18-lt\cxx-framework\src\traditional\startup\c018i.c
                   _entry   0x000000    program     extern E:\3.46\pic18-lt\cxx-framework\src\traditional\startup\c018i.c
                 _startup   0x0011d2    program     extern E:\3.46\pic18-lt\cxx-framework\src\traditional\startup\c018i.c
                    cfg01   0x00102a    program     extern D:\Programas\lcd smartie\4x40 lcd\4x40-Bench-LCD-with-USB-C-interface\pic18F2550 code\source\4x40\autofiles\usbdsc.c
       clear_input_buffer   0x000620    program     extern D:\Programas\lcd smartie\4x40 lcd\4x40-Bench-LCD-with-USB-C-interface\pic18F2550 code\source\4x40\user\user.c
                compare_l   0x0011c8    program     static E:\3.46\pic18-lt\cxx-framework\src\traditional\proc\p18f2550.asm
                copy_loop   0x001158    program     static                          
            copy_one_byte   0x00115e    program     static                          
               device_dsc   0x001018    program     extern D:\Programas\lcd smartie\4x40 lcd\4x40-Bench-LCD-with-USB-C-interface\pic18F2550 code\source\4x40\autofiles\usbdsc.c
                     done   0x001182    program     static                          
             done_copying   0x00116c    program     static                          
             getnewbuffer   0x0005d0    program     extern D:\Programas\lcd smartie\4x40 lcd\4x40-Bench-LCD-with-USB-C-interface\pic18F2550 code\source\4x40\user\user.c
              getnextbyte   0x0005f6    program     extern D:\Programas\lcd smartie\4x40 lcd\4x40-Bench-LCD-with-USB-C-interface\pic18F2550 code\source\4x40\user\user.c
             getsUSBUSART   0x000784    program     extern D:\Programas\lcd smartie\4x40 lcd\4x40-Bench-LCD-with-USB-C-interface\pic18F2550 code\source\4x40\system\usb\class\cdc\cdc.c
                     loop   0x0011e2    program     static                          
                   loop_h   0x0011c0    program     static E:\3.46\pic18-lt\cxx-framework\src\traditional\proc\p18f2550.asm
                   loop_l   0x0011ca    program     static E:\3.46\pic18-lt\cxx-framework\src\traditional\proc\p18f2550.asm
                     main   0x001184    program     extern D:\Programas\lcd smartie\4x40 lcd\4x40-Bench-LCD-with-USB-C-interface\pic18F2550 code\source\4x40\main.c
            putrsUSBUSART   0x000834    program     extern D:\Programas\lcd smartie\4x40 lcd\4x40-Bench-LCD-with-USB-C-interface\pic18F2550 code\source\4x40\system\usb\class\cdc\cdc.c
             putsUSBUSART   0x000802    program     extern D:\Programas\lcd smartie\4x40 lcd\4x40-Bench-LCD-with-USB-C-interface\pic18F2550 code\source\4x40\system\usb\class\cdc\cdc.c
                    sd000   0x00106d    program     extern D:\Programas\lcd smartie\4x40 lcd\4x40-Bench-LCD-with-USB-C-interface\pic18F2550 code\source\4x40\autofiles\usbdsc.c
                    sd001   0x001071    program     extern D:\Programas\lcd smartie\4x40 lcd\4x40-Bench-LCD-with-USB-C-interface\pic18F2550 code\source\4x40\autofiles\usbdsc.c
                    sd002   0x0010a5    program     extern D:\Programas\lcd smartie\4x40 lcd\4x40-Bench-LCD-with-USB-C-interface\pic18F2550 code\source\4x40\autofiles\usbdsc.c
                 setupLCD   0x0000b6    program     extern D:\Programas\lcd smartie\4x40 lcd\4x40-Bench-LCD-with-USB-C-interface\pic18F2550 code\source\4x40\user\user.c
                  sortCMD   0x00016e    program     extern D:\Programas\lcd smartie\4x40 lcd\4x40-Bench-LCD-with-USB-C-interface\pic18F2550 code\source\4x40\user\user.c
                     test   0x001100    program     static                          
              whatcommand   0x0002e0    program     extern D:\Programas\lcd smartie\4x40 lcd\4x40-Bench-LCD-with-USB-C-interface\pic18F2550 code\source\4x40\user\user.c
               zero_block   0x0011c0    program     static E:\3.46\pic18-lt\cxx-framework\src\traditional\proc\p18f2550.asm
                   ADCON0   0x000fc2       data     extern E:\3.46\pic18-lt\cxx-framework\src\traditional\proc\p18f2550.asm
               ADCON0bits   0x000fc2       data     extern E:\3.46\pic18-lt\cxx-framework\src\traditional\proc\p18f2550.asm
                   ADCON1   0x000fc1       data     extern E:\3.46\pic18-lt\cxx-framework\src\traditional\proc\p18f2550.asm
               ADCON1bits   0x000fc1       data     extern E:\3.46\pic18-lt\cxx-framework\src\traditional\proc\p18f2550.asm
                   ADCON2   0x000fc0       data     extern E:\3.46\pic18-lt\cxx-framework\src\traditional\proc\p18f2550.asm
               ADCON2bits   0x000fc0       data     extern E:\3.46\pic18-lt\cxx-framework\src\traditional\proc\p18f2550.asm
                    ADRES   0x000fc3       data     extern E:\3.46\pic18-lt\cxx-framework\src\traditional\proc\p18f2550.asm
                   ADRESH   0x000fc4       data     extern E:\3.46\pic18-lt\cxx-framework\src\traditional\proc\p18f2550.asm
                   ADRESL   0x000fc3       data     extern E:\3.46\pic18-lt\cxx-framework\src\traditional\proc\p18f2550.asm
                  BAUDCON   0x000fb8       data     extern E:\3.46\pic18-lt\cxx-framework\src\traditional\proc\p18f2550.asm
              BAUDCONbits   0x000fb8       data     extern E:\3.46\pic18-lt\cxx-framework\src\traditional\proc\p18f2550.asm
                  BAUDCTL   0x000fb8       data     extern E:\3.46\pic18-lt\cxx-framework\src\traditional\proc\p18f2550.asm
              BAUDCTLbits   0x000fb8       data     extern E:\3.46\pic18-lt\cxx-framework\src\traditional\proc\p18f2550.asm
                      BSR   0x000fe0       data     extern E:\3.46\pic18-lt\cxx-framework\src\traditional\proc\p18f2550.asm
                   CCP1AS   0x000fb6       data     extern E:\3.46\pic18-lt\cxx-framework\src\traditional\proc\p18f2550.asm
               CCP1ASbits   0x000fb6       data     extern E:\3.46\pic18-lt\cxx-framework\src\traditional\proc\p18f2550.asm
                  CCP1CON   0x000fbd       data     extern E:\3.46\pic18-lt\cxx-framework\src\traditional\proc\p18f2550.asm
              CCP1CONbits   0x000fbd       data     extern E:\3.46\pic18-lt\cxx-framework\src\traditional\proc\p18f2550.asm
                  CCP1DEL   0x000fb7       data     extern E:\3.46\pic18-lt\cxx-framework\src\traditional\proc\p18f2550.asm
              CCP1DELbits   0x000fb7       data     extern E:\3.46\pic18-lt\cxx-framework\src\traditional\proc\p18f2550.asm
                  CCP2CON   0x000fba       data     extern E:\3.46\pic18-lt\cxx-framework\src\traditional\proc\p18f2550.asm
              CCP2CONbits   0x000fba       data     extern E:\3.46\pic18-lt\cxx-framework\src\traditional\proc\p18f2550.asm
                    CCPR1   0x000fbe       data     extern E:\3.46\pic18-lt\cxx-framework\src\traditional\proc\p18f2550.asm
                   CCPR1H   0x000fbf       data     extern E:\3.46\pic18-lt\cxx-framework\src\traditional\proc\p18f2550.asm
                   CCPR1L   0x000fbe       data     extern E:\3.46\pic18-lt\cxx-framework\src\traditional\proc\p18f2550.asm
                    CCPR2   0x000fbb       data     extern E:\3.46\pic18-lt\cxx-framework\src\traditional\proc\p18f2550.asm
                   CCPR2H   0x000fbc       data     extern E:\3.46\pic18-lt\cxx-framework\src\traditional\proc\p18f2550.asm
                   CCPR2L   0x000fbb       data     extern E:\3.46\pic18-lt\cxx-framework\src\traditional\proc\p18f2550.asm
                    CMCON   0x000fb4       data     extern E:\3.46\pic18-lt\cxx-framework\src\traditional\proc\p18f2550.asm
                CMCONbits   0x000fb4       data     extern E:\3.46\pic18-lt\cxx-framework\src\traditional\proc\p18f2550.asm
                   CVRCON   0x000fb5       data     extern E:\3.46\pic18-lt\cxx-framework\src\traditional\proc\p18f2550.asm
               CVRCONbits   0x000fb5       data     extern E:\3.46\pic18-lt\cxx-framework\src\traditional\proc\p18f2550.asm
              CtrlTrfData   0x000428       data     extern D:\Programas\lcd smartie\4x40 lcd\4x40-Bench-LCD-with-USB-C-interface\pic18F2550 code\source\4x40\system\usb\usbmmap.c
                     DDRA   0x000f92       data     extern E:\3.46\pic18-lt\cxx-framework\src\traditional\proc\p18f2550.asm
                 DDRAbits   0x000f92       data     extern E:\3.46\pic18-lt\cxx-framework\src\traditional\proc\p18f2550.asm
                     DDRB   0x000f93       data     extern E:\3.46\pic18-lt\cxx-framework\src\traditional\proc\p18f2550.asm
                 DDRBbits   0x000f93       data     extern E:\3.46\pic18-lt\cxx-framework\src\traditional\proc\p18f2550.asm
                     DDRC   0x000f94       data     extern E:\3.46\pic18-lt\cxx-framework\src\traditional\proc\p18f2550.asm
                 DDRCbits   0x000f94       data     extern E:\3.46\pic18-lt\cxx-framework\src\traditional\proc\p18f2550.asm
                  ECCP1AS   0x000fb6       data     extern E:\3.46\pic18-lt\cxx-framework\src\traditional\proc\p18f2550.asm
              ECCP1ASbits   0x000fb6       data     extern E:\3.46\pic18-lt\cxx-framework\src\traditional\proc\p18f2550.asm
                 ECCP1DEL   0x000fb7       data     extern E:\3.46\pic18-lt\cxx-framework\src\traditional\proc\p18f2550.asm
             ECCP1DELbits   0x000fb7       data     extern E:\3.46\pic18-lt\cxx-framework\src\traditional\proc\p18f2550.asm
                    EEADR   0x000fa9       data     extern E:\3.46\pic18-lt\cxx-framework\src\traditional\proc\p18f2550.asm
                   EECON1   0x000fa6       data     extern E:\3.46\pic18-lt\cxx-framework\src\traditional\proc\p18f2550.asm
               EECON1bits   0x000fa6       data     extern E:\3.46\pic18-lt\cxx-framework\src\traditional\proc\p18f2550.asm
                   EECON2   0x000fa7       data     extern E:\3.46\pic18-lt\cxx-framework\src\traditional\proc\p18f2550.asm
                   EEDATA   0x000fa8       data     extern E:\3.46\pic18-lt\cxx-framework\src\traditional\proc\p18f2550.asm
                     FSR0   0x000fe9       data     extern E:\3.46\pic18-lt\cxx-framework\src\traditional\proc\p18f2550.asm
                    FSR0H   0x000fea       data     extern E:\3.46\pic18-lt\cxx-framework\src\traditional\proc\p18f2550.asm
                    FSR0L   0x000fe9       data     extern E:\3.46\pic18-lt\cxx-framework\src\traditional\proc\p18f2550.asm
                     FSR1   0x000fe1       data     extern E:\3.46\pic18-lt\cxx-framework\src\traditional\proc\p18f2550.asm
                    FSR1H   0x000fe2       data     extern E:\3.46\pic18-lt\cxx-framework\src\traditional\proc\p18f2550.asm
                    FSR1L   0x000fe1       data     extern E:\3.46\pic18-lt\cxx-framework\src\traditional\proc\p18f2550.asm
                     FSR2   0x000fd9       data     extern E:\3.46\pic18-lt\cxx-framework\src\traditional\proc\p18f2550.asm
                    FSR2H   0x000fda       data     extern E:\3.46\pic18-lt\cxx-framework\src\traditional\proc\p18f2550.asm
                    FSR2L   0x000fd9       data     extern E:\3.46\pic18-lt\cxx-framework\src\traditional\proc\p18f2550.asm
                  HLVDCON   0x000fd2       data     extern E:\3.46\pic18-lt\cxx-framework\src\traditional\proc\p18f2550.asm
              HLVDCONbits   0x000fd2       data     extern E:\3.46\pic18-lt\cxx-framework\src\traditional\proc\p18f2550.asm
                    INDF0   0x000fef       data     extern E:\3.46\pic18-lt\cxx-framework\src\traditional\proc\p18f2550.asm
                    INDF1   0x000fe7       data     extern E:\3.46\pic18-lt\cxx-framework\src\traditional\proc\p18f2550.asm
                    INDF2   0x000fdf       data     extern E:\3.46\pic18-lt\cxx-framework\src\traditional\proc\p18f2550.asm
                   INTCON   0x000ff2       data     extern E:\3.46\pic18-lt\cxx-framework\src\traditional\proc\p18f2550.asm
                  INTCON2   0x000ff1       data     extern E:\3.46\pic18-lt\cxx-framework\src\traditional\proc\p18f2550.asm
              INTCON2bits   0x000ff1       data     extern E:\3.46\pic18-lt\cxx-framework\src\traditional\proc\p18f2550.asm
                  INTCON3   0x000ff0       data     extern E:\3.46\pic18-lt\cxx-framework\src\traditional\proc\p18f2550.asm
              INTCON3bits   0x000ff0       data     extern E:\3.46\pic18-lt\cxx-framework\src\traditional\proc\p18f2550.asm
               INTCONbits   0x000ff2       data     extern E:\3.46\pic18-lt\cxx-framework\src\traditional\proc\p18f2550.asm
                     IPR1   0x000f9f       data     extern E:\3.46\pic18-lt\cxx-framework\src\traditional\proc\p18f2550.asm
                 IPR1bits   0x000f9f       data     extern E:\3.46\pic18-lt\cxx-framework\src\traditional\proc\p18f2550.asm
                     IPR2   0x000fa2       data     extern E:\3.46\pic18-lt\cxx-framework\src\traditional\proc\p18f2550.asm
                 IPR2bits   0x000fa2       data     extern E:\3.46\pic18-lt\cxx-framework\src\traditional\proc\p18f2550.asm
                     LATA   0x000f89       data     extern E:\3.46\pic18-lt\cxx-framework\src\traditional\proc\p18f2550.asm
                 LATAbits   0x000f89       data     extern E:\3.46\pic18-lt\cxx-framework\src\traditional\proc\p18f2550.asm
                     LATB   0x000f8a       data     extern E:\3.46\pic18-lt\cxx-framework\src\traditional\proc\p18f2550.asm
                 LATBbits   0x000f8a       data     extern E:\3.46\pic18-lt\cxx-framework\src\traditional\proc\p18f2550.asm
                     LATC   0x000f8b       data     extern E:\3.46\pic18-lt\cxx-framework\src\traditional\proc\p18f2550.asm
                 LATCbits   0x000f8b       data     extern E:\3.46\pic18-lt\cxx-framework\src\traditional\proc\p18f2550.asm
                 LCDready   0x0000e7       data     extern D:\Programas\lcd smartie\4x40 lcd\4x40-Bench-LCD-with-USB-C-interface\pic18F2550 code\source\4x40\user\user.c
            LCDsetupstate   0x0000e8       data     extern D:\Programas\lcd smartie\4x40 lcd\4x40-Bench-LCD-with-USB-C-interface\pic18F2550 code\source\4x40\user\user.c
                   LVDCON   0x000fd2       data     extern E:\3.46\pic18-lt\cxx-framework\src\traditional\proc\p18f2550.asm
               LVDCONbits   0x000fd2       data     extern E:\3.46\pic18-lt\cxx-framework\src\traditional\proc\p18f2550.asm
                   OSCCON   0x000fd3       data     extern E:\3.46\pic18-lt\cxx-framework\src\traditional\proc\p18f2550.asm
               OSCCONbits   0x000fd3       data     extern E:\3.46\pic18-lt\cxx-framework\src\traditional\proc\p18f2550.asm
                  OSCTUNE   0x000f9b       data     extern E:\3.46\pic18-lt\cxx-framework\src\traditional\proc\p18f2550.asm
              OSCTUNEbits   0x000f9b       data     extern E:\3.46\pic18-lt\cxx-framework\src\traditional\proc\p18f2550.asm
                       PC   0x000ff9       data     extern E:\3.46\pic18-lt\cxx-framework\src\traditional\proc\p18f2550.asm
                      PCL   0x000ff9       data     extern E:\3.46\pic18-lt\cxx-framework\src\traditional\proc\p18f2550.asm
                   PCLATH   0x000ffa       data     extern E:\3.46\pic18-lt\cxx-framework\src\traditional\proc\p18f2550.asm
                   PCLATU   0x000ffb       data     extern E:\3.46\pic18-lt\cxx-framework\src\traditional\proc\p18f2550.asm
                     PIE1   0x000f9d       data     extern E:\3.46\pic18-lt\cxx-framework\src\traditional\proc\p18f2550.asm
                 PIE1bits   0x000f9d       data     extern E:\3.46\pic18-lt\cxx-framework\src\traditional\proc\p18f2550.asm
                     PIE2   0x000fa0       data     extern E:\3.46\pic18-lt\cxx-framework\src\traditional\proc\p18f2550.asm
                 PIE2bits   0x000fa0       data     extern E:\3.46\pic18-lt\cxx-framework\src\traditional\proc\p18f2550.asm
                     PIR1   0x000f9e       data     extern E:\3.46\pic18-lt\cxx-framework\src\traditional\proc\p18f2550.asm
                 PIR1bits   0x000f9e       data     extern E:\3.46\pic18-lt\cxx-framework\src\traditional\proc\p18f2550.asm
                     PIR2   0x000fa1       data     extern E:\3.46\pic18-lt\cxx-framework\src\traditional\proc\p18f2550.asm
                 PIR2bits   0x000fa1       data     extern E:\3.46\pic18-lt\cxx-framework\src\traditional\proc\p18f2550.asm
                   PLUSW0   0x000feb       data     extern E:\3.46\pic18-lt\cxx-framework\src\traditional\proc\p18f2550.asm
                   PLUSW1   0x000fe3       data     extern E:\3.46\pic18-lt\cxx-framework\src\traditional\proc\p18f2550.asm
                   PLUSW2   0x000fdb       data     extern E:\3.46\pic18-lt\cxx-framework\src\traditional\proc\p18f2550.asm
                    PORTA   0x000f80       data     extern E:\3.46\pic18-lt\cxx-framework\src\traditional\proc\p18f2550.asm
                PORTAbits   0x000f80       data     extern E:\3.46\pic18-lt\cxx-framework\src\traditional\proc\p18f2550.asm
                    PORTB   0x000f81       data     extern E:\3.46\pic18-lt\cxx-framework\src\traditional\proc\p18f2550.asm
                PORTBbits   0x000f81       data     extern E:\3.46\pic18-lt\cxx-framework\src\traditional\proc\p18f2550.asm
                    PORTC   0x000f82       data     extern E:\3.46\pic18-lt\cxx-framework\src\traditional\proc\p18f2550.asm
                PORTCbits   0x000f82       data     extern E:\3.46\pic18-lt\cxx-framework\src\traditional\proc\p18f2550.asm
                    PORTE   0x000f84       data     extern E:\3.46\pic18-lt\cxx-framework\src\traditional\proc\p18f2550.asm
                PORTEbits   0x000f84       data     extern E:\3.46\pic18-lt\cxx-framework\src\traditional\proc\p18f2550.asm
                 POSTDEC0   0x000fed       data     extern E:\3.46\pic18-lt\cxx-framework\src\traditional\proc\p18f2550.asm
                 POSTDEC1   0x000fe5       data     extern E:\3.46\pic18-lt\cxx-framework\src\traditional\proc\p18f2550.asm
                 POSTDEC2   0x000fdd       data     extern E:\3.46\pic18-lt\cxx-framework\src\traditional\proc\p18f2550.asm
                 POSTINC0   0x000fee       data     extern E:\3.46\pic18-lt\cxx-framework\src\traditional\proc\p18f2550.asm
                 POSTINC1   0x000fe6       data     extern E:\3.46\pic18-lt\cxx-framework\src\traditional\proc\p18f2550.asm
                 POSTINC2   0x000fde       data     extern E:\3.46\pic18-lt\cxx-framework\src\traditional\proc\p18f2550.asm
                      PR2   0x000fcb       data     extern E:\3.46\pic18-lt\cxx-framework\src\traditional\proc\p18f2550.asm
                  PREINC0   0x000fec       data     extern E:\3.46\pic18-lt\cxx-framework\src\traditional\proc\p18f2550.asm
                  PREINC1   0x000fe4       data     extern E:\3.46\pic18-lt\cxx-framework\src\traditional\proc\p18f2550.asm
                  PREINC2   0x000fdc       data     extern E:\3.46\pic18-lt\cxx-framework\src\traditional\proc\p18f2550.asm
                     PROD   0x000ff3       data     extern E:\3.46\pic18-lt\cxx-framework\src\traditional\proc\p18f2550.asm
                    PRODH   0x000ff4       data     extern E:\3.46\pic18-lt\cxx-framework\src\traditional\proc\p18f2550.asm
                    PRODL   0x000ff3       data     extern E:\3.46\pic18-lt\cxx-framework\src\traditional\proc\p18f2550.asm
                     RCON   0x000fd0       data     extern E:\3.46\pic18-lt\cxx-framework\src\traditional\proc\p18f2550.asm
                 RCONbits   0x000fd0       data     extern E:\3.46\pic18-lt\cxx-framework\src\traditional\proc\p18f2550.asm
                    RCREG   0x000fae       data     extern E:\3.46\pic18-lt\cxx-framework\src\traditional\proc\p18f2550.asm
                    RCSTA   0x000fab       data     extern E:\3.46\pic18-lt\cxx-framework\src\traditional\proc\p18f2550.asm
                RCSTAbits   0x000fab       data     extern E:\3.46\pic18-lt\cxx-framework\src\traditional\proc\p18f2550.asm
                     SIGN   0x000004       data     extern E:\3.46\pic18-lt\cxx-framework\src\traditional\math\cmath18.asm
                    SPBRG   0x000faf       data     extern E:\3.46\pic18-lt\cxx-framework\src\traditional\proc\p18f2550.asm
                   SPBRGH   0x000fb0       data     extern E:\3.46\pic18-lt\cxx-framework\src\traditional\proc\p18f2550.asm
                   SSPADD   0x000fc8       data     extern E:\3.46\pic18-lt\cxx-framework\src\traditional\proc\p18f2550.asm
                   SSPBUF   0x000fc9       data     extern E:\3.46\pic18-lt\cxx-framework\src\traditional\proc\p18f2550.asm
                  SSPCON1   0x000fc6       data     extern E:\3.46\pic18-lt\cxx-framework\src\traditional\proc\p18f2550.asm
              SSPCON1bits   0x000fc6       data     extern E:\3.46\pic18-lt\cxx-framework\src\traditional\proc\p18f2550.asm
                  SSPCON2   0x000fc5       data     extern E:\3.46\pic18-lt\cxx-framework\src\traditional\proc\p18f2550.asm
              SSPCON2bits   0x000fc5       data     extern E:\3.46\pic18-lt\cxx-framework\src\traditional\proc\p18f2550.asm
                  SSPSTAT   0x000fc7       data     extern E:\3.46\pic18-lt\cxx-framework\src\traditional\proc\p18f2550.asm
              SSPSTATbits   0x000fc7       data     extern E:\3.46\pic18-lt\cxx-framework\src\traditional\proc\p18f2550.asm
                   STATUS   0x000fd8       data     extern E:\3.46\pic18-lt\cxx-framework\src\traditional\proc\p18f2550.asm
               STATUSbits   0x000fd8       data     extern E:\3.46\pic18-lt\cxx-framework\src\traditional\proc\p18f2550.asm
                   STKPTR   0x000ffc       data     extern E:\3.46\pic18-lt\cxx-framework\src\traditional\proc\p18f2550.asm
               STKPTRbits   0x000ffc       data     extern E:\3.46\pic18-lt\cxx-framework\src\traditional\proc\p18f2550.asm
                 SetupPkt   0x000420       data     extern D:\Programas\lcd smartie\4x40 lcd\4x40-Bench-LCD-with-USB-C-interface\pic18F2550 code\source\4x40\system\usb\usbmmap.c
                    T0CON   0x000fd5       data     extern E:\3.46\pic18-lt\cxx-framework\src\traditional\proc\p18f2550.asm
                T0CONbits   0x000fd5       data     extern E:\3.46\pic18-lt\cxx-framework\src\traditional\proc\p18f2550.asm
                    T1CON   0x000fcd       data     extern E:\3.46\pic18-lt\cxx-framework\src\traditional\proc\p18f2550.asm
                T1CONbits   0x000fcd       data     extern E:\3.46\pic18-lt\cxx-framework\src\traditional\proc\p18f2550.asm
                    T2CON   0x000fca       data     extern E:\3.46\pic18-lt\cxx-framework\src\traditional\proc\p18f2550.asm
                T2CONbits   0x000fca       data     extern E:\3.46\pic18-lt\cxx-framework\src\traditional\proc\p18f2550.asm
                    T3CON   0x000fb1       data     extern E:\3.46\pic18-lt\cxx-framework\src\traditional\proc\p18f2550.asm
                T3CONbits   0x000fb1       data     extern E:\3.46\pic18-lt\cxx-framework\src\traditional\proc\p18f2550.asm
                   TABLAT   0x000ff5       data     extern E:\3.46\pic18-lt\cxx-framework\src\traditional\proc\p18f2550.asm
                   TBLPTR   0x000ff6       data     extern E:\3.46\pic18-lt\cxx-framework\src\traditional\proc\p18f2550.asm
                  TBLPTRH   0x000ff7       data     extern E:\3.46\pic18-lt\cxx-framework\src\traditional\proc\p18f2550.asm
                  TBLPTRL   0x000ff6       data     extern E:\3.46\pic18-lt\cxx-framework\src\traditional\proc\p18f2550.asm
                  TBLPTRU   0x000ff8       data     extern E:\3.46\pic18-lt\cxx-framework\src\traditional\proc\p18f2550.asm
                    TMR0H   0x000fd7       data     extern E:\3.46\pic18-lt\cxx-framework\src\traditional\proc\p18f2550.asm
                    TMR0L   0x000fd6       data     extern E:\3.46\pic18-lt\cxx-framework\src\traditional\proc\p18f2550.asm
                    TMR1H   0x000fcf       data     extern E:\3.46\pic18-lt\cxx-framework\src\traditional\proc\p18f2550.asm
                    TMR1L   0x000fce       data     extern E:\3.46\pic18-lt\cxx-framework\src\traditional\proc\p18f2550.asm
                     TMR2   0x000fcc       data     extern E:\3.46\pic18-lt\cxx-framework\src\traditional\proc\p18f2550.asm
                    TMR3H   0x000fb3       data     extern E:\3.46\pic18-lt\cxx-framework\src\traditional\proc\p18f2550.asm
                    TMR3L   0x000fb2       data     extern E:\3.46\pic18-lt\cxx-framework\src\traditional\proc\p18f2550.asm
                      TOS   0x000ffd       data     extern E:\3.46\pic18-lt\cxx-framework\src\traditional\proc\p18f2550.asm
                     TOSH   0x000ffe       data     extern E:\3.46\pic18-lt\cxx-framework\src\traditional\proc\p18f2550.asm
                     TOSL   0x000ffd       data     extern E:\3.46\pic18-lt\cxx-framework\src\traditional\proc\p18f2550.asm
                     TOSU   0x000fff       data     extern E:\3.46\pic18-lt\cxx-framework\src\traditional\proc\p18f2550.asm
                    TRISA   0x000f92       data     extern E:\3.46\pic18-lt\cxx-framework\src\traditional\proc\p18f2550.asm
                TRISAbits   0x000f92       data     extern E:\3.46\pic18-lt\cxx-framework\src\traditional\proc\p18f2550.asm
                    TRISB   0x000f93       data     extern E:\3.46\pic18-lt\cxx-framework\src\traditional\proc\p18f2550.asm
                TRISBbits   0x000f93       data     extern E:\3.46\pic18-lt\cxx-framework\src\traditional\proc\p18f2550.asm
                    TRISC   0x000f94       data     extern E:\3.46\pic18-lt\cxx-framework\src\traditional\proc\p18f2550.asm
                TRISCbits   0x000f94       data     extern E:\3.46\pic18-lt\cxx-framework\src\traditional\proc\p18f2550.asm
                    TXREG   0x000fad       data     extern E:\3.46\pic18-lt\cxx-framework\src\traditional\proc\p18f2550.asm
                    TXSTA   0x000fac       data     extern E:\3.46\pic18-lt\cxx-framework\src\traditional\proc\p18f2550.asm
                TXSTAbits   0x000fac       data     extern E:\3.46\pic18-lt\cxx-framework\src\traditional\proc\p18f2550.asm
                    UADDR   0x000f6e       data     extern E:\3.46\pic18-lt\cxx-framework\src\traditional\proc\p18f2550.asm
                UADDRbits   0x000f6e       data     extern E:\3.46\pic18-lt\cxx-framework\src\traditional\proc\p18f2550.asm
                     UCFG   0x000f6f       data     extern E:\3.46\pic18-lt\cxx-framework\src\traditional\proc\p18f2550.asm
                 UCFGbits   0x000f6f       data     extern E:\3.46\pic18-lt\cxx-framework\src\traditional\proc\p18f2550.asm
                     UCON   0x000f6d       data     extern E:\3.46\pic18-lt\cxx-framework\src\traditional\proc\p18f2550.asm
                 UCONbits   0x000f6d       data     extern E:\3.46\pic18-lt\cxx-framework\src\traditional\proc\p18f2550.asm
                     UEIE   0x000f6b       data     extern E:\3.46\pic18-lt\cxx-framework\src\traditional\proc\p18f2550.asm
                 UEIEbits   0x000f6b       data     extern E:\3.46\pic18-lt\cxx-framework\src\traditional\proc\p18f2550.asm
                     UEIR   0x000f6a       data     extern E:\3.46\pic18-lt\cxx-framework\src\traditional\proc\p18f2550.asm
                 UEIRbits   0x000f6a       data     extern E:\3.46\pic18-lt\cxx-framework\src\traditional\proc\p18f2550.asm
                     UEP0   0x000f70       data     extern E:\3.46\pic18-lt\cxx-framework\src\traditional\proc\p18f2550.asm
                 UEP0bits   0x000f70       data     extern E:\3.46\pic18-lt\cxx-framework\src\traditional\proc\p18f2550.asm
                     UEP1   0x000f71       data     extern E:\3.46\pic18-lt\cxx-framework\src\traditional\proc\p18f2550.asm
                    UEP10   0x000f7a       data     extern E:\3.46\pic18-lt\cxx-framework\src\traditional\proc\p18f2550.asm
                UEP10bits   0x000f7a       data     extern E:\3.46\pic18-lt\cxx-framework\src\traditional\proc\p18f2550.asm
                    UEP11   0x000f7b       data     extern E:\3.46\pic18-lt\cxx-framework\src\traditional\proc\p18f2550.asm
                UEP11bits   0x000f7b       data     extern E:\3.46\pic18-lt\cxx-framework\src\traditional\proc\p18f2550.asm
                    UEP12   0x000f7c       data     extern E:\3.46\pic18-lt\cxx-framework\src\traditional\proc\p18f2550.asm
                UEP12bits   0x000f7c       data     extern E:\3.46\pic18-lt\cxx-framework\src\traditional\proc\p18f2550.asm
                    UEP13   0x000f7d       data     extern E:\3.46\pic18-lt\cxx-framework\src\traditional\proc\p18f2550.asm
                UEP13bits   0x000f7d       data     extern E:\3.46\pic18-lt\cxx-framework\src\traditional\proc\p18f2550.asm
                    UEP14   0x000f7e       data     extern E:\3.46\pic18-lt\cxx-framework\src\traditional\proc\p18f2550.asm
                UEP14bits   0x000f7e       data     extern E:\3.46\pic18-lt\cxx-framework\src\traditional\proc\p18f2550.asm
                    UEP15   0x000f7f       data     extern E:\3.46\pic18-lt\cxx-framework\src\traditional\proc\p18f2550.asm
                UEP15bits   0x000f7f       data     extern E:\3.46\pic18-lt\cxx-framework\src\traditional\proc\p18f2550.asm
                 UEP1bits   0x000f71       data     extern E:\3.46\pic18-lt\cxx-framework\src\traditional\proc\p18f2550.asm
                     UEP2   0x000f72       data     extern E:\3.46\pic18-lt\cxx-framework\src\traditional\proc\p18f2550.asm
                 UEP2bits   0x000f72       data     extern E:\3.46\pic18-lt\cxx-framework\src\traditional\proc\p18f2550.asm
                     UEP3   0x000f73       data     extern E:\3.46\pic18-lt\cxx-framework\src\traditional\proc\p18f2550.asm
                 UEP3bits   0x000f73       data     extern E:\3.46\pic18-lt\cxx-framework\src\traditional\proc\p18f2550.asm
                     UEP4   0x000f74       data     extern E:\3.46\pic18-lt\cxx-framework\src\traditional\proc\p18f2550.asm
                 UEP4bits   0x000f74       data     extern E:\3.46\pic18-lt\cxx-framework\src\traditional\proc\p18f2550.asm
                     UEP5   0x000f75       data     extern E:\3.46\pic18-lt\cxx-framework\src\traditional\proc\p18f2550.asm
                 UEP5bits   0x000f75       data     extern E:\3.46\pic18-lt\cxx-framework\src\traditional\proc\p18f2550.asm
                     UEP6   0x000f76       data     extern E:\3.46\pic18-lt\cxx-framework\src\traditional\proc\p18f2550.asm
                 UEP6bits   0x000f76       data     extern E:\3.46\pic18-lt\cxx-framework\src\traditional\proc\p18f2550.asm
                     UEP7   0x000f77       data     extern E:\3.46\pic18-lt\cxx-framework\src\traditional\proc\p18f2550.asm
                 UEP7bits   0x000f77       data     extern E:\3.46\pic18-lt\cxx-framework\src\traditional\proc\p18f2550.asm
                     UEP8   0x000f78       data     extern E:\3.46\pic18-lt\cxx-framework\src\traditional\proc\p18f2550.asm
                 UEP8bits   0x000f78       data     extern E:\3.46\pic18-lt\cxx-framework\src\traditional\proc\p18f2550.asm
                     UEP9   0x000f79       data     extern E:\3.46\pic18-lt\cxx-framework\src\traditional\proc\p18f2550.asm
                 UEP9bits   0x000f79       data     extern E:\3.46\pic18-lt\cxx-framework\src\traditional\proc\p18f2550.asm
                     UFRM   0x000f66       data     extern E:\3.46\pic18-lt\cxx-framework\src\traditional\proc\p18f2550.asm
                    UFRMH   0x000f67       data     extern E:\3.46\pic18-lt\cxx-framework\src\traditional\proc\p18f2550.asm
                UFRMHbits   0x000f67       data     extern E:\3.46\pic18-lt\cxx-framework\src\traditional\proc\p18f2550.asm
                    UFRML   0x000f66       data     extern E:\3.46\pic18-lt\cxx-framework\src\traditional\proc\p18f2550.asm
                UFRMLbits   0x000f66       data     extern E:\3.46\pic18-lt\cxx-framework\src\traditional\proc\p18f2550.asm
                      UIE   0x000f69       data     extern E:\3.46\pic18-lt\cxx-framework\src\traditional\proc\p18f2550.asm
                  UIEbits   0x000f69       data     extern E:\3.46\pic18-lt\cxx-framework\src\traditional\proc\p18f2550.asm
                      UIR   0x000f68       data     extern E:\3.46\pic18-lt\cxx-framework\src\traditional\proc\p18f2550.asm
                  UIRbits   0x000f68       data     extern E:\3.46\pic18-lt\cxx-framework\src\traditional\proc\p18f2550.asm
                    USTAT   0x000f6c       data     extern E:\3.46\pic18-lt\cxx-framework\src\traditional\proc\p18f2550.asm
                USTATbits   0x000f6c       data     extern E:\3.46\pic18-lt\cxx-framework\src\traditional\proc\p18f2550.asm
                   WDTCON   0x000fd1       data     extern E:\3.46\pic18-lt\cxx-framework\src\traditional\proc\p18f2550.asm
               WDTCONbits   0x000fd1       data     extern E:\3.46\pic18-lt\cxx-framework\src\traditional\proc\p18f2550.asm
                     WREG   0x000fe8       data     extern E:\3.46\pic18-lt\cxx-framework\src\traditional\proc\p18f2550.asm
                __FPFLAGS   0x000005       data     extern E:\3.46\pic18-lt\cxx-framework\src\traditional\math\cmath18.asm
            __FPFLAGSbits   0x000005       data     extern E:\3.46\pic18-lt\cxx-framework\src\traditional\math\cmath18.asm
                  __tmp_0   0x000000       data     static D:\Programas\lcd smartie\4x40 lcd\4x40-Bench-LCD-with-USB-C-interface\pic18F2550 code\source\4x40\system\usb\usb9\usb9.c
                  __tmp_0   0x000000       data     static D:\Programas\lcd smartie\4x40 lcd\4x40-Bench-LCD-with-USB-C-interface\pic18F2550 code\source\4x40\system\usb\usbctrltrf\usbctrltrf.c
                  __tmp_0   0x000000       data     static D:\Programas\lcd smartie\4x40 lcd\4x40-Bench-LCD-with-USB-C-interface\pic18F2550 code\source\4x40\user\user.c
                  __tmp_0   0x000000       data     static D:\Programas\lcd smartie\4x40 lcd\4x40-Bench-LCD-with-USB-C-interface\pic18F2550 code\source\4x40\system\usb\class\cdc\cdc.c
                backlight   0x0000f7       data     extern D:\Programas\lcd smartie\4x40 lcd\4x40-Bench-LCD-with-USB-C-interface\pic18F2550 code\source\4x40\user\user.c
              cdc_data_rx   0x000508       data     extern D:\Programas\lcd smartie\4x40 lcd\4x40-Bench-LCD-with-USB-C-interface\pic18F2550 code\source\4x40\system\usb\usbmmap.c
              cdc_data_tx   0x000548       data     extern D:\Programas\lcd smartie\4x40 lcd\4x40-Bench-LCD-with-USB-C-interface\pic18F2550 code\source\4x40\system\usb\usbmmap.c
             cdc_mem_type   0x000107       data     extern D:\Programas\lcd smartie\4x40 lcd\4x40-Bench-LCD-with-USB-C-interface\pic18F2550 code\source\4x40\system\usb\class\cdc\cdc.c
               cdc_notice   0x000500       data     extern D:\Programas\lcd smartie\4x40 lcd\4x40-Bench-LCD-with-USB-C-interface\pic18F2550 code\source\4x40\system\usb\usbmmap.c
               cdc_rx_len   0x000100       data     extern D:\Programas\lcd smartie\4x40 lcd\4x40-Bench-LCD-with-USB-C-interface\pic18F2550 code\source\4x40\system\usb\class\cdc\cdc.c
            cdc_trf_state   0x000101       data     extern D:\Programas\lcd smartie\4x40 lcd\4x40-Bench-LCD-with-USB-C-interface\pic18F2550 code\source\4x40\system\usb\class\cdc\cdc.c
               cdc_tx_len   0x000106       data     extern D:\Programas\lcd smartie\4x40 lcd\4x40-Bench-LCD-with-USB-C-interface\pic18F2550 code\source\4x40\system\usb\class\cdc\cdc.c
                      col   0x0000ec       data     extern D:\Programas\lcd smartie\4x40 lcd\4x40-Bench-LCD-with-USB-C-interface\pic18F2550 code\source\4x40\user\user.c
                 contrast   0x0000f8       data     extern D:\Programas\lcd smartie\4x40 lcd\4x40-Bench-LCD-with-USB-C-interface\pic18F2550 code\source\4x40\user\user.c
    control_signal_bitmap   0x00010f       data     extern D:\Programas\lcd smartie\4x40 lcd\4x40-Bench-LCD-with-USB-C-interface\pic18F2550 code\source\4x40\system\usb\class\cdc\cdc.c
               controller   0x0000e5       data     extern D:\Programas\lcd smartie\4x40 lcd\4x40-Bench-LCD-with-USB-C-interface\pic18F2550 code\source\4x40\user\user.c
   ctrl_trf_session_owner   0x000141       data     extern D:\Programas\lcd smartie\4x40 lcd\4x40-Bench-LCD-with-USB-C-interface\pic18F2550 code\source\4x40\system\usb\usbctrltrf\usbctrltrf.c
           ctrl_trf_state   0x000140       data     extern D:\Programas\lcd smartie\4x40 lcd\4x40-Bench-LCD-with-USB-C-interface\pic18F2550 code\source\4x40\system\usb\usbctrltrf\usbctrltrf.c
                curr_byte   0x000139       data     static E:\3.46\pic18-lt\cxx-framework\src\traditional\startup\c018i.c
               curr_entry   0x00013b       data     static E:\3.46\pic18-lt\cxx-framework\src\traditional\startup\c018i.c
                   custom   0x0000ee       data     extern D:\Programas\lcd smartie\4x40 lcd\4x40-Bench-LCD-with-USB-C-interface\pic18F2550 code\source\4x40\user\user.c
               customdone   0x0000eb       data     extern D:\Programas\lcd smartie\4x40 lcd\4x40-Bench-LCD-with-USB-C-interface\pic18F2550 code\source\4x40\user\user.c
                 data_ptr   0x00013d       data     static E:\3.46\pic18-lt\cxx-framework\src\traditional\startup\c018i.c
              delay_count   0x0000fe       data     static D:\Programas\lcd smartie\4x40 lcd\4x40-Bench-LCD-with-USB-C-interface\pic18F2550 code\source\4x40\system\usb\usbdrv\usbdrv.c
dummy_encapsulated_cmd_response   0x000113       data     extern D:\Programas\lcd smartie\4x40 lcd\4x40-Bench-LCD-with-USB-C-interface\pic18F2550 code\source\4x40\system\usb\class\cdc\cdc.c
                    ep0Bi   0x000404       data     extern D:\Programas\lcd smartie\4x40 lcd\4x40-Bench-LCD-with-USB-C-interface\pic18F2550 code\source\4x40\system\usb\usbmmap.c
                    ep0Bo   0x000400       data     extern D:\Programas\lcd smartie\4x40 lcd\4x40-Bench-LCD-with-USB-C-interface\pic18F2550 code\source\4x40\system\usb\usbmmap.c
                    ep1Bi   0x00040c       data     extern D:\Programas\lcd smartie\4x40 lcd\4x40-Bench-LCD-with-USB-C-interface\pic18F2550 code\source\4x40\system\usb\usbmmap.c
                    ep1Bo   0x000408       data     extern D:\Programas\lcd smartie\4x40 lcd\4x40-Bench-LCD-with-USB-C-interface\pic18F2550 code\source\4x40\system\usb\usbmmap.c
                    ep2Bi   0x000414       data     extern D:\Programas\lcd smartie\4x40 lcd\4x40-Bench-LCD-with-USB-C-interface\pic18F2550 code\source\4x40\system\usb\usbmmap.c
                    ep2Bo   0x000410       data     extern D:\Programas\lcd smartie\4x40 lcd\4x40-Bench-LCD-with-USB-C-interface\pic18F2550 code\source\4x40\system\usb\usbmmap.c
                    ep3Bi   0x00041c       data     extern D:\Programas\lcd smartie\4x40 lcd\4x40-Bench-LCD-with-USB-C-interface\pic18F2550 code\source\4x40\system\usb\usbmmap.c
                    ep3Bo   0x000418       data     extern D:\Programas\lcd smartie\4x40 lcd\4x40-Bench-LCD-with-USB-C-interface\pic18F2550 code\source\4x40\system\usb\usbmmap.c
                        i   0x0000e3       data     extern D:\Programas\lcd smartie\4x40 lcd\4x40-Bench-LCD-with-USB-C-interface\pic18F2550 code\source\4x40\user\user.c
             input_buffer   0x000063       data     extern D:\Programas\lcd smartie\4x40 lcd\4x40-Bench-LCD-with-USB-C-interface\pic18F2550 code\source\4x40\user\user.c
        input_buffer_char   0x000062       data     extern D:\Programas\lcd smartie\4x40 lcd\4x40-Bench-LCD-with-USB-C-interface\pic18F2550 code\source\4x40\user\user.c
     input_buffer_pointer   0x000060       data     extern D:\Programas\lcd smartie\4x40 lcd\4x40-Bench-LCD-with-USB-C-interface\pic18F2550 code\source\4x40\user\user.c
        input_buffer_size   0x000061       data     extern D:\Programas\lcd smartie\4x40 lcd\4x40-Bench-LCD-with-USB-C-interface\pic18F2550 code\source\4x40\user\user.c
              line_coding   0x000108       data     extern D:\Programas\lcd smartie\4x40 lcd\4x40-Bench-LCD-with-USB-C-interface\pic18F2550 code\source\4x40\system\usb\class\cdc\cdc.c
                 nextchar   0x0000e9       data     extern D:\Programas\lcd smartie\4x40 lcd\4x40-Bench-LCD-with-USB-C-interface\pic18F2550 code\source\4x40\user\user.c
                  onebyte   0x0000ea       data     extern D:\Programas\lcd smartie\4x40 lcd\4x40-Bench-LCD-with-USB-C-interface\pic18F2550 code\source\4x40\user\user.c
            output_buffer   0x0000a3       data     extern D:\Programas\lcd smartie\4x40 lcd\4x40-Bench-LCD-with-USB-C-interface\pic18F2550 code\source\4x40\user\user.c
                  pCDCDst   0x000104       data     extern D:\Programas\lcd smartie\4x40 lcd\4x40-Bench-LCD-with-USB-C-interface\pic18F2550 code\source\4x40\system\usb\class\cdc\cdc.c
                  pCDCSrc   0x000102       data     extern D:\Programas\lcd smartie\4x40 lcd\4x40-Bench-LCD-with-USB-C-interface\pic18F2550 code\source\4x40\system\usb\class\cdc\cdc.c
                     pDst   0x000144       data     extern D:\Programas\lcd smartie\4x40 lcd\4x40-Bench-LCD-with-USB-C-interface\pic18F2550 code\source\4x40\system\usb\usbctrltrf\usbctrltrf.c
                     pSrc   0x000142       data     extern D:\Programas\lcd smartie\4x40 lcd\4x40-Bench-LCD-with-USB-C-interface\pic18F2550 code\source\4x40\system\usb\usbctrltrf\usbctrltrf.c
                 position   0x0000f9       data     extern D:\Programas\lcd smartie\4x40 lcd\4x40-Bench-LCD-with-USB-C-interface\pic18F2550 code\source\4x40\user\user.c
                     prom   0x000136       data     static E:\3.46\pic18-lt\cxx-framework\src\traditional\startup\c018i.c
                      row   0x0000ed       data     extern D:\Programas\lcd smartie\4x40 lcd\4x40-Bench-LCD-with-USB-C-interface\pic18F2550 code\source\4x40\user\user.c
           savecontroller   0x0000e4       data     extern D:\Programas\lcd smartie\4x40 lcd\4x40-Bench-LCD-with-USB-C-interface\pic18F2550 code\source\4x40\user\user.c
                    start   0x00011b       data     extern D:\Programas\lcd smartie\4x40 lcd\4x40-Bench-LCD-with-USB-C-interface\pic18F2550 code\source\4x40\user\user.c
                transient   0x0000e6       data     extern D:\Programas\lcd smartie\4x40 lcd\4x40-Bench-LCD-with-USB-C-interface\pic18F2550 code\source\4x40\user\user.c
           usb_active_cfg   0x0000fc       data     extern D:\Programas\lcd smartie\4x40 lcd\4x40-Bench-LCD-with-USB-C-interface\pic18F2550 code\source\4x40\system\usb\usbmmap.c
             usb_alt_intf   0x0000fd       data     extern D:\Programas\lcd smartie\4x40 lcd\4x40-Bench-LCD-with-USB-C-interface\pic18F2550 code\source\4x40\system\usb\usbmmap.c
         usb_device_state   0x0000fa       data     extern D:\Programas\lcd smartie\4x40 lcd\4x40-Bench-LCD-with-USB-C-interface\pic18F2550 code\source\4x40\system\usb\usbmmap.c
                 usb_stat   0x0000fb       data     extern D:\Programas\lcd smartie\4x40 lcd\4x40-Bench-LCD-with-USB-C-interface\pic18F2550 code\source\4x40\system\usb\usbmmap.c
                   wCount   0x000146       data     extern D:\Programas\lcd smartie\4x40 lcd\4x40-Bench-LCD-with-USB-C-interface\pic18F2550 code\source\4x40\system\usb\usbctrltrf\usbctrltrf.c



                              Symbols - Sorted by Address
                     Name    Address   Location    Storage File                     
                ---------  ---------  ---------  --------- ---------                
                   _entry   0x000000    program     extern E:\3.46\pic18-lt\cxx-framework\src\traditional\startup\c018i.c
       ___return_lbl00000   0x000004    program     static                          
                 UserInit   0x000038    program     extern D:\Programas\lcd smartie\4x40 lcd\4x40-Bench-LCD-with-USB-C-interface\pic18F2550 code\source\4x40\user\user.c
                ProcessIO   0x000084    program     extern D:\Programas\lcd smartie\4x40 lcd\4x40-Bench-LCD-with-USB-C-interface\pic18F2550 code\source\4x40\user\user.c
                 setupLCD   0x0000b6    program     extern D:\Programas\lcd smartie\4x40 lcd\4x40-Bench-LCD-with-USB-C-interface\pic18F2550 code\source\4x40\user\user.c
                  sortCMD   0x00016e    program     extern D:\Programas\lcd smartie\4x40 lcd\4x40-Bench-LCD-with-USB-C-interface\pic18F2550 code\source\4x40\user\user.c
              whatcommand   0x0002e0    program     extern D:\Programas\lcd smartie\4x40 lcd\4x40-Bench-LCD-with-USB-C-interface\pic18F2550 code\source\4x40\user\user.c
                LCDcustom   0x000354    program     extern D:\Programas\lcd smartie\4x40 lcd\4x40-Bench-LCD-with-USB-C-interface\pic18F2550 code\source\4x40\user\user.c
                  LCDbusy   0x0003d6    program     extern D:\Programas\lcd smartie\4x40 lcd\4x40-Bench-LCD-with-USB-C-interface\pic18F2550 code\source\4x40\user\user.c
           ___if_lbl00094   0x000456    program     static                          
       ___return_lbl00093   0x00045a    program     static                          
                     LCDw   0x00045c    program     extern D:\Programas\lcd smartie\4x40 lcd\4x40-Bench-LCD-with-USB-C-interface\pic18F2550 code\source\4x40\user\user.c
       ___case_1_lbl00097   0x00047a    program     static                          
       ___case_2_lbl00098   0x00047e    program     static                          
       ___case_3_lbl00099   0x000482    program     static                          
   ___switchexit_lbl00096   0x000488    program     static                          
       ___return_lbl00095   0x0004ae    program     static                          
                    LCDch   0x0004b6    program     extern D:\Programas\lcd smartie\4x40 lcd\4x40-Bench-LCD-with-USB-C-interface\pic18F2550 code\source\4x40\user\user.c
       ___case_1_lbl00102   0x0004dc    program     static                          
       ___case_2_lbl00103   0x0004e0    program     static                          
       ___case_3_lbl00104   0x0004e4    program     static                          
   ___switchexit_lbl00101   0x0004ea    program     static                          
       ___return_lbl00100   0x000512    program     static                          
              LCDposition   0x00051a    program     extern D:\Programas\lcd smartie\4x40 lcd\4x40-Bench-LCD-with-USB-C-interface\pic18F2550 code\source\4x40\user\user.c
                   LCDstr   0x000568    program     extern D:\Programas\lcd smartie\4x40 lcd\4x40-Bench-LCD-with-USB-C-interface\pic18F2550 code\source\4x40\user\user.c
             getnewbuffer   0x0005d0    program     extern D:\Programas\lcd smartie\4x40 lcd\4x40-Bench-LCD-with-USB-C-interface\pic18F2550 code\source\4x40\user\user.c
              getnextbyte   0x0005f6    program     extern D:\Programas\lcd smartie\4x40 lcd\4x40-Bench-LCD-with-USB-C-interface\pic18F2550 code\source\4x40\user\user.c
       clear_input_buffer   0x000620    program     extern D:\Programas\lcd smartie\4x40 lcd\4x40-Bench-LCD-with-USB-C-interface\pic18F2550 code\source\4x40\user\user.c
                   __pa_0   0x000664    program     static D:\Programas\lcd smartie\4x40 lcd\4x40-Bench-LCD-with-USB-C-interface\pic18F2550 code\source\4x40\user\user.c
                   __pa_1   0x00066a    program     static D:\Programas\lcd smartie\4x40 lcd\4x40-Bench-LCD-with-USB-C-interface\pic18F2550 code\source\4x40\user\user.c
                   __pa_2   0x00067c    program     static D:\Programas\lcd smartie\4x40 lcd\4x40-Bench-LCD-with-USB-C-interface\pic18F2550 code\source\4x40\user\user.c
                   __pa_3   0x000688    program     static D:\Programas\lcd smartie\4x40 lcd\4x40-Bench-LCD-with-USB-C-interface\pic18F2550 code\source\4x40\user\user.c
       USBCheckCDCRequest   0x000690    program     extern D:\Programas\lcd smartie\4x40 lcd\4x40-Bench-LCD-with-USB-C-interface\pic18F2550 code\source\4x40\system\usb\class\cdc\cdc.c
                CDCInitEP   0x000734    program     extern D:\Programas\lcd smartie\4x40 lcd\4x40-Bench-LCD-with-USB-C-interface\pic18F2550 code\source\4x40\system\usb\class\cdc\cdc.c
             getsUSBUSART   0x000784    program     extern D:\Programas\lcd smartie\4x40 lcd\4x40-Bench-LCD-with-USB-C-interface\pic18F2550 code\source\4x40\system\usb\class\cdc\cdc.c
             putsUSBUSART   0x000802    program     extern D:\Programas\lcd smartie\4x40 lcd\4x40-Bench-LCD-with-USB-C-interface\pic18F2550 code\source\4x40\system\usb\class\cdc\cdc.c
            putrsUSBUSART   0x000834    program     extern D:\Programas\lcd smartie\4x40 lcd\4x40-Bench-LCD-with-USB-C-interface\pic18F2550 code\source\4x40\system\usb\class\cdc\cdc.c
             CDCTxService   0x000868    program     extern D:\Programas\lcd smartie\4x40 lcd\4x40-Bench-LCD-with-USB-C-interface\pic18F2550 code\source\4x40\system\usb\class\cdc\cdc.c
                   __pa_0   0x000916    program     static D:\Programas\lcd smartie\4x40 lcd\4x40-Bench-LCD-with-USB-C-interface\pic18F2550 code\source\4x40\system\usb\class\cdc\cdc.c
                   __pa_1   0x000944    program     static D:\Programas\lcd smartie\4x40 lcd\4x40-Bench-LCD-with-USB-C-interface\pic18F2550 code\source\4x40\system\usb\class\cdc\cdc.c
                   __pa_2   0x00095c    program     static D:\Programas\lcd smartie\4x40 lcd\4x40-Bench-LCD-with-USB-C-interface\pic18F2550 code\source\4x40\system\usb\class\cdc\cdc.c
                   __pa_3   0x000968    program     static D:\Programas\lcd smartie\4x40 lcd\4x40-Bench-LCD-with-USB-C-interface\pic18F2550 code\source\4x40\system\usb\class\cdc\cdc.c
                   __pa_4   0x000972    program     static D:\Programas\lcd smartie\4x40 lcd\4x40-Bench-LCD-with-USB-C-interface\pic18F2550 code\source\4x40\system\usb\class\cdc\cdc.c
                   __pa_5   0x000980    program     static D:\Programas\lcd smartie\4x40 lcd\4x40-Bench-LCD-with-USB-C-interface\pic18F2550 code\source\4x40\system\usb\class\cdc\cdc.c
         USBCtrlEPService   0x000988    program     extern D:\Programas\lcd smartie\4x40 lcd\4x40-Bench-LCD-with-USB-C-interface\pic18F2550 code\source\4x40\system\usb\usbctrltrf\usbctrltrf.c
   USBCtrlTrfSetupHandler   0x0009be    program     extern D:\Programas\lcd smartie\4x40 lcd\4x40-Bench-LCD-with-USB-C-interface\pic18F2550 code\source\4x40\system\usb\usbctrltrf\usbctrltrf.c
     USBCtrlTrfOutHandler   0x000a22    program     extern D:\Programas\lcd smartie\4x40 lcd\4x40-Bench-LCD-with-USB-C-interface\pic18F2550 code\source\4x40\system\usb\usbctrltrf\usbctrltrf.c
      USBCtrlTrfInHandler   0x000a40    program     extern D:\Programas\lcd smartie\4x40 lcd\4x40-Bench-LCD-with-USB-C-interface\pic18F2550 code\source\4x40\system\usb\usbctrltrf\usbctrltrf.c
      USBCtrlTrfTxService   0x000a76    program     extern D:\Programas\lcd smartie\4x40 lcd\4x40-Bench-LCD-with-USB-C-interface\pic18F2550 code\source\4x40\system\usb\usbctrltrf\usbctrltrf.c
      USBCtrlTrfRxService   0x000afc    program     extern D:\Programas\lcd smartie\4x40 lcd\4x40-Bench-LCD-with-USB-C-interface\pic18F2550 code\source\4x40\system\usb\usbctrltrf\usbctrltrf.c
 USBCtrlEPServiceComplete   0x000b50    program     extern D:\Programas\lcd smartie\4x40 lcd\4x40-Bench-LCD-with-USB-C-interface\pic18F2550 code\source\4x40\system\usb\usbctrltrf\usbctrltrf.c
USBPrepareForNextSetupTrf   0x000bc2    program     extern D:\Programas\lcd smartie\4x40 lcd\4x40-Bench-LCD-with-USB-C-interface\pic18F2550 code\source\4x40\system\usb\usbctrltrf\usbctrltrf.c
                   __pa_0   0x000bd2    program     static D:\Programas\lcd smartie\4x40 lcd\4x40-Bench-LCD-with-USB-C-interface\pic18F2550 code\source\4x40\system\usb\usbctrltrf\usbctrltrf.c
                   __pa_1   0x000be2    program     static D:\Programas\lcd smartie\4x40 lcd\4x40-Bench-LCD-with-USB-C-interface\pic18F2550 code\source\4x40\system\usb\usbctrltrf\usbctrltrf.c
                   __pa_2   0x000bf2    program     static D:\Programas\lcd smartie\4x40 lcd\4x40-Bench-LCD-with-USB-C-interface\pic18F2550 code\source\4x40\system\usb\usbctrltrf\usbctrltrf.c
                   __pa_3   0x000c00    program     static D:\Programas\lcd smartie\4x40 lcd\4x40-Bench-LCD-with-USB-C-interface\pic18F2550 code\source\4x40\system\usb\usbctrltrf\usbctrltrf.c
                   __pa_4   0x000c0e    program     static D:\Programas\lcd smartie\4x40 lcd\4x40-Bench-LCD-with-USB-C-interface\pic18F2550 code\source\4x40\system\usb\usbctrltrf\usbctrltrf.c
                   __pa_5   0x000c16    program     static D:\Programas\lcd smartie\4x40 lcd\4x40-Bench-LCD-with-USB-C-interface\pic18F2550 code\source\4x40\system\usb\usbctrltrf\usbctrltrf.c
       USBCheckStdRequest   0x000c26    program     extern D:\Programas\lcd smartie\4x40 lcd\4x40-Bench-LCD-with-USB-C-interface\pic18F2550 code\source\4x40\system\usb\usb9\usb9.c
      USBStdGetDscHandler   0x000cc4    program     extern D:\Programas\lcd smartie\4x40 lcd\4x40-Bench-LCD-with-USB-C-interface\pic18F2550 code\source\4x40\system\usb\usb9\usb9.c
      USBStdSetCfgHandler   0x000d32    program     extern D:\Programas\lcd smartie\4x40 lcd\4x40-Bench-LCD-with-USB-C-interface\pic18F2550 code\source\4x40\system\usb\usb9\usb9.c
   USBStdGetStatusHandler   0x000d68    program     extern D:\Programas\lcd smartie\4x40 lcd\4x40-Bench-LCD-with-USB-C-interface\pic18F2550 code\source\4x40\system\usb\usb9\usb9.c
  USBStdFeatureReqHandler   0x000dcc    program     extern D:\Programas\lcd smartie\4x40 lcd\4x40-Bench-LCD-with-USB-C-interface\pic18F2550 code\source\4x40\system\usb\usb9\usb9.c
                   __pa_0   0x000e2e    program     static D:\Programas\lcd smartie\4x40 lcd\4x40-Bench-LCD-with-USB-C-interface\pic18F2550 code\source\4x40\system\usb\usb9\usb9.c
                   __pa_1   0x000e46    program     static D:\Programas\lcd smartie\4x40 lcd\4x40-Bench-LCD-with-USB-C-interface\pic18F2550 code\source\4x40\system\usb\usb9\usb9.c
                   __pa_2   0x000e58    program     static D:\Programas\lcd smartie\4x40 lcd\4x40-Bench-LCD-with-USB-C-interface\pic18F2550 code\source\4x40\system\usb\usb9\usb9.c
                   __pa_3   0x000e6a    program     static D:\Programas\lcd smartie\4x40 lcd\4x40-Bench-LCD-with-USB-C-interface\pic18F2550 code\source\4x40\system\usb\usb9\usb9.c
                   __pa_4   0x000e7a    program     static D:\Programas\lcd smartie\4x40 lcd\4x40-Bench-LCD-with-USB-C-interface\pic18F2550 code\source\4x40\system\usb\usb9\usb9.c
                   __pa_5   0x000e88    program     static D:\Programas\lcd smartie\4x40 lcd\4x40-Bench-LCD-with-USB-C-interface\pic18F2550 code\source\4x40\system\usb\usb9\usb9.c
                   __pa_6   0x000e92    program     static D:\Programas\lcd smartie\4x40 lcd\4x40-Bench-LCD-with-USB-C-interface\pic18F2550 code\source\4x40\system\usb\usb9\usb9.c
                   __pa_7   0x000e9a    program     static D:\Programas\lcd smartie\4x40 lcd\4x40-Bench-LCD-with-USB-C-interface\pic18F2550 code\source\4x40\system\usb\usb9\usb9.c
        USBCheckBusStatus   0x000ea2    program     extern D:\Programas\lcd smartie\4x40 lcd\4x40-Bench-LCD-with-USB-C-interface\pic18F2550 code\source\4x40\system\usb\usbdrv\usbdrv.c
          USBModuleEnable   0x000ebe    program     extern D:\Programas\lcd smartie\4x40 lcd\4x40-Bench-LCD-with-USB-C-interface\pic18F2550 code\source\4x40\system\usb\usbdrv\usbdrv.c
         USBModuleDisable   0x000ecc    program     extern D:\Programas\lcd smartie\4x40 lcd\4x40-Bench-LCD-with-USB-C-interface\pic18F2550 code\source\4x40\system\usb\usbdrv\usbdrv.c
            USBSoftDetach   0x000ed6    program     extern D:\Programas\lcd smartie\4x40 lcd\4x40-Bench-LCD-with-USB-C-interface\pic18F2550 code\source\4x40\system\usb\usbdrv\usbdrv.c
         USBDriverService   0x000eda    program     extern D:\Programas\lcd smartie\4x40 lcd\4x40-Bench-LCD-with-USB-C-interface\pic18F2550 code\source\4x40\system\usb\usbdrv\usbdrv.c
               USBSuspend   0x000f58    program     extern D:\Programas\lcd smartie\4x40 lcd\4x40-Bench-LCD-with-USB-C-interface\pic18F2550 code\source\4x40\system\usb\usbdrv\usbdrv.c
       ___return_lbl00028   0x000f66    program     static                          
       USBWakeFromSuspend   0x000f68    program     extern D:\Programas\lcd smartie\4x40 lcd\4x40-Bench-LCD-with-USB-C-interface\pic18F2550 code\source\4x40\system\usb\usbdrv\usbdrv.c
          USBRemoteWakeup   0x000f70    program     extern D:\Programas\lcd smartie\4x40 lcd\4x40-Bench-LCD-with-USB-C-interface\pic18F2550 code\source\4x40\system\usb\usbdrv\usbdrv.c
          USB_SOF_Handler   0x000f94    program     extern D:\Programas\lcd smartie\4x40 lcd\4x40-Bench-LCD-with-USB-C-interface\pic18F2550 code\source\4x40\system\usb\usbdrv\usbdrv.c
          USBStallHandler   0x000f98    program     extern D:\Programas\lcd smartie\4x40 lcd\4x40-Bench-LCD-with-USB-C-interface\pic18F2550 code\source\4x40\system\usb\usbdrv\usbdrv.c
          USBErrorHandler   0x000fa6    program     extern D:\Programas\lcd smartie\4x40 lcd\4x40-Bench-LCD-with-USB-C-interface\pic18F2550 code\source\4x40\system\usb\usbdrv\usbdrv.c
  USBProtocolResetHandler   0x000faa    program     extern D:\Programas\lcd smartie\4x40 lcd\4x40-Bench-LCD-with-USB-C-interface\pic18F2550 code\source\4x40\system\usb\usbdrv\usbdrv.c
               ClearArray   0x000fee    program     extern D:\Programas\lcd smartie\4x40 lcd\4x40-Bench-LCD-with-USB-C-interface\pic18F2550 code\source\4x40\system\usb\usbdrv\usbdrv.c
        ___while_lbl00043   0x001002    program     static                          
        ___while_lbl00044   0x001010    program     static                          
       ___return_lbl00042   0x001010    program     static                          
               device_dsc   0x001018    program     extern D:\Programas\lcd smartie\4x40 lcd\4x40-Bench-LCD-with-USB-C-interface\pic18F2550 code\source\4x40\autofiles\usbdsc.c
                    cfg01   0x00102a    program     extern D:\Programas\lcd smartie\4x40 lcd\4x40-Bench-LCD-with-USB-C-interface\pic18F2550 code\source\4x40\autofiles\usbdsc.c
[...]
                 LATCbits   0x000f8b       data     extern E:\3.46\pic18-lt\cxx-framework\src\traditional\proc\p18f2550.asm
                    TRISA   0x000f92       data     extern E:\3.46\pic18-lt\cxx-framework\src\traditional\proc\p18f2550.asm
                TRISAbits   0x000f92       data     extern E:\3.46\pic18-lt\cxx-framework\src\traditional\proc\p18f2550.asm
                     DDRA   0x000f92       data     extern E:\3.46\pic18-lt\cxx-framework\src\traditional\proc\p18f2550.asm
                 DDRAbits   0x000f92       data     extern E:\3.46\pic18-lt\cxx-framework\src\traditional\proc\p18f2550.asm
                TRISBbits   0x000f93       data     extern E:\3.46\pic18-lt\cxx-framework\src\traditional\proc\p18f2550.asm
                     DDRB   0x000f93       data     extern E:\3.46\pic18-lt\cxx-framework\src\traditional\proc\p18f2550.asm
                 DDRBbits   0x000f93       data     extern E:\3.46\pic18-lt\cxx-framework\src\traditional\proc\p18f2550.asm
                    TRISB   0x000f93       data     extern E:\3.46\pic18-lt\cxx-framework\src\traditional\proc\p18f2550.asm
                     DDRC   0x000f94       data     extern E:\3.46\pic18-lt\cxx-framework\src\traditional\proc\p18f2550.asm
                 DDRCbits   0x000f94       data     extern E:\3.46\pic18-lt\cxx-framework\src\traditional\proc\p18f2550.asm
                    TRISC   0x000f94       data     extern E:\3.46\pic18-lt\cxx-framework\src\traditional\proc\p18f2550.asm
                TRISCbits   0x000f94       data     extern E:\3.46\pic18-lt\cxx-framework\src\traditional\proc\p18f2550.asm
                  OSCTUNE   0x000f9b       data     extern E:\3.46\pic18-lt\cxx-framework\src\traditional\proc\p18f2550.asm
              OSCTUNEbits   0x000f9b       data     extern E:\3.46\pic18-lt\cxx-framework\src\traditional\proc\p18f2550.asm
                 PIE1bits   0x000f9d       data     extern E:\3.46\pic18-lt\cxx-framework\src\traditional\proc\p18f2550.asm
                     PIE1   0x000f9d       data     extern E:\3.46\pic18-lt\cxx-framework\src\traditional\proc\p18f2550.asm
                     PIR1   0x000f9e       data     extern E:\3.46\pic18-lt\cxx-framework\src\traditional\proc\p18f2550.asm
                 PIR1bits   0x000f9e       data     extern E:\3.46\pic18-lt\cxx-framework\src\traditional\proc\p18f2550.asm
                 IPR1bits   0x000f9f       data     extern E:\3.46\pic18-lt\cxx-framework\src\traditional\proc\p18f2550.asm
                     IPR1   0x000f9f       data     extern E:\3.46\pic18-lt\cxx-framework\src\traditional\proc\p18f2550.asm
                 PIE2bits   0x000fa0       data     extern E:\3.46\pic18-lt\cxx-framework\src\traditional\proc\p18f2550.asm
                     PIE2   0x000fa0       data     extern E:\3.46\pic18-lt\cxx-framework\src\traditional\proc\p18f2550.asm
                 PIR2bits   0x000fa1       data     extern E:\3.46\pic18-lt\cxx-framework\src\traditional\proc\p18f2550.asm
                     PIR2   0x000fa1       data     extern E:\3.46\pic18-lt\cxx-framework\src\traditional\proc\p18f2550.asm
                 IPR2bits   0x000fa2       data     extern E:\3.46\pic18-lt\cxx-framework\src\traditional\proc\p18f2550.asm
                     IPR2   0x000fa2       data     extern E:\3.46\pic18-lt\cxx-framework\src\traditional\proc\p18f2550.asm
               EECON1bits   0x000fa6       data     extern E:\3.46\pic18-lt\cxx-framework\src\traditional\proc\p18f2550.asm
                   EECON1   0x000fa6       data     extern E:\3.46\pic18-lt\cxx-framework\src\traditional\proc\p18f2550.asm
                   EECON2   0x000fa7       data     extern E:\3.46\pic18-lt\cxx-framework\src\traditional\proc\p18f2550.asm
                   EEDATA   0x000fa8       data     extern E:\3.46\pic18-lt\cxx-framework\src\traditional\proc\p18f2550.asm
                    EEADR   0x000fa9       data     extern E:\3.46\pic18-lt\cxx-framework\src\traditional\proc\p18f2550.asm
                RCSTAbits   0x000fab       data     extern E:\3.46\pic18-lt\cxx-framework\src\traditional\proc\p18f2550.asm
                    RCSTA   0x000fab       data     extern E:\3.46\pic18-lt\cxx-framework\src\traditional\proc\p18f2550.asm
                    TXSTA   0x000fac       data     extern E:\3.46\pic18-lt\cxx-framework\src\traditional\proc\p18f2550.asm
                TXSTAbits   0x000fac       data     extern E:\3.46\pic18-lt\cxx-framework\src\traditional\proc\p18f2550.asm
                    TXREG   0x000fad       data     extern E:\3.46\pic18-lt\cxx-framework\src\traditional\proc\p18f2550.asm
                    RCREG   0x000fae       data     extern E:\3.46\pic18-lt\cxx-framework\src\traditional\proc\p18f2550.asm
                    SPBRG   0x000faf       data     extern E:\3.46\pic18-lt\cxx-framework\src\traditional\proc\p18f2550.asm
                   SPBRGH   0x000fb0       data     extern E:\3.46\pic18-lt\cxx-framework\src\traditional\proc\p18f2550.asm
                T3CONbits   0x000fb1       data     extern E:\3.46\pic18-lt\cxx-framework\src\traditional\proc\p18f2550.asm
                    T3CON   0x000fb1       data     extern E:\3.46\pic18-lt\cxx-framework\src\traditional\proc\p18f2550.asm
                    TMR3L   0x000fb2       data     extern E:\3.46\pic18-lt\cxx-framework\src\traditional\proc\p18f2550.asm
                    TMR3H   0x000fb3       data     extern E:\3.46\pic18-lt\cxx-framework\src\traditional\proc\p18f2550.asm
                    CMCON   0x000fb4       data     extern E:\3.46\pic18-lt\cxx-framework\src\traditional\proc\p18f2550.asm
                CMCONbits   0x000fb4       data     extern E:\3.46\pic18-lt\cxx-framework\src\traditional\proc\p18f2550.asm
                   CVRCON   0x000fb5       data     extern E:\3.46\pic18-lt\cxx-framework\src\traditional\proc\p18f2550.asm
               CVRCONbits   0x000fb5       data     extern E:\3.46\pic18-lt\cxx-framework\src\traditional\proc\p18f2550.asm
                   CCP1AS   0x000fb6       data     extern E:\3.46\pic18-lt\cxx-framework\src\traditional\proc\p18f2550.asm
               CCP1ASbits   0x000fb6       data     extern E:\3.46\pic18-lt\cxx-framework\src\traditional\proc\p18f2550.asm
              ECCP1ASbits   0x000fb6       data     extern E:\3.46\pic18-lt\cxx-framework\src\traditional\proc\p18f2550.asm
                  ECCP1AS   0x000fb6       data     extern E:\3.46\pic18-lt\cxx-framework\src\traditional\proc\p18f2550.asm
                  CCP1DEL   0x000fb7       data     extern E:\3.46\pic18-lt\cxx-framework\src\traditional\proc\p18f2550.asm
              CCP1DELbits   0x000fb7       data     extern E:\3.46\pic18-lt\cxx-framework\src\traditional\proc\p18f2550.asm
                 ECCP1DEL   0x000fb7       data     extern E:\3.46\pic18-lt\cxx-framework\src\traditional\proc\p18f2550.asm
             ECCP1DELbits   0x000fb7       data     extern E:\3.46\pic18-lt\cxx-framework\src\traditional\proc\p18f2550.asm
              BAUDCTLbits   0x000fb8       data     extern E:\3.46\pic18-lt\cxx-framework\src\traditional\proc\p18f2550.asm
                  BAUDCTL   0x000fb8       data     extern E:\3.46\pic18-lt\cxx-framework\src\traditional\proc\p18f2550.asm
              BAUDCONbits   0x000fb8       data     extern E:\3.46\pic18-lt\cxx-framework\src\traditional\proc\p18f2550.asm
                  BAUDCON   0x000fb8       data     extern E:\3.46\pic18-lt\cxx-framework\src\traditional\proc\p18f2550.asm
                  CCP2CON   0x000fba       data     extern E:\3.46\pic18-lt\cxx-framework\src\traditional\proc\p18f2550.asm
              CCP2CONbits   0x000fba       data     extern E:\3.46\pic18-lt\cxx-framework\src\traditional\proc\p18f2550.asm
                    CCPR2   0x000fbb       data     extern E:\3.46\pic18-lt\cxx-framework\src\traditional\proc\p18f2550.asm
                   CCPR2L   0x000fbb       data     extern E:\3.46\pic18-lt\cxx-framework\src\traditional\proc\p18f2550.asm
                   CCPR2H   0x000fbc       data     extern E:\3.46\pic18-lt\cxx-framework\src\traditional\proc\p18f2550.asm
                  CCP1CON   0x000fbd       data     extern E:\3.46\pic18-lt\cxx-framework\src\traditional\proc\p18f2550.asm
              CCP1CONbits   0x000fbd       data     extern E:\3.46\pic18-lt\cxx-framework\src\traditional\proc\p18f2550.asm
                    CCPR1   0x000fbe       data     extern E:\3.46\pic18-lt\cxx-framework\src\traditional\proc\p18f2550.asm
                   CCPR1L   0x000fbe       data     extern E:\3.46\pic18-lt\cxx-framework\src\traditional\proc\p18f2550.asm
                   CCPR1H   0x000fbf       data     extern E:\3.46\pic18-lt\cxx-framework\src\traditional\proc\p18f2550.asm
               ADCON2bits   0x000fc0       data     extern E:\3.46\pic18-lt\cxx-framework\src\traditional\proc\p18f2550.asm
                   ADCON2   0x000fc0       data     extern E:\3.46\pic18-lt\cxx-framework\src\traditional\proc\p18f2550.asm
               ADCON1bits   0x000fc1       data     extern E:\3.46\pic18-lt\cxx-framework\src\traditional\proc\p18f2550.asm
                   ADCON1   0x000fc1       data     extern E:\3.46\pic18-lt\cxx-framework\src\traditional\proc\p18f2550.asm
                   ADCON0   0x000fc2       data     extern E:\3.46\pic18-lt\cxx-framework\src\traditional\proc\p18f2550.asm
               ADCON0bits   0x000fc2       data     extern E:\3.46\pic18-lt\cxx-framework\src\traditional\proc\p18f2550.asm
                    ADRES   0x000fc3       data     extern E:\3.46\pic18-lt\cxx-framework\src\traditional\proc\p18f2550.asm
                   ADRESL   0x000fc3       data     extern E:\3.46\pic18-lt\cxx-framework\src\traditional\proc\p18f2550.asm
                   ADRESH   0x000fc4       data     extern E:\3.46\pic18-lt\cxx-framework\src\traditional\proc\p18f2550.asm
                  SSPCON2   0x000fc5       data     extern E:\3.46\pic18-lt\cxx-framework\src\traditional\proc\p18f2550.asm
              SSPCON2bits   0x000fc5       data     extern E:\3.46\pic18-lt\cxx-framework\src\traditional\proc\p18f2550.asm
                  SSPCON1   0x000fc6       data     extern E:\3.46\pic18-lt\cxx-framework\src\traditional\proc\p18f2550.asm
              SSPCON1bits   0x000fc6       data     extern E:\3.46\pic18-lt\cxx-framework\src\traditional\proc\p18f2550.asm
                  SSPSTAT   0x000fc7       data     extern E:\3.46\pic18-lt\cxx-framework\src\traditional\proc\p18f2550.asm
              SSPSTATbits   0x000fc7       data     extern E:\3.46\pic18-lt\cxx-framework\src\traditional\proc\p18f2550.asm
                   SSPADD   0x000fc8       data     extern E:\3.46\pic18-lt\cxx-framework\src\traditional\proc\p18f2550.asm
                   SSPBUF   0x000fc9       data     extern E:\3.46\pic18-lt\cxx-framework\src\traditional\proc\p18f2550.asm
                T2CONbits   0x000fca       data     extern E:\3.46\pic18-lt\cxx-framework\src\traditional\proc\p18f2550.asm
                    T2CON   0x000fca       data     extern E:\3.46\pic18-lt\cxx-framework\src\traditional\proc\p18f2550.asm
                      PR2   0x000fcb       data     extern E:\3.46\pic18-lt\cxx-framework\src\traditional\proc\p18f2550.asm
                     TMR2   0x000fcc       data     extern E:\3.46\pic18-lt\cxx-framework\src\traditional\proc\p18f2550.asm
                T1CONbits   0x000fcd       data     extern E:\3.46\pic18-lt\cxx-framework\src\traditional\proc\p18f2550.asm
                    T1CON   0x000fcd       data     extern E:\3.46\pic18-lt\cxx-framework\src\traditional\proc\p18f2550.asm
                    TMR1L   0x000fce       data     extern E:\3.46\pic18-lt\cxx-framework\src\traditional\proc\p18f2550.asm
                    TMR1H   0x000fcf       data     extern E:\3.46\pic18-lt\cxx-framework\src\traditional\proc\p18f2550.asm
                     RCON   0x000fd0       data     extern E:\3.46\pic18-lt\cxx-framework\src\traditional\proc\p18f2550.asm
                 RCONbits   0x000fd0       data     extern E:\3.46\pic18-lt\cxx-framework\src\traditional\proc\p18f2550.asm
                   WDTCON   0x000fd1       data     extern E:\3.46\pic18-lt\cxx-framework\src\traditional\proc\p18f2550.asm
               WDTCONbits   0x000fd1       data     extern E:\3.46\pic18-lt\cxx-framework\src\traditional\proc\p18f2550.asm
               LVDCONbits   0x000fd2       data     extern E:\3.46\pic18-lt\cxx-framework\src\traditional\proc\p18f2550.asm
                   LVDCON   0x000fd2       data     extern E:\3.46\pic18-lt\cxx-framework\src\traditional\proc\p18f2550.asm
              HLVDCONbits   0x000fd2       data     extern E:\3.46\pic18-lt\cxx-framework\src\traditional\proc\p18f2550.asm
                  HLVDCON   0x000fd2       data     extern E:\3.46\pic18-lt\cxx-framework\src\traditional\proc\p18f2550.asm
               OSCCONbits   0x000fd3       data     extern E:\3.46\pic18-lt\cxx-framework\src\traditional\proc\p18f2550.asm
                   OSCCON   0x000fd3       data     extern E:\3.46\pic18-lt\cxx-framework\src\traditional\proc\p18f2550.asm
                    T0CON   0x000fd5       data     extern E:\3.46\pic18-lt\cxx-framework\src\traditional\proc\p18f2550.asm
                T0CONbits   0x000fd5       data     extern E:\3.46\pic18-lt\cxx-framework\src\traditional\proc\p18f2550.asm
                    TMR0L   0x000fd6       data     extern E:\3.46\pic18-lt\cxx-framework\src\traditional\proc\p18f2550.asm
                    TMR0H   0x000fd7       data     extern E:\3.46\pic18-lt\cxx-framework\src\traditional\proc\p18f2550.asm
               STATUSbits   0x000fd8       data     extern E:\3.46\pic18-lt\cxx-framework\src\traditional\proc\p18f2550.asm
                   STATUS   0x000fd8       data     extern E:\3.46\pic18-lt\cxx-framework\src\traditional\proc\p18f2550.asm
                    FSR2L   0x000fd9       data     extern E:\3.46\pic18-lt\cxx-framework\src\traditional\proc\p18f2550.asm
                     FSR2   0x000fd9       data     extern E:\3.46\pic18-lt\cxx-framework\src\traditional\proc\p18f2550.asm
                    FSR2H   0x000fda       data     extern E:\3.46\pic18-lt\cxx-framework\src\traditional\proc\p18f2550.asm
                   PLUSW2   0x000fdb       data     extern E:\3.46\pic18-lt\cxx-framework\src\traditional\proc\p18f2550.asm
                  PREINC2   0x000fdc       data     extern E:\3.46\pic18-lt\cxx-framework\src\traditional\proc\p18f2550.asm
                 POSTDEC2   0x000fdd       data     extern E:\3.46\pic18-lt\cxx-framework\src\traditional\proc\p18f2550.asm
                 POSTINC2   0x000fde       data     extern E:\3.46\pic18-lt\cxx-framework\src\traditional\proc\p18f2550.asm
                    INDF2   0x000fdf       data     extern E:\3.46\pic18-lt\cxx-framework\src\traditional\proc\p18f2550.asm
                      BSR   0x000fe0       data     extern E:\3.46\pic18-lt\cxx-framework\src\traditional\proc\p18f2550.asm
                     FSR1   0x000fe1       data     extern E:\3.46\pic18-lt\cxx-framework\src\traditional\proc\p18f2550.asm
                    FSR1L   0x000fe1       data     extern E:\3.46\pic18-lt\cxx-framework\src\traditional\proc\p18f2550.asm
                    FSR1H   0x000fe2       data     extern E:\3.46\pic18-lt\cxx-framework\src\traditional\proc\p18f2550.asm
                   PLUSW1   0x000fe3       data     extern E:\3.46\pic18-lt\cxx-framework\src\traditional\proc\p18f2550.asm
                  PREINC1   0x000fe4       data     extern E:\3.46\pic18-lt\cxx-framework\src\traditional\proc\p18f2550.asm
                 POSTDEC1   0x000fe5       data     extern E:\3.46\pic18-lt\cxx-framework\src\traditional\proc\p18f2550.asm
                 POSTINC1   0x000fe6       data     extern E:\3.46\pic18-lt\cxx-framework\src\traditional\proc\p18f2550.asm
                    INDF1   0x000fe7       data     extern E:\3.46\pic18-lt\cxx-framework\src\traditional\proc\p18f2550.asm
                     WREG   0x000fe8       data     extern E:\3.46\pic18-lt\cxx-framework\src\traditional\proc\p18f2550.asm
                     FSR0   0x000fe9       data     extern E:\3.46\pic18-lt\cxx-framework\src\traditional\proc\p18f2550.asm
                    FSR0L   0x000fe9       data     extern E:\3.46\pic18-lt\cxx-framework\src\traditional\proc\p18f2550.asm
                    FSR0H   0x000fea       data     extern E:\3.46\pic18-lt\cxx-framework\src\traditional\proc\p18f2550.asm
                   PLUSW0   0x000feb       data     extern E:\3.46\pic18-lt\cxx-framework\src\traditional\proc\p18f2550.asm
                  PREINC0   0x000fec       data     extern E:\3.46\pic18-lt\cxx-framework\src\traditional\proc\p18f2550.asm
                 POSTDEC0   0x000fed       data     extern E:\3.46\pic18-lt\cxx-framework\src\traditional\proc\p18f2550.asm
                 POSTINC0   0x000fee       data     extern E:\3.46\pic18-lt\cxx-framework\src\traditional\proc\p18f2550.asm
                    INDF0   0x000fef       data     extern E:\3.46\pic18-lt\cxx-framework\src\traditional\proc\p18f2550.asm
              INTCON3bits   0x000ff0       data     extern E:\3.46\pic18-lt\cxx-framework\src\traditional\proc\p18f2550.asm
                  INTCON3   0x000ff0       data     extern E:\3.46\pic18-lt\cxx-framework\src\traditional\proc\p18f2550.asm
              INTCON2bits   0x000ff1       data     extern E:\3.46\pic18-lt\cxx-framework\src\traditional\proc\p18f2550.asm
                  INTCON2   0x000ff1       data     extern E:\3.46\pic18-lt\cxx-framework\src\traditional\proc\p18f2550.asm
               INTCONbits   0x000ff2       data     extern E:\3.46\pic18-lt\cxx-framework\src\traditional\proc\p18f2550.asm
                   INTCON   0x000ff2       data     extern E:\3.46\pic18-lt\cxx-framework\src\traditional\proc\p18f2550.asm
                     PROD   0x000ff3       data     extern E:\3.46\pic18-lt\cxx-framework\src\traditional\proc\p18f2550.asm
                    PRODL   0x000ff3       data     extern E:\3.46\pic18-lt\cxx-framework\src\traditional\proc\p18f2550.asm
                    PRODH   0x000ff4       data     extern E:\3.46\pic18-lt\cxx-framework\src\traditional\proc\p18f2550.asm
                   TABLAT   0x000ff5       data     extern E:\3.46\pic18-lt\cxx-framework\src\traditional\proc\p18f2550.asm
                   TBLPTR   0x000ff6       data     extern E:\3.46\pic18-lt\cxx-framework\src\traditional\proc\p18f2550.asm
                  TBLPTRL   0x000ff6       data     extern E:\3.46\pic18-lt\cxx-framework\src\traditional\proc\p18f2550.asm
                  TBLPTRH   0x000ff7       data     extern E:\3.46\pic18-lt\cxx-framework\src\traditional\proc\p18f2550.asm
                  TBLPTRU   0x000ff8       data     extern E:\3.46\pic18-lt\cxx-framework\src\traditional\proc\p18f2550.asm
                      PCL   0x000ff9       data     extern E:\3.46\pic18-lt\cxx-framework\src\traditional\proc\p18f2550.asm
                       PC   0x000ff9       data     extern E:\3.46\pic18-lt\cxx-framework\src\traditional\proc\p18f2550.asm
                   PCLATH   0x000ffa       data     extern E:\3.46\pic18-lt\cxx-framework\src\traditional\proc\p18f2550.asm
                   PCLATU   0x000ffb       data     extern E:\3.46\pic18-lt\cxx-framework\src\traditional\proc\p18f2550.asm
                   STKPTR   0x000ffc       data     extern E:\3.46\pic18-lt\cxx-framework\src\traditional\proc\p18f2550.asm
               STKPTRbits   0x000ffc       data     extern E:\3.46\pic18-lt\cxx-framework\src\traditional\proc\p18f2550.asm
                      TOS   0x000ffd       data     extern E:\3.46\pic18-lt\cxx-framework\src\traditional\proc\p18f2550.asm
                     TOSL   0x000ffd       data     extern E:\3.46\pic18-lt\cxx-framework\src\traditional\proc\p18f2550.asm
                     TOSH   0x000ffe       data     extern E:\3.46\pic18-lt\cxx-framework\src\traditional\proc\p18f2550.asm
                     TOSU   0x000fff       data     extern E:\3.46\pic18-lt\cxx-framework\src\traditional\proc\p18f2550.asm


