MPLINK 4.02, Linker
Linker Map File - Created Mon Sep 18 22:19:00 2006

                                 Section Info
                  Section       Type    Address   Location Size(Bytes)
                ---------  ---------  ---------  ---------  ---------
               _entry_scn       code   0x000000    program   0x000006
                   .cinit    romdata   0x00002a    program   0x000002
             .code_user.o       code   0x00002c    program   0x0004e2
              .code_cdc.o       code   0x00050e    program   0x00035a
       .code_usbctrltrf.o       code   0x000868    program   0x0002ee
             .code_usb9.o       code   0x000b56    program   0x0002ea
           .code_usbdrv.o       code   0x000e40    program   0x000176
        .romdata_usbdsc.o    romdata   0x000fb6    program   0x0000cd
           .romdata_cdc.o    romdata   0x001083    program   0x000000
           .idata_cdc.o_i    romdata   0x001083    program   0x000000
          .romdata_user.o    romdata   0x001083    program   0x000000
          .idata_user.o_i    romdata   0x001083    program   0x000000
    .romdata_usbctrltrf.o    romdata   0x001083    program   0x000000
    .idata_usbctrltrf.o_i    romdata   0x001083    program   0x000000
        .idata_usbdsc.o_i    romdata   0x001083    program   0x000000
          .romdata_usb9.o    romdata   0x001083    program   0x000000
          .idata_usb9.o_i    romdata   0x001083    program   0x000000
        .romdata_usbdrv.o    romdata   0x001083    program   0x000000
        .idata_usbdrv.o_i    romdata   0x001083    program   0x000000
       .romdata_usbmmap.o    romdata   0x001083    program   0x000000
       .idata_usbmmap.o_i    romdata   0x001083    program   0x000000
          .romdata_main.o    romdata   0x001083    program   0x000000
          .idata_main.o_i    romdata   0x001083    program   0x000000
         .romdata_c018i.o    romdata   0x001083    program   0x000000
         .idata_c018i.o_i    romdata   0x001083    program   0x000000
          .code_usbmmap.o       code   0x001084    program   0x000000
           .code_usbdsc.o       code   0x001084    program   0x000000
               _cinit_scn       code   0x001084    program   0x00009e
            .code_c018i.o       code   0x001084    program   0x000000
             .code_main.o       code   0x001122    program   0x00002e
             _startup_scn       code   0x001150    program   0x000018
                MATH_DATA      udata   0x000000       data   0x000002
                 .tmpdata      udata   0x000002       data   0x000002
            .udata_user.o      udata   0x000060       data   0x00009a
         .udata_usbmmap.o      udata   0x0000fa       data   0x000004
          .udata_usbdrv.o      udata   0x0000fe       data   0x000002
             .udata_cdc.o      udata   0x000100       data   0x00001b
           .udata_c018i.o      udata   0x00011b       data   0x00000a
      .udata_usbctrltrf.o      udata   0x000125       data   0x000008
             .idata_cdc.o      idata   0x00012d       data   0x000000
            .idata_user.o      idata   0x00012d       data   0x000000
      .idata_usbctrltrf.o      idata   0x00012d       data   0x000000
          .idata_usbdsc.o      idata   0x00012d       data   0x000000
          .udata_usbdsc.o      udata   0x00012d       data   0x000000
            .idata_usb9.o      idata   0x00012d       data   0x000000
            .udata_usb9.o      udata   0x00012d       data   0x000000
          .idata_usbdrv.o      idata   0x00012d       data   0x000000
         .idata_usbmmap.o      idata   0x00012d       data   0x000000
            .idata_main.o      idata   0x00012d       data   0x000000
            .udata_main.o      udata   0x00012d       data   0x000000
           .idata_c018i.o      idata   0x00012d       data   0x000000
                   .stack      udata   0x000300       data   0x000100
                  usbram4      udata   0x000400       data   0x000030
                 usbram5a      udata   0x000500       data   0x000088
            SFR_UNBANKED0      udata   0x000f66       data   0x00009a



                              Program Memory Usage 
                               Start         End      
                           ---------   ---------      
                            0x000000    0x000005      
                            0x00002a    0x001082      
                            0x001084    0x001167      
            4419 out of 33048 program addresses used, program memory utilization is 13%



                              Symbols - Sorted by Name
                     Name    Address   Location    Storage File                     
                ---------  ---------  ---------  --------- ---------                
                CDCInitEP   0x0005c6    program     extern C:\MCHPFSUSB\fw\Cdc\system\usb\class\cdc\cdc.c
             CDCTxService   0x000782    program     extern C:\MCHPFSUSB\fw\Cdc\system\usb\class\cdc\cdc.c
          ClassReqHandler   0x001081    program     extern C:\MCHPFSUSB\fw\Cdc\autofiles\usbdsc.c
               ClearArray   0x000f8c    program     extern C:\MCHPFSUSB\fw\Cdc\system\usb\usbdrv\usbdrv.c
         InitializeSystem   0x00112c    program     static C:\MCHPFSUSB\fw\Cdc\main.c
                  LCDbusy   0x000326    program     extern C:\MCHPFSUSB\fw\Cdc\user\user.c
                    LCDch   0x000406    program     extern C:\MCHPFSUSB\fw\Cdc\user\user.c
                LCDcustom   0x0002a4    program     extern C:\MCHPFSUSB\fw\Cdc\user\user.c
              LCDposition   0x00046a    program     extern C:\MCHPFSUSB\fw\Cdc\user\user.c
                     LCDw   0x0003ac    program     extern C:\MCHPFSUSB\fw\Cdc\user\user.c
                ProcessIO   0x000078    program     extern C:\MCHPFSUSB\fw\Cdc\user\user.c
        USBCheckBusStatus   0x000e40    program     extern C:\MCHPFSUSB\fw\Cdc\system\usb\usbdrv\usbdrv.c
       USBCheckCDCRequest   0x00050e    program     extern C:\MCHPFSUSB\fw\Cdc\system\usb\class\cdc\cdc.c
       USBCheckStdRequest   0x000b56    program     extern C:\MCHPFSUSB\fw\Cdc\system\usb\usb9\usb9.c
         USBCtrlEPService   0x000868    program     extern C:\MCHPFSUSB\fw\Cdc\system\usb\usbctrltrf\usbctrltrf.c
 USBCtrlEPServiceComplete   0x000ab0    program     extern C:\MCHPFSUSB\fw\Cdc\system\usb\usbctrltrf\usbctrltrf.c
      USBCtrlTrfInHandler   0x000926    program     extern C:\MCHPFSUSB\fw\Cdc\system\usb\usbctrltrf\usbctrltrf.c
     USBCtrlTrfOutHandler   0x000908    program     extern C:\MCHPFSUSB\fw\Cdc\system\usb\usbctrltrf\usbctrltrf.c
      USBCtrlTrfRxService   0x000a36    program     extern C:\MCHPFSUSB\fw\Cdc\system\usb\usbctrltrf\usbctrltrf.c
   USBCtrlTrfSetupHandler   0x00089e    program     extern C:\MCHPFSUSB\fw\Cdc\system\usb\usbctrltrf\usbctrltrf.c
      USBCtrlTrfTxService   0x00095c    program     extern C:\MCHPFSUSB\fw\Cdc\system\usb\usbctrltrf\usbctrltrf.c
         USBDriverService   0x000e78    program     extern C:\MCHPFSUSB\fw\Cdc\system\usb\usbdrv\usbdrv.c
          USBErrorHandler   0x000f44    program     extern C:\MCHPFSUSB\fw\Cdc\system\usb\usbdrv\usbdrv.c
         USBModuleDisable   0x000e6a    program     extern C:\MCHPFSUSB\fw\Cdc\system\usb\usbdrv\usbdrv.c
          USBModuleEnable   0x000e5c    program     extern C:\MCHPFSUSB\fw\Cdc\system\usb\usbdrv\usbdrv.c
USBPrepareForNextSetupTrf   0x000b3a    program     extern C:\MCHPFSUSB\fw\Cdc\system\usb\usbctrltrf\usbctrltrf.c
  USBProtocolResetHandler   0x000f48    program     extern C:\MCHPFSUSB\fw\Cdc\system\usb\usbdrv\usbdrv.c
          USBRemoteWakeup   0x000f0e    program     extern C:\MCHPFSUSB\fw\Cdc\system\usb\usbdrv\usbdrv.c
            USBSoftDetach   0x000e74    program     extern C:\MCHPFSUSB\fw\Cdc\system\usb\usbdrv\usbdrv.c
          USBStallHandler   0x000f36    program     extern C:\MCHPFSUSB\fw\Cdc\system\usb\usbdrv\usbdrv.c
  USBStdFeatureReqHandler   0x000d9e    program     extern C:\MCHPFSUSB\fw\Cdc\system\usb\usb9\usb9.c
      USBStdGetDscHandler   0x000c0c    program     extern C:\MCHPFSUSB\fw\Cdc\system\usb\usb9\usb9.c
   USBStdGetStatusHandler   0x000d08    program     extern C:\MCHPFSUSB\fw\Cdc\system\usb\usb9\usb9.c
      USBStdSetCfgHandler   0x000cba    program     extern C:\MCHPFSUSB\fw\Cdc\system\usb\usb9\usb9.c
               USBSuspend   0x000ef6    program     extern C:\MCHPFSUSB\fw\Cdc\system\usb\usbdrv\usbdrv.c
                 USBTasks   0x001144    program     extern C:\MCHPFSUSB\fw\Cdc\main.c
       USBWakeFromSuspend   0x000f06    program     extern C:\MCHPFSUSB\fw\Cdc\system\usb\usbdrv\usbdrv.c
               USB_CD_Ptr   0x001077    program     extern C:\MCHPFSUSB\fw\Cdc\autofiles\usbdsc.c
               USB_SD_Ptr   0x00107b    program     extern C:\MCHPFSUSB\fw\Cdc\autofiles\usbdsc.c
          USB_SOF_Handler   0x000f32    program     extern C:\MCHPFSUSB\fw\Cdc\system\usb\usbdrv\usbdrv.c
                 UserInit   0x00002c    program     extern C:\MCHPFSUSB\fw\Cdc\user\user.c
       ___case_1_lbl00084   0x0003ca    program     static                          
       ___case_1_lbl00089   0x00042c    program     static                          
       ___case_2_lbl00085   0x0003ce    program     static                          
       ___case_2_lbl00090   0x000430    program     static                          
       ___case_3_lbl00086   0x0003d2    program     static                          
       ___case_3_lbl00091   0x000434    program     static                          
           ___if_lbl00081   0x0003a6    program     static                          
       ___return_lbl00000   0x000004    program     static                          
       ___return_lbl00001   0x001166    program     static                          
       ___return_lbl00002   0x001120    program     static                          
       ___return_lbl00028   0x000f04    program     static                          
       ___return_lbl00042   0x000fae    program     static                          
       ___return_lbl00080   0x0003aa    program     static                          
       ___return_lbl00082   0x0003fe    program     static                          
       ___return_lbl00087   0x000462    program     static                          
   ___switchexit_lbl00083   0x0003d8    program     static                          
   ___switchexit_lbl00088   0x00043a    program     static                          
        ___while_lbl00043   0x000fa0    program     static                          
        ___while_lbl00044   0x000fae    program     static                          
                _do_cinit   0x001084    program     extern C:\MCC18\src\traditional\startup\c018i.c
                   _entry   0x000000    program     extern C:\MCC18\src\traditional\startup\c018i.c
                 _startup   0x001150    program     extern C:\MCC18\src\traditional\startup\c018i.c
                    cfg01   0x000fc8    program     extern C:\MCHPFSUSB\fw\Cdc\autofiles\usbdsc.c
                copy_loop   0x0010f6    program     static                          
            copy_one_byte   0x0010fc    program     static                          
               device_dsc   0x000fb6    program     extern C:\MCHPFSUSB\fw\Cdc\autofiles\usbdsc.c
                     done   0x001120    program     static                          
             done_copying   0x00110a    program     static                          
             getnewbuffer   0x0004be    program     extern C:\MCHPFSUSB\fw\Cdc\user\user.c
              getnextbyte   0x0004e4    program     extern C:\MCHPFSUSB\fw\Cdc\user\user.c
             getsUSBUSART   0x000616    program     extern C:\MCHPFSUSB\fw\Cdc\system\usb\class\cdc\cdc.c
                     loop   0x001160    program     static                          
                     main   0x001122    program     extern C:\MCHPFSUSB\fw\Cdc\main.c
            putrsUSBUSART   0x00070a    program     extern C:\MCHPFSUSB\fw\Cdc\system\usb\class\cdc\cdc.c
             putsUSBUSART   0x000694    program     extern C:\MCHPFSUSB\fw\Cdc\system\usb\class\cdc\cdc.c
                    sd000   0x00100b    program     extern C:\MCHPFSUSB\fw\Cdc\autofiles\usbdsc.c
                    sd001   0x00100f    program     extern C:\MCHPFSUSB\fw\Cdc\autofiles\usbdsc.c
                    sd002   0x001043    program     extern C:\MCHPFSUSB\fw\Cdc\autofiles\usbdsc.c
                 setupLCD   0x0000ac    program     extern C:\MCHPFSUSB\fw\Cdc\user\user.c
                  sortCMD   0x000164    program     extern C:\MCHPFSUSB\fw\Cdc\user\user.c
                     test   0x00109e    program     static                          
              whatcommand   0x000232    program     extern C:\MCHPFSUSB\fw\Cdc\user\user.c
                   ADCON0   0x000fc2       data     extern C:\MCC18\SRC\TRADIT~1\PROC\p18f2550.asm
               ADCON0bits   0x000fc2       data     extern C:\MCC18\SRC\TRADIT~1\PROC\p18f2550.asm
                   ADCON1   0x000fc1       data     extern C:\MCC18\SRC\TRADIT~1\PROC\p18f2550.asm
               ADCON1bits   0x000fc1       data     extern C:\MCC18\SRC\TRADIT~1\PROC\p18f2550.asm
                   ADCON2   0x000fc0       data     extern C:\MCC18\SRC\TRADIT~1\PROC\p18f2550.asm
               ADCON2bits   0x000fc0       data     extern C:\MCC18\SRC\TRADIT~1\PROC\p18f2550.asm
                    ADRES   0x000fc3       data     extern C:\MCC18\SRC\TRADIT~1\PROC\p18f2550.asm
                   ADRESH   0x000fc4       data     extern C:\MCC18\SRC\TRADIT~1\PROC\p18f2550.asm
                   ADRESL   0x000fc3       data     extern C:\MCC18\SRC\TRADIT~1\PROC\p18f2550.asm
                  BAUDCON   0x000fb8       data     extern C:\MCC18\SRC\TRADIT~1\PROC\p18f2550.asm
              BAUDCONbits   0x000fb8       data     extern C:\MCC18\SRC\TRADIT~1\PROC\p18f2550.asm
                      BSR   0x000fe0       data     extern C:\MCC18\SRC\TRADIT~1\PROC\p18f2550.asm
                   CCP1AS   0x000fb6       data     extern C:\MCC18\SRC\TRADIT~1\PROC\p18f2550.asm
               CCP1ASbits   0x000fb6       data     extern C:\MCC18\SRC\TRADIT~1\PROC\p18f2550.asm
                  CCP1CON   0x000fbd       data     extern C:\MCC18\SRC\TRADIT~1\PROC\p18f2550.asm
              CCP1CONbits   0x000fbd       data     extern C:\MCC18\SRC\TRADIT~1\PROC\p18f2550.asm
                  CCP1DEL   0x000fb7       data     extern C:\MCC18\SRC\TRADIT~1\PROC\p18f2550.asm
              CCP1DELbits   0x000fb7       data     extern C:\MCC18\SRC\TRADIT~1\PROC\p18f2550.asm
                  CCP2CON   0x000fba       data     extern C:\MCC18\SRC\TRADIT~1\PROC\p18f2550.asm
              CCP2CONbits   0x000fba       data     extern C:\MCC18\SRC\TRADIT~1\PROC\p18f2550.asm
                    CCPR1   0x000fbe       data     extern C:\MCC18\SRC\TRADIT~1\PROC\p18f2550.asm
                   CCPR1H   0x000fbf       data     extern C:\MCC18\SRC\TRADIT~1\PROC\p18f2550.asm
                   CCPR1L   0x000fbe       data     extern C:\MCC18\SRC\TRADIT~1\PROC\p18f2550.asm
                    CCPR2   0x000fbb       data     extern C:\MCC18\SRC\TRADIT~1\PROC\p18f2550.asm
                   CCPR2H   0x000fbc       data     extern C:\MCC18\SRC\TRADIT~1\PROC\p18f2550.asm
                   CCPR2L   0x000fbb       data     extern C:\MCC18\SRC\TRADIT~1\PROC\p18f2550.asm
                    CMCON   0x000fb4       data     extern C:\MCC18\SRC\TRADIT~1\PROC\p18f2550.asm
                CMCONbits   0x000fb4       data     extern C:\MCC18\SRC\TRADIT~1\PROC\p18f2550.asm
                   CVRCON   0x000fb5       data     extern C:\MCC18\SRC\TRADIT~1\PROC\p18f2550.asm
               CVRCONbits   0x000fb5       data     extern C:\MCC18\SRC\TRADIT~1\PROC\p18f2550.asm
              CtrlTrfData   0x000428       data     extern C:\MCHPFSUSB\fw\Cdc\system\usb\usbmmap.c
                     DDRA   0x000f92       data     extern C:\MCC18\SRC\TRADIT~1\PROC\p18f2550.asm
                 DDRAbits   0x000f92       data     extern C:\MCC18\SRC\TRADIT~1\PROC\p18f2550.asm
                     DDRB   0x000f93       data     extern C:\MCC18\SRC\TRADIT~1\PROC\p18f2550.asm
                 DDRBbits   0x000f93       data     extern C:\MCC18\SRC\TRADIT~1\PROC\p18f2550.asm
                     DDRC   0x000f94       data     extern C:\MCC18\SRC\TRADIT~1\PROC\p18f2550.asm
                 DDRCbits   0x000f94       data     extern C:\MCC18\SRC\TRADIT~1\PROC\p18f2550.asm
                  ECCP1AS   0x000fb6       data     extern C:\MCC18\SRC\TRADIT~1\PROC\p18f2550.asm
              ECCP1ASbits   0x000fb6       data     extern C:\MCC18\SRC\TRADIT~1\PROC\p18f2550.asm
                 ECCP1DEL   0x000fb7       data     extern C:\MCC18\SRC\TRADIT~1\PROC\p18f2550.asm
             ECCP1DELbits   0x000fb7       data     extern C:\MCC18\SRC\TRADIT~1\PROC\p18f2550.asm
                    EEADR   0x000fa9       data     extern C:\MCC18\SRC\TRADIT~1\PROC\p18f2550.asm
                   EECON1   0x000fa6       data     extern C:\MCC18\SRC\TRADIT~1\PROC\p18f2550.asm
               EECON1bits   0x000fa6       data     extern C:\MCC18\SRC\TRADIT~1\PROC\p18f2550.asm
                   EECON2   0x000fa7       data     extern C:\MCC18\SRC\TRADIT~1\PROC\p18f2550.asm
                   EEDATA   0x000fa8       data     extern C:\MCC18\SRC\TRADIT~1\PROC\p18f2550.asm
                     FSR0   0x000fe9       data     extern C:\MCC18\SRC\TRADIT~1\PROC\p18f2550.asm
                    FSR0H   0x000fea       data     extern C:\MCC18\SRC\TRADIT~1\PROC\p18f2550.asm
                    FSR0L   0x000fe9       data     extern C:\MCC18\SRC\TRADIT~1\PROC\p18f2550.asm
                     FSR1   0x000fe1       data     extern C:\MCC18\SRC\TRADIT~1\PROC\p18f2550.asm
                    FSR1H   0x000fe2       data     extern C:\MCC18\SRC\TRADIT~1\PROC\p18f2550.asm
                    FSR1L   0x000fe1       data     extern C:\MCC18\SRC\TRADIT~1\PROC\p18f2550.asm
                     FSR2   0x000fd9       data     extern C:\MCC18\SRC\TRADIT~1\PROC\p18f2550.asm
                    FSR2H   0x000fda       data     extern C:\MCC18\SRC\TRADIT~1\PROC\p18f2550.asm
                    FSR2L   0x000fd9       data     extern C:\MCC18\SRC\TRADIT~1\PROC\p18f2550.asm
                  HLVDCON   0x000fd2       data     extern C:\MCC18\SRC\TRADIT~1\PROC\p18f2550.asm
              HLVDCONbits   0x000fd2       data     extern C:\MCC18\SRC\TRADIT~1\PROC\p18f2550.asm
                    INDF0   0x000fef       data     extern C:\MCC18\SRC\TRADIT~1\PROC\p18f2550.asm
                    INDF1   0x000fe7       data     extern C:\MCC18\SRC\TRADIT~1\PROC\p18f2550.asm
                    INDF2   0x000fdf       data     extern C:\MCC18\SRC\TRADIT~1\PROC\p18f2550.asm
                   INTCON   0x000ff2       data     extern C:\MCC18\SRC\TRADIT~1\PROC\p18f2550.asm
                  INTCON2   0x000ff1       data     extern C:\MCC18\SRC\TRADIT~1\PROC\p18f2550.asm
              INTCON2bits   0x000ff1       data     extern C:\MCC18\SRC\TRADIT~1\PROC\p18f2550.asm
                  INTCON3   0x000ff0       data     extern C:\MCC18\SRC\TRADIT~1\PROC\p18f2550.asm
              INTCON3bits   0x000ff0       data     extern C:\MCC18\SRC\TRADIT~1\PROC\p18f2550.asm
               INTCONbits   0x000ff2       data     extern C:\MCC18\SRC\TRADIT~1\PROC\p18f2550.asm
                     IPR1   0x000f9f       data     extern C:\MCC18\SRC\TRADIT~1\PROC\p18f2550.asm
                 IPR1bits   0x000f9f       data     extern C:\MCC18\SRC\TRADIT~1\PROC\p18f2550.asm
                     IPR2   0x000fa2       data     extern C:\MCC18\SRC\TRADIT~1\PROC\p18f2550.asm
                 IPR2bits   0x000fa2       data     extern C:\MCC18\SRC\TRADIT~1\PROC\p18f2550.asm
                     LATA   0x000f89       data     extern C:\MCC18\SRC\TRADIT~1\PROC\p18f2550.asm
                 LATAbits   0x000f89       data     extern C:\MCC18\SRC\TRADIT~1\PROC\p18f2550.asm
                     LATB   0x000f8a       data     extern C:\MCC18\SRC\TRADIT~1\PROC\p18f2550.asm
                 LATBbits   0x000f8a       data     extern C:\MCC18\SRC\TRADIT~1\PROC\p18f2550.asm
                     LATC   0x000f8b       data     extern C:\MCC18\SRC\TRADIT~1\PROC\p18f2550.asm
                 LATCbits   0x000f8b       data     extern C:\MCC18\SRC\TRADIT~1\PROC\p18f2550.asm
                 LCDready   0x0000e7       data     extern C:\MCHPFSUSB\fw\Cdc\user\user.c
            LCDsetupstate   0x0000e8       data     extern C:\MCHPFSUSB\fw\Cdc\user\user.c
                   LVDCON   0x000fd2       data     extern C:\MCC18\SRC\TRADIT~1\PROC\p18f2550.asm
               LVDCONbits   0x000fd2       data     extern C:\MCC18\SRC\TRADIT~1\PROC\p18f2550.asm
                   OSCCON   0x000fd3       data     extern C:\MCC18\SRC\TRADIT~1\PROC\p18f2550.asm
               OSCCONbits   0x000fd3       data     extern C:\MCC18\SRC\TRADIT~1\PROC\p18f2550.asm
                  OSCTUNE   0x000f9b       data     extern C:\MCC18\SRC\TRADIT~1\PROC\p18f2550.asm
              OSCTUNEbits   0x000f9b       data     extern C:\MCC18\SRC\TRADIT~1\PROC\p18f2550.asm
                       PC   0x000ff9       data     extern C:\MCC18\SRC\TRADIT~1\PROC\p18f2550.asm
                      PCL   0x000ff9       data     extern C:\MCC18\SRC\TRADIT~1\PROC\p18f2550.asm
                   PCLATH   0x000ffa       data     extern C:\MCC18\SRC\TRADIT~1\PROC\p18f2550.asm
                   PCLATU   0x000ffb       data     extern C:\MCC18\SRC\TRADIT~1\PROC\p18f2550.asm
                     PIE1   0x000f9d       data     extern C:\MCC18\SRC\TRADIT~1\PROC\p18f2550.asm
                 PIE1bits   0x000f9d       data     extern C:\MCC18\SRC\TRADIT~1\PROC\p18f2550.asm
                     PIE2   0x000fa0       data     extern C:\MCC18\SRC\TRADIT~1\PROC\p18f2550.asm
                 PIE2bits   0x000fa0       data     extern C:\MCC18\SRC\TRADIT~1\PROC\p18f2550.asm
                     PIR1   0x000f9e       data     extern C:\MCC18\SRC\TRADIT~1\PROC\p18f2550.asm
                 PIR1bits   0x000f9e       data     extern C:\MCC18\SRC\TRADIT~1\PROC\p18f2550.asm
                     PIR2   0x000fa1       data     extern C:\MCC18\SRC\TRADIT~1\PROC\p18f2550.asm
                 PIR2bits   0x000fa1       data     extern C:\MCC18\SRC\TRADIT~1\PROC\p18f2550.asm
                   PLUSW0   0x000feb       data     extern C:\MCC18\SRC\TRADIT~1\PROC\p18f2550.asm
                   PLUSW1   0x000fe3       data     extern C:\MCC18\SRC\TRADIT~1\PROC\p18f2550.asm
                   PLUSW2   0x000fdb       data     extern C:\MCC18\SRC\TRADIT~1\PROC\p18f2550.asm
                    PORTA   0x000f80       data     extern C:\MCC18\SRC\TRADIT~1\PROC\p18f2550.asm
                PORTAbits   0x000f80       data     extern C:\MCC18\SRC\TRADIT~1\PROC\p18f2550.asm
                    PORTB   0x000f81       data     extern C:\MCC18\SRC\TRADIT~1\PROC\p18f2550.asm
                PORTBbits   0x000f81       data     extern C:\MCC18\SRC\TRADIT~1\PROC\p18f2550.asm
                    PORTC   0x000f82       data     extern C:\MCC18\SRC\TRADIT~1\PROC\p18f2550.asm
                PORTCbits   0x000f82       data     extern C:\MCC18\SRC\TRADIT~1\PROC\p18f2550.asm
                    PORTE   0x000f84       data     extern C:\MCC18\SRC\TRADIT~1\PROC\p18f2550.asm
                PORTEbits   0x000f84       data     extern C:\MCC18\SRC\TRADIT~1\PROC\p18f2550.asm
                 POSTDEC0   0x000fed       data     extern C:\MCC18\SRC\TRADIT~1\PROC\p18f2550.asm
                 POSTDEC1   0x000fe5       data     extern C:\MCC18\SRC\TRADIT~1\PROC\p18f2550.asm
                 POSTDEC2   0x000fdd       data     extern C:\MCC18\SRC\TRADIT~1\PROC\p18f2550.asm
                 POSTINC0   0x000fee       data     extern C:\MCC18\SRC\TRADIT~1\PROC\p18f2550.asm
                 POSTINC1   0x000fe6       data     extern C:\MCC18\SRC\TRADIT~1\PROC\p18f2550.asm
                 POSTINC2   0x000fde       data     extern C:\MCC18\SRC\TRADIT~1\PROC\p18f2550.asm
                      PR2   0x000fcb       data     extern C:\MCC18\SRC\TRADIT~1\PROC\p18f2550.asm
                  PREINC0   0x000fec       data     extern C:\MCC18\SRC\TRADIT~1\PROC\p18f2550.asm
                  PREINC1   0x000fe4       data     extern C:\MCC18\SRC\TRADIT~1\PROC\p18f2550.asm
                  PREINC2   0x000fdc       data     extern C:\MCC18\SRC\TRADIT~1\PROC\p18f2550.asm
                     PROD   0x000ff3       data     extern C:\MCC18\SRC\TRADIT~1\PROC\p18f2550.asm
                    PRODH   0x000ff4       data     extern C:\MCC18\SRC\TRADIT~1\PROC\p18f2550.asm
                    PRODL   0x000ff3       data     extern C:\MCC18\SRC\TRADIT~1\PROC\p18f2550.asm
                     RCON   0x000fd0       data     extern C:\MCC18\SRC\TRADIT~1\PROC\p18f2550.asm
                 RCONbits   0x000fd0       data     extern C:\MCC18\SRC\TRADIT~1\PROC\p18f2550.asm
                    RCREG   0x000fae       data     extern C:\MCC18\SRC\TRADIT~1\PROC\p18f2550.asm
                    RCSTA   0x000fab       data     extern C:\MCC18\SRC\TRADIT~1\PROC\p18f2550.asm
                RCSTAbits   0x000fab       data     extern C:\MCC18\SRC\TRADIT~1\PROC\p18f2550.asm
                     SIGN   0x000000       data     extern C:\MCC18\SRC\TRADIT~1\MATH\cmath18.asm
                    SPBRG   0x000faf       data     extern C:\MCC18\SRC\TRADIT~1\PROC\p18f2550.asm
                   SPBRGH   0x000fb0       data     extern C:\MCC18\SRC\TRADIT~1\PROC\p18f2550.asm
                   SSPADD   0x000fc8       data     extern C:\MCC18\SRC\TRADIT~1\PROC\p18f2550.asm
                   SSPBUF   0x000fc9       data     extern C:\MCC18\SRC\TRADIT~1\PROC\p18f2550.asm
                  SSPCON1   0x000fc6       data     extern C:\MCC18\SRC\TRADIT~1\PROC\p18f2550.asm
              SSPCON1bits   0x000fc6       data     extern C:\MCC18\SRC\TRADIT~1\PROC\p18f2550.asm
                  SSPCON2   0x000fc5       data     extern C:\MCC18\SRC\TRADIT~1\PROC\p18f2550.asm
              SSPCON2bits   0x000fc5       data     extern C:\MCC18\SRC\TRADIT~1\PROC\p18f2550.asm
                  SSPSTAT   0x000fc7       data     extern C:\MCC18\SRC\TRADIT~1\PROC\p18f2550.asm
              SSPSTATbits   0x000fc7       data     extern C:\MCC18\SRC\TRADIT~1\PROC\p18f2550.asm
                   STATUS   0x000fd8       data     extern C:\MCC18\SRC\TRADIT~1\PROC\p18f2550.asm
               STATUSbits   0x000fd8       data     extern C:\MCC18\SRC\TRADIT~1\PROC\p18f2550.asm
                   STKPTR   0x000ffc       data     extern C:\MCC18\SRC\TRADIT~1\PROC\p18f2550.asm
               STKPTRbits   0x000ffc       data     extern C:\MCC18\SRC\TRADIT~1\PROC\p18f2550.asm
                 SetupPkt   0x000420       data     extern C:\MCHPFSUSB\fw\Cdc\system\usb\usbmmap.c
                    T0CON   0x000fd5       data     extern C:\MCC18\SRC\TRADIT~1\PROC\p18f2550.asm
                T0CONbits   0x000fd5       data     extern C:\MCC18\SRC\TRADIT~1\PROC\p18f2550.asm
                    T1CON   0x000fcd       data     extern C:\MCC18\SRC\TRADIT~1\PROC\p18f2550.asm
                T1CONbits   0x000fcd       data     extern C:\MCC18\SRC\TRADIT~1\PROC\p18f2550.asm
                    T2CON   0x000fca       data     extern C:\MCC18\SRC\TRADIT~1\PROC\p18f2550.asm
                T2CONbits   0x000fca       data     extern C:\MCC18\SRC\TRADIT~1\PROC\p18f2550.asm
                    T3CON   0x000fb1       data     extern C:\MCC18\SRC\TRADIT~1\PROC\p18f2550.asm
                T3CONbits   0x000fb1       data     extern C:\MCC18\SRC\TRADIT~1\PROC\p18f2550.asm
                   TABLAT   0x000ff5       data     extern C:\MCC18\SRC\TRADIT~1\PROC\p18f2550.asm
                   TBLPTR   0x000ff6       data     extern C:\MCC18\SRC\TRADIT~1\PROC\p18f2550.asm
                  TBLPTRH   0x000ff7       data     extern C:\MCC18\SRC\TRADIT~1\PROC\p18f2550.asm
                  TBLPTRL   0x000ff6       data     extern C:\MCC18\SRC\TRADIT~1\PROC\p18f2550.asm
                  TBLPTRU   0x000ff8       data     extern C:\MCC18\SRC\TRADIT~1\PROC\p18f2550.asm
                    TMR0H   0x000fd7       data     extern C:\MCC18\SRC\TRADIT~1\PROC\p18f2550.asm
                    TMR0L   0x000fd6       data     extern C:\MCC18\SRC\TRADIT~1\PROC\p18f2550.asm
                    TMR1H   0x000fcf       data     extern C:\MCC18\SRC\TRADIT~1\PROC\p18f2550.asm
                    TMR1L   0x000fce       data     extern C:\MCC18\SRC\TRADIT~1\PROC\p18f2550.asm
                     TMR2   0x000fcc       data     extern C:\MCC18\SRC\TRADIT~1\PROC\p18f2550.asm
                    TMR3H   0x000fb3       data     extern C:\MCC18\SRC\TRADIT~1\PROC\p18f2550.asm
                    TMR3L   0x000fb2       data     extern C:\MCC18\SRC\TRADIT~1\PROC\p18f2550.asm
                      TOS   0x000ffd       data     extern C:\MCC18\SRC\TRADIT~1\PROC\p18f2550.asm
                     TOSH   0x000ffe       data     extern C:\MCC18\SRC\TRADIT~1\PROC\p18f2550.asm
                     TOSL   0x000ffd       data     extern C:\MCC18\SRC\TRADIT~1\PROC\p18f2550.asm
                     TOSU   0x000fff       data     extern C:\MCC18\SRC\TRADIT~1\PROC\p18f2550.asm
                    TRISA   0x000f92       data     extern C:\MCC18\SRC\TRADIT~1\PROC\p18f2550.asm
                TRISAbits   0x000f92       data     extern C:\MCC18\SRC\TRADIT~1\PROC\p18f2550.asm
                    TRISB   0x000f93       data     extern C:\MCC18\SRC\TRADIT~1\PROC\p18f2550.asm
                TRISBbits   0x000f93       data     extern C:\MCC18\SRC\TRADIT~1\PROC\p18f2550.asm
                    TRISC   0x000f94       data     extern C:\MCC18\SRC\TRADIT~1\PROC\p18f2550.asm
                TRISCbits   0x000f94       data     extern C:\MCC18\SRC\TRADIT~1\PROC\p18f2550.asm
                    TXREG   0x000fad       data     extern C:\MCC18\SRC\TRADIT~1\PROC\p18f2550.asm
                    TXSTA   0x000fac       data     extern C:\MCC18\SRC\TRADIT~1\PROC\p18f2550.asm
                TXSTAbits   0x000fac       data     extern C:\MCC18\SRC\TRADIT~1\PROC\p18f2550.asm
                    UADDR   0x000f6e       data     extern C:\MCC18\SRC\TRADIT~1\PROC\p18f2550.asm
                UADDRbits   0x000f6e       data     extern C:\MCC18\SRC\TRADIT~1\PROC\p18f2550.asm
                     UCFG   0x000f6f       data     extern C:\MCC18\SRC\TRADIT~1\PROC\p18f2550.asm
                 UCFGbits   0x000f6f       data     extern C:\MCC18\SRC\TRADIT~1\PROC\p18f2550.asm
                     UCON   0x000f6d       data     extern C:\MCC18\SRC\TRADIT~1\PROC\p18f2550.asm
                 UCONbits   0x000f6d       data     extern C:\MCC18\SRC\TRADIT~1\PROC\p18f2550.asm
                     UEIE   0x000f6b       data     extern C:\MCC18\SRC\TRADIT~1\PROC\p18f2550.asm
                 UEIEbits   0x000f6b       data     extern C:\MCC18\SRC\TRADIT~1\PROC\p18f2550.asm
                     UEIR   0x000f6a       data     extern C:\MCC18\SRC\TRADIT~1\PROC\p18f2550.asm
                 UEIRbits   0x000f6a       data     extern C:\MCC18\SRC\TRADIT~1\PROC\p18f2550.asm
                     UEP0   0x000f70       data     extern C:\MCC18\SRC\TRADIT~1\PROC\p18f2550.asm
                 UEP0bits   0x000f70       data     extern C:\MCC18\SRC\TRADIT~1\PROC\p18f2550.asm
                     UEP1   0x000f71       data     extern C:\MCC18\SRC\TRADIT~1\PROC\p18f2550.asm
                    UEP10   0x000f7a       data     extern C:\MCC18\SRC\TRADIT~1\PROC\p18f2550.asm
                UEP10bits   0x000f7a       data     extern C:\MCC18\SRC\TRADIT~1\PROC\p18f2550.asm
                    UEP11   0x000f7b       data     extern C:\MCC18\SRC\TRADIT~1\PROC\p18f2550.asm
                UEP11bits   0x000f7b       data     extern C:\MCC18\SRC\TRADIT~1\PROC\p18f2550.asm
                    UEP12   0x000f7c       data     extern C:\MCC18\SRC\TRADIT~1\PROC\p18f2550.asm
                UEP12bits   0x000f7c       data     extern C:\MCC18\SRC\TRADIT~1\PROC\p18f2550.asm
                    UEP13   0x000f7d       data     extern C:\MCC18\SRC\TRADIT~1\PROC\p18f2550.asm
                UEP13bits   0x000f7d       data     extern C:\MCC18\SRC\TRADIT~1\PROC\p18f2550.asm
                    UEP14   0x000f7e       data     extern C:\MCC18\SRC\TRADIT~1\PROC\p18f2550.asm
                UEP14bits   0x000f7e       data     extern C:\MCC18\SRC\TRADIT~1\PROC\p18f2550.asm
                    UEP15   0x000f7f       data     extern C:\MCC18\SRC\TRADIT~1\PROC\p18f2550.asm
                UEP15bits   0x000f7f       data     extern C:\MCC18\SRC\TRADIT~1\PROC\p18f2550.asm
                 UEP1bits   0x000f71       data     extern C:\MCC18\SRC\TRADIT~1\PROC\p18f2550.asm
                     UEP2   0x000f72       data     extern C:\MCC18\SRC\TRADIT~1\PROC\p18f2550.asm
                 UEP2bits   0x000f72       data     extern C:\MCC18\SRC\TRADIT~1\PROC\p18f2550.asm
                     UEP3   0x000f73       data     extern C:\MCC18\SRC\TRADIT~1\PROC\p18f2550.asm
                 UEP3bits   0x000f73       data     extern C:\MCC18\SRC\TRADIT~1\PROC\p18f2550.asm
                     UEP4   0x000f74       data     extern C:\MCC18\SRC\TRADIT~1\PROC\p18f2550.asm
                 UEP4bits   0x000f74       data     extern C:\MCC18\SRC\TRADIT~1\PROC\p18f2550.asm
                     UEP5   0x000f75       data     extern C:\MCC18\SRC\TRADIT~1\PROC\p18f2550.asm
                 UEP5bits   0x000f75       data     extern C:\MCC18\SRC\TRADIT~1\PROC\p18f2550.asm
                     UEP6   0x000f76       data     extern C:\MCC18\SRC\TRADIT~1\PROC\p18f2550.asm
                 UEP6bits   0x000f76       data     extern C:\MCC18\SRC\TRADIT~1\PROC\p18f2550.asm
                     UEP7   0x000f77       data     extern C:\MCC18\SRC\TRADIT~1\PROC\p18f2550.asm
                 UEP7bits   0x000f77       data     extern C:\MCC18\SRC\TRADIT~1\PROC\p18f2550.asm
                     UEP8   0x000f78       data     extern C:\MCC18\SRC\TRADIT~1\PROC\p18f2550.asm
                 UEP8bits   0x000f78       data     extern C:\MCC18\SRC\TRADIT~1\PROC\p18f2550.asm
                     UEP9   0x000f79       data     extern C:\MCC18\SRC\TRADIT~1\PROC\p18f2550.asm
                 UEP9bits   0x000f79       data     extern C:\MCC18\SRC\TRADIT~1\PROC\p18f2550.asm
                     UFRM   0x000f66       data     extern C:\MCC18\SRC\TRADIT~1\PROC\p18f2550.asm
                    UFRMH   0x000f67       data     extern C:\MCC18\SRC\TRADIT~1\PROC\p18f2550.asm
                UFRMHbits   0x000f67       data     extern C:\MCC18\SRC\TRADIT~1\PROC\p18f2550.asm
                    UFRML   0x000f66       data     extern C:\MCC18\SRC\TRADIT~1\PROC\p18f2550.asm
                UFRMLbits   0x000f66       data     extern C:\MCC18\SRC\TRADIT~1\PROC\p18f2550.asm
                      UIE   0x000f69       data     extern C:\MCC18\SRC\TRADIT~1\PROC\p18f2550.asm
                  UIEbits   0x000f69       data     extern C:\MCC18\SRC\TRADIT~1\PROC\p18f2550.asm
                      UIR   0x000f68       data     extern C:\MCC18\SRC\TRADIT~1\PROC\p18f2550.asm
                  UIRbits   0x000f68       data     extern C:\MCC18\SRC\TRADIT~1\PROC\p18f2550.asm
                    USTAT   0x000f6c       data     extern C:\MCC18\SRC\TRADIT~1\PROC\p18f2550.asm
                USTATbits   0x000f6c       data     extern C:\MCC18\SRC\TRADIT~1\PROC\p18f2550.asm
                   WDTCON   0x000fd1       data     extern C:\MCC18\SRC\TRADIT~1\PROC\p18f2550.asm
               WDTCONbits   0x000fd1       data     extern C:\MCC18\SRC\TRADIT~1\PROC\p18f2550.asm
                     WREG   0x000fe8       data     extern C:\MCC18\SRC\TRADIT~1\PROC\p18f2550.asm
                __FPFLAGS   0x000001       data     extern C:\MCC18\SRC\TRADIT~1\MATH\cmath18.asm
            __FPFLAGSbits   0x000001       data     extern C:\MCC18\SRC\TRADIT~1\MATH\cmath18.asm
                  __tmp_0   0x000002       data     static C:\MCHPFSUSB\fw\Cdc\system\usb\usbctrltrf\usbctrltrf.c
                  __tmp_0   0x000002       data     static C:\MCHPFSUSB\fw\Cdc\system\usb\usb9\usb9.c
                  __tmp_0   0x000002       data     static C:\MCHPFSUSB\fw\Cdc\user\user.c
                  __tmp_0   0x000002       data     static C:\MCHPFSUSB\fw\Cdc\system\usb\class\cdc\cdc.c
                backlight   0x0000f7       data     extern C:\MCHPFSUSB\fw\Cdc\user\user.c
              cdc_data_rx   0x000508       data     extern C:\MCHPFSUSB\fw\Cdc\system\usb\usbmmap.c
              cdc_data_tx   0x000548       data     extern C:\MCHPFSUSB\fw\Cdc\system\usb\usbmmap.c
             cdc_mem_type   0x000107       data     extern C:\MCHPFSUSB\fw\Cdc\system\usb\class\cdc\cdc.c
               cdc_notice   0x000500       data     extern C:\MCHPFSUSB\fw\Cdc\system\usb\usbmmap.c
               cdc_rx_len   0x000100       data     extern C:\MCHPFSUSB\fw\Cdc\system\usb\class\cdc\cdc.c
            cdc_trf_state   0x000101       data     extern C:\MCHPFSUSB\fw\Cdc\system\usb\class\cdc\cdc.c
               cdc_tx_len   0x000106       data     extern C:\MCHPFSUSB\fw\Cdc\system\usb\class\cdc\cdc.c
                      col   0x0000ec       data     extern C:\MCHPFSUSB\fw\Cdc\user\user.c
                 contrast   0x0000f8       data     extern C:\MCHPFSUSB\fw\Cdc\user\user.c
    control_signal_bitmap   0x00010f       data     extern C:\MCHPFSUSB\fw\Cdc\system\usb\class\cdc\cdc.c
               controller   0x0000e5       data     extern C:\MCHPFSUSB\fw\Cdc\user\user.c
   ctrl_trf_session_owner   0x000126       data     extern C:\MCHPFSUSB\fw\Cdc\system\usb\usbctrltrf\usbctrltrf.c
           ctrl_trf_state   0x000125       data     extern C:\MCHPFSUSB\fw\Cdc\system\usb\usbctrltrf\usbctrltrf.c
                curr_byte   0x00011e       data     static C:\MCC18\src\traditional\startup\c018i.c
               curr_entry   0x000120       data     static C:\MCC18\src\traditional\startup\c018i.c
                   custom   0x0000ee       data     extern C:\MCHPFSUSB\fw\Cdc\user\user.c
               customdone   0x0000eb       data     extern C:\MCHPFSUSB\fw\Cdc\user\user.c
                 data_ptr   0x000122       data     static C:\MCC18\src\traditional\startup\c018i.c
              delay_count   0x0000fe       data     static C:\MCHPFSUSB\fw\Cdc\system\usb\usbdrv\usbdrv.c
dummy_encapsulated_cmd_response   0x000113       data     extern C:\MCHPFSUSB\fw\Cdc\system\usb\class\cdc\cdc.c
                    ep0Bi   0x000404       data     extern C:\MCHPFSUSB\fw\Cdc\system\usb\usbmmap.c
                    ep0Bo   0x000400       data     extern C:\MCHPFSUSB\fw\Cdc\system\usb\usbmmap.c
                    ep1Bi   0x00040c       data     extern C:\MCHPFSUSB\fw\Cdc\system\usb\usbmmap.c
                    ep1Bo   0x000408       data     extern C:\MCHPFSUSB\fw\Cdc\system\usb\usbmmap.c
                    ep2Bi   0x000414       data     extern C:\MCHPFSUSB\fw\Cdc\system\usb\usbmmap.c
                    ep2Bo   0x000410       data     extern C:\MCHPFSUSB\fw\Cdc\system\usb\usbmmap.c
                    ep3Bi   0x00041c       data     extern C:\MCHPFSUSB\fw\Cdc\system\usb\usbmmap.c
                    ep3Bo   0x000418       data     extern C:\MCHPFSUSB\fw\Cdc\system\usb\usbmmap.c
                        i   0x0000e3       data     extern C:\MCHPFSUSB\fw\Cdc\user\user.c
             input_buffer   0x000063       data     extern C:\MCHPFSUSB\fw\Cdc\user\user.c
        input_buffer_char   0x000062       data     extern C:\MCHPFSUSB\fw\Cdc\user\user.c
     input_buffer_pointer   0x000060       data     extern C:\MCHPFSUSB\fw\Cdc\user\user.c
        input_buffer_size   0x000061       data     extern C:\MCHPFSUSB\fw\Cdc\user\user.c
              line_coding   0x000108       data     extern C:\MCHPFSUSB\fw\Cdc\system\usb\class\cdc\cdc.c
                 nextchar   0x0000e9       data     extern C:\MCHPFSUSB\fw\Cdc\user\user.c
                  onebyte   0x0000ea       data     extern C:\MCHPFSUSB\fw\Cdc\user\user.c
            output_buffer   0x0000a3       data     extern C:\MCHPFSUSB\fw\Cdc\user\user.c
                  pCDCDst   0x000104       data     extern C:\MCHPFSUSB\fw\Cdc\system\usb\class\cdc\cdc.c
                  pCDCSrc   0x000102       data     extern C:\MCHPFSUSB\fw\Cdc\system\usb\class\cdc\cdc.c
                     pDst   0x000129       data     extern C:\MCHPFSUSB\fw\Cdc\system\usb\usbctrltrf\usbctrltrf.c
                     pSrc   0x000127       data     extern C:\MCHPFSUSB\fw\Cdc\system\usb\usbctrltrf\usbctrltrf.c
                 position   0x0000f9       data     extern C:\MCHPFSUSB\fw\Cdc\user\user.c
                     prom   0x00011b       data     static C:\MCC18\src\traditional\startup\c018i.c
                      row   0x0000ed       data     extern C:\MCHPFSUSB\fw\Cdc\user\user.c
           savecontroller   0x0000e4       data     extern C:\MCHPFSUSB\fw\Cdc\user\user.c
                transient   0x0000e6       data     extern C:\MCHPFSUSB\fw\Cdc\user\user.c
           usb_active_cfg   0x0000fc       data     extern C:\MCHPFSUSB\fw\Cdc\system\usb\usbmmap.c
             usb_alt_intf   0x0000fd       data     extern C:\MCHPFSUSB\fw\Cdc\system\usb\usbmmap.c
         usb_device_state   0x0000fa       data     extern C:\MCHPFSUSB\fw\Cdc\system\usb\usbmmap.c
                 usb_stat   0x0000fb       data     extern C:\MCHPFSUSB\fw\Cdc\system\usb\usbmmap.c
                   wCount   0x00012b       data     extern C:\MCHPFSUSB\fw\Cdc\system\usb\usbctrltrf\usbctrltrf.c



                              Symbols - Sorted by Address
                     Name    Address   Location    Storage File                     
                ---------  ---------  ---------  --------- ---------                
                   _entry   0x000000    program     extern C:\MCC18\src\traditional\startup\c018i.c
       ___return_lbl00000   0x000004    program     static                          
                 UserInit   0x00002c    program     extern C:\MCHPFSUSB\fw\Cdc\user\user.c
                ProcessIO   0x000078    program     extern C:\MCHPFSUSB\fw\Cdc\user\user.c
                 setupLCD   0x0000ac    program     extern C:\MCHPFSUSB\fw\Cdc\user\user.c
                  sortCMD   0x000164    program     extern C:\MCHPFSUSB\fw\Cdc\user\user.c
              whatcommand   0x000232    program     extern C:\MCHPFSUSB\fw\Cdc\user\user.c
                LCDcustom   0x0002a4    program     extern C:\MCHPFSUSB\fw\Cdc\user\user.c
                  LCDbusy   0x000326    program     extern C:\MCHPFSUSB\fw\Cdc\user\user.c
           ___if_lbl00081   0x0003a6    program     static                          
       ___return_lbl00080   0x0003aa    program     static                          
                     LCDw   0x0003ac    program     extern C:\MCHPFSUSB\fw\Cdc\user\user.c
       ___case_1_lbl00084   0x0003ca    program     static                          
       ___case_2_lbl00085   0x0003ce    program     static                          
       ___case_3_lbl00086   0x0003d2    program     static                          
   ___switchexit_lbl00083   0x0003d8    program     static                          
       ___return_lbl00082   0x0003fe    program     static                          
                    LCDch   0x000406    program     extern C:\MCHPFSUSB\fw\Cdc\user\user.c
       ___case_1_lbl00089   0x00042c    program     static                          
       ___case_2_lbl00090   0x000430    program     static                          
       ___case_3_lbl00091   0x000434    program     static                          
   ___switchexit_lbl00088   0x00043a    program     static                          
       ___return_lbl00087   0x000462    program     static                          
              LCDposition   0x00046a    program     extern C:\MCHPFSUSB\fw\Cdc\user\user.c
             getnewbuffer   0x0004be    program     extern C:\MCHPFSUSB\fw\Cdc\user\user.c
              getnextbyte   0x0004e4    program     extern C:\MCHPFSUSB\fw\Cdc\user\user.c
       USBCheckCDCRequest   0x00050e    program     extern C:\MCHPFSUSB\fw\Cdc\system\usb\class\cdc\cdc.c
                CDCInitEP   0x0005c6    program     extern C:\MCHPFSUSB\fw\Cdc\system\usb\class\cdc\cdc.c
             getsUSBUSART   0x000616    program     extern C:\MCHPFSUSB\fw\Cdc\system\usb\class\cdc\cdc.c
             putsUSBUSART   0x000694    program     extern C:\MCHPFSUSB\fw\Cdc\system\usb\class\cdc\cdc.c
            putrsUSBUSART   0x00070a    program     extern C:\MCHPFSUSB\fw\Cdc\system\usb\class\cdc\cdc.c
             CDCTxService   0x000782    program     extern C:\MCHPFSUSB\fw\Cdc\system\usb\class\cdc\cdc.c
         USBCtrlEPService   0x000868    program     extern C:\MCHPFSUSB\fw\Cdc\system\usb\usbctrltrf\usbctrltrf.c
   USBCtrlTrfSetupHandler   0x00089e    program     extern C:\MCHPFSUSB\fw\Cdc\system\usb\usbctrltrf\usbctrltrf.c
     USBCtrlTrfOutHandler   0x000908    program     extern C:\MCHPFSUSB\fw\Cdc\system\usb\usbctrltrf\usbctrltrf.c
      USBCtrlTrfInHandler   0x000926    program     extern C:\MCHPFSUSB\fw\Cdc\system\usb\usbctrltrf\usbctrltrf.c
      USBCtrlTrfTxService   0x00095c    program     extern C:\MCHPFSUSB\fw\Cdc\system\usb\usbctrltrf\usbctrltrf.c
      USBCtrlTrfRxService   0x000a36    program     extern C:\MCHPFSUSB\fw\Cdc\system\usb\usbctrltrf\usbctrltrf.c
 USBCtrlEPServiceComplete   0x000ab0    program     extern C:\MCHPFSUSB\fw\Cdc\system\usb\usbctrltrf\usbctrltrf.c
USBPrepareForNextSetupTrf   0x000b3a    program     extern C:\MCHPFSUSB\fw\Cdc\system\usb\usbctrltrf\usbctrltrf.c
       USBCheckStdRequest   0x000b56    program     extern C:\MCHPFSUSB\fw\Cdc\system\usb\usb9\usb9.c
      USBStdGetDscHandler   0x000c0c    program     extern C:\MCHPFSUSB\fw\Cdc\system\usb\usb9\usb9.c
      USBStdSetCfgHandler   0x000cba    program     extern C:\MCHPFSUSB\fw\Cdc\system\usb\usb9\usb9.c
   USBStdGetStatusHandler   0x000d08    program     extern C:\MCHPFSUSB\fw\Cdc\system\usb\usb9\usb9.c
  USBStdFeatureReqHandler   0x000d9e    program     extern C:\MCHPFSUSB\fw\Cdc\system\usb\usb9\usb9.c
        USBCheckBusStatus   0x000e40    program     extern C:\MCHPFSUSB\fw\Cdc\system\usb\usbdrv\usbdrv.c
          USBModuleEnable   0x000e5c    program     extern C:\MCHPFSUSB\fw\Cdc\system\usb\usbdrv\usbdrv.c
         USBModuleDisable   0x000e6a    program     extern C:\MCHPFSUSB\fw\Cdc\system\usb\usbdrv\usbdrv.c
            USBSoftDetach   0x000e74    program     extern C:\MCHPFSUSB\fw\Cdc\system\usb\usbdrv\usbdrv.c
         USBDriverService   0x000e78    program     extern C:\MCHPFSUSB\fw\Cdc\system\usb\usbdrv\usbdrv.c
               USBSuspend   0x000ef6    program     extern C:\MCHPFSUSB\fw\Cdc\system\usb\usbdrv\usbdrv.c
       ___return_lbl00028   0x000f04    program     static                          
       USBWakeFromSuspend   0x000f06    program     extern C:\MCHPFSUSB\fw\Cdc\system\usb\usbdrv\usbdrv.c
          USBRemoteWakeup   0x000f0e    program     extern C:\MCHPFSUSB\fw\Cdc\system\usb\usbdrv\usbdrv.c
          USB_SOF_Handler   0x000f32    program     extern C:\MCHPFSUSB\fw\Cdc\system\usb\usbdrv\usbdrv.c
          USBStallHandler   0x000f36    program     extern C:\MCHPFSUSB\fw\Cdc\system\usb\usbdrv\usbdrv.c
          USBErrorHandler   0x000f44    program     extern C:\MCHPFSUSB\fw\Cdc\system\usb\usbdrv\usbdrv.c
  USBProtocolResetHandler   0x000f48    program     extern C:\MCHPFSUSB\fw\Cdc\system\usb\usbdrv\usbdrv.c
               ClearArray   0x000f8c    program     extern C:\MCHPFSUSB\fw\Cdc\system\usb\usbdrv\usbdrv.c
        ___while_lbl00043   0x000fa0    program     static                          
       ___return_lbl00042   0x000fae    program     static                          
        ___while_lbl00044   0x000fae    program     static                          
               device_dsc   0x000fb6    program     extern C:\MCHPFSUSB\fw\Cdc\autofiles\usbdsc.c
                    cfg01   0x000fc8    program     extern C:\MCHPFSUSB\fw\Cdc\autofiles\usbdsc.c
                    sd000   0x00100b    program     extern C:\MCHPFSUSB\fw\Cdc\autofiles\usbdsc.c
                    sd001   0x00100f    program     extern C:\MCHPFSUSB\fw\Cdc\autofiles\usbdsc.c
                    sd002   0x001043    program     extern C:\MCHPFSUSB\fw\Cdc\autofiles\usbdsc.c
               USB_CD_Ptr   0x001077    program     extern C:\MCHPFSUSB\fw\Cdc\autofiles\usbdsc.c
               USB_SD_Ptr   0x00107b    program     extern C:\MCHPFSUSB\fw\Cdc\autofiles\usbdsc.c
          ClassReqHandler   0x001081    program     extern C:\MCHPFSUSB\fw\Cdc\autofiles\usbdsc.c
                _do_cinit   0x001084    program     extern C:\MCC18\src\traditional\startup\c018i.c
                     test   0x00109e    program     static                          
                copy_loop   0x0010f6    program     static                          
            copy_one_byte   0x0010fc    program     static                          
             done_copying   0x00110a    program     static                          
                     done   0x001120    program     static                          
       ___return_lbl00002   0x001120    program     static                          
                     main   0x001122    program     extern C:\MCHPFSUSB\fw\Cdc\main.c
         InitializeSystem   0x00112c    program     static C:\MCHPFSUSB\fw\Cdc\main.c
                 USBTasks   0x001144    program     extern C:\MCHPFSUSB\fw\Cdc\main.c
                 _startup   0x001150    program     extern C:\MCC18\src\traditional\startup\c018i.c
                     loop   0x001160    program     static                          
       ___return_lbl00001   0x001166    program     static                          
                     SIGN   0x000000       data     extern C:\MCC18\SRC\TRADIT~1\MATH\cmath18.asm
            __FPFLAGSbits   0x000001       data     extern C:\MCC18\SRC\TRADIT~1\MATH\cmath18.asm
                __FPFLAGS   0x000001       data     extern C:\MCC18\SRC\TRADIT~1\MATH\cmath18.asm
                  __tmp_0   0x000002       data     static C:\MCHPFSUSB\fw\Cdc\system\usb\usbctrltrf\usbctrltrf.c
                  __tmp_0   0x000002       data     static C:\MCHPFSUSB\fw\Cdc\system\usb\usb9\usb9.c
                  __tmp_0   0x000002       data     static C:\MCHPFSUSB\fw\Cdc\user\user.c
                  __tmp_0   0x000002       data     static C:\MCHPFSUSB\fw\Cdc\system\usb\class\cdc\cdc.c
     input_buffer_pointer   0x000060       data     extern C:\MCHPFSUSB\fw\Cdc\user\user.c
        input_buffer_size   0x000061       data     extern C:\MCHPFSUSB\fw\Cdc\user\user.c
        input_buffer_char   0x000062       data     extern C:\MCHPFSUSB\fw\Cdc\user\user.c
             input_buffer   0x000063       data     extern C:\MCHPFSUSB\fw\Cdc\user\user.c
            output_buffer   0x0000a3       data     extern C:\MCHPFSUSB\fw\Cdc\user\user.c
                        i   0x0000e3       data     extern C:\MCHPFSUSB\fw\Cdc\user\user.c
           savecontroller   0x0000e4       data     extern C:\MCHPFSUSB\fw\Cdc\user\user.c
               controller   0x0000e5       data     extern C:\MCHPFSUSB\fw\Cdc\user\user.c
                transient   0x0000e6       data     extern C:\MCHPFSUSB\fw\Cdc\user\user.c
                 LCDready   0x0000e7       data     extern C:\MCHPFSUSB\fw\Cdc\user\user.c
            LCDsetupstate   0x0000e8       data     extern C:\MCHPFSUSB\fw\Cdc\user\user.c
                 nextchar   0x0000e9       data     extern C:\MCHPFSUSB\fw\Cdc\user\user.c
                  onebyte   0x0000ea       data     extern C:\MCHPFSUSB\fw\Cdc\user\user.c
               customdone   0x0000eb       data     extern C:\MCHPFSUSB\fw\Cdc\user\user.c
                      col   0x0000ec       data     extern C:\MCHPFSUSB\fw\Cdc\user\user.c
                      row   0x0000ed       data     extern C:\MCHPFSUSB\fw\Cdc\user\user.c
                   custom   0x0000ee       data     extern C:\MCHPFSUSB\fw\Cdc\user\user.c
                backlight   0x0000f7       data     extern C:\MCHPFSUSB\fw\Cdc\user\user.c
                 contrast   0x0000f8       data     extern C:\MCHPFSUSB\fw\Cdc\user\user.c
                 position   0x0000f9       data     extern C:\MCHPFSUSB\fw\Cdc\user\user.c
         usb_device_state   0x0000fa       data     extern C:\MCHPFSUSB\fw\Cdc\system\usb\usbmmap.c
                 usb_stat   0x0000fb       data     extern C:\MCHPFSUSB\fw\Cdc\system\usb\usbmmap.c
           usb_active_cfg   0x0000fc       data     extern C:\MCHPFSUSB\fw\Cdc\system\usb\usbmmap.c
             usb_alt_intf   0x0000fd       data     extern C:\MCHPFSUSB\fw\Cdc\system\usb\usbmmap.c
              delay_count   0x0000fe       data     static C:\MCHPFSUSB\fw\Cdc\system\usb\usbdrv\usbdrv.c
               cdc_rx_len   0x000100       data     extern C:\MCHPFSUSB\fw\Cdc\system\usb\class\cdc\cdc.c
            cdc_trf_state   0x000101       data     extern C:\MCHPFSUSB\fw\Cdc\system\usb\class\cdc\cdc.c
                  pCDCSrc   0x000102       data     extern C:\MCHPFSUSB\fw\Cdc\system\usb\class\cdc\cdc.c
                  pCDCDst   0x000104       data     extern C:\MCHPFSUSB\fw\Cdc\system\usb\class\cdc\cdc.c
               cdc_tx_len   0x000106       data     extern C:\MCHPFSUSB\fw\Cdc\system\usb\class\cdc\cdc.c
             cdc_mem_type   0x000107       data     extern C:\MCHPFSUSB\fw\Cdc\system\usb\class\cdc\cdc.c
              line_coding   0x000108       data     extern C:\MCHPFSUSB\fw\Cdc\system\usb\class\cdc\cdc.c
    control_signal_bitmap   0x00010f       data     extern C:\MCHPFSUSB\fw\Cdc\system\usb\class\cdc\cdc.c
dummy_encapsulated_cmd_response   0x000113       data     extern C:\MCHPFSUSB\fw\Cdc\system\usb\class\cdc\cdc.c
                     prom   0x00011b       data     static C:\MCC18\src\traditional\startup\c018i.c
                curr_byte   0x00011e       data     static C:\MCC18\src\traditional\startup\c018i.c
               curr_entry   0x000120       data     static C:\MCC18\src\traditional\startup\c018i.c
                 data_ptr   0x000122       data     static C:\MCC18\src\traditional\startup\c018i.c
           ctrl_trf_state   0x000125       data     extern C:\MCHPFSUSB\fw\Cdc\system\usb\usbctrltrf\usbctrltrf.c
   ctrl_trf_session_owner   0x000126       data     extern C:\MCHPFSUSB\fw\Cdc\system\usb\usbctrltrf\usbctrltrf.c
                     pSrc   0x000127       data     extern C:\MCHPFSUSB\fw\Cdc\system\usb\usbctrltrf\usbctrltrf.c
                     pDst   0x000129       data     extern C:\MCHPFSUSB\fw\Cdc\system\usb\usbctrltrf\usbctrltrf.c
                   wCount   0x00012b       data     extern C:\MCHPFSUSB\fw\Cdc\system\usb\usbctrltrf\usbctrltrf.c
                    ep0Bo   0x000400       data     extern C:\MCHPFSUSB\fw\Cdc\system\usb\usbmmap.c
                    ep0Bi   0x000404       data     extern C:\MCHPFSUSB\fw\Cdc\system\usb\usbmmap.c
                    ep1Bo   0x000408       data     extern C:\MCHPFSUSB\fw\Cdc\system\usb\usbmmap.c
                    ep1Bi   0x00040c       data     extern C:\MCHPFSUSB\fw\Cdc\system\usb\usbmmap.c
                    ep2Bo   0x000410       data     extern C:\MCHPFSUSB\fw\Cdc\system\usb\usbmmap.c
                    ep2Bi   0x000414       data     extern C:\MCHPFSUSB\fw\Cdc\system\usb\usbmmap.c
                    ep3Bo   0x000418       data     extern C:\MCHPFSUSB\fw\Cdc\system\usb\usbmmap.c
                    ep3Bi   0x00041c       data     extern C:\MCHPFSUSB\fw\Cdc\system\usb\usbmmap.c
                 SetupPkt   0x000420       data     extern C:\MCHPFSUSB\fw\Cdc\system\usb\usbmmap.c
              CtrlTrfData   0x000428       data     extern C:\MCHPFSUSB\fw\Cdc\system\usb\usbmmap.c
               cdc_notice   0x000500       data     extern C:\MCHPFSUSB\fw\Cdc\system\usb\usbmmap.c
              cdc_data_rx   0x000508       data     extern C:\MCHPFSUSB\fw\Cdc\system\usb\usbmmap.c
              cdc_data_tx   0x000548       data     extern C:\MCHPFSUSB\fw\Cdc\system\usb\usbmmap.c
                     UFRM   0x000f66       data     extern C:\MCC18\SRC\TRADIT~1\PROC\p18f2550.asm
                UFRMLbits   0x000f66       data     extern C:\MCC18\SRC\TRADIT~1\PROC\p18f2550.asm
                    UFRML   0x000f66       data     extern C:\MCC18\SRC\TRADIT~1\PROC\p18f2550.asm
                    UFRMH   0x000f67       data     extern C:\MCC18\SRC\TRADIT~1\PROC\p18f2550.asm
                UFRMHbits   0x000f67       data     extern C:\MCC18\SRC\TRADIT~1\PROC\p18f2550.asm
                  UIRbits   0x000f68       data     extern C:\MCC18\SRC\TRADIT~1\PROC\p18f2550.asm
                      UIR   0x000f68       data     extern C:\MCC18\SRC\TRADIT~1\PROC\p18f2550.asm
                      UIE   0x000f69       data     extern C:\MCC18\SRC\TRADIT~1\PROC\p18f2550.asm
                  UIEbits   0x000f69       data     extern C:\MCC18\SRC\TRADIT~1\PROC\p18f2550.asm
                     UEIR   0x000f6a       data     extern C:\MCC18\SRC\TRADIT~1\PROC\p18f2550.asm
                 UEIRbits   0x000f6a       data     extern C:\MCC18\SRC\TRADIT~1\PROC\p18f2550.asm
                 UEIEbits   0x000f6b       data     extern C:\MCC18\SRC\TRADIT~1\PROC\p18f2550.asm
                     UEIE   0x000f6b       data     extern C:\MCC18\SRC\TRADIT~1\PROC\p18f2550.asm
                    USTAT   0x000f6c       data     extern C:\MCC18\SRC\TRADIT~1\PROC\p18f2550.asm
                USTATbits   0x000f6c       data     extern C:\MCC18\SRC\TRADIT~1\PROC\p18f2550.asm
                 UCONbits   0x000f6d       data     extern C:\MCC18\SRC\TRADIT~1\PROC\p18f2550.asm
                     UCON   0x000f6d       data     extern C:\MCC18\SRC\TRADIT~1\PROC\p18f2550.asm
                UADDRbits   0x000f6e       data     extern C:\MCC18\SRC\TRADIT~1\PROC\p18f2550.asm
                    UADDR   0x000f6e       data     extern C:\MCC18\SRC\TRADIT~1\PROC\p18f2550.asm
                 UCFGbits   0x000f6f       data     extern C:\MCC18\SRC\TRADIT~1\PROC\p18f2550.asm
                     UCFG   0x000f6f       data     extern C:\MCC18\SRC\TRADIT~1\PROC\p18f2550.asm
                 UEP0bits   0x000f70       data     extern C:\MCC18\SRC\TRADIT~1\PROC\p18f2550.asm
                     UEP0   0x000f70       data     extern C:\MCC18\SRC\TRADIT~1\PROC\p18f2550.asm
                     UEP1   0x000f71       data     extern C:\MCC18\SRC\TRADIT~1\PROC\p18f2550.asm
                 UEP1bits   0x000f71       data     extern C:\MCC18\SRC\TRADIT~1\PROC\p18f2550.asm
                 UEP2bits   0x000f72       data     extern C:\MCC18\SRC\TRADIT~1\PROC\p18f2550.asm
                     UEP2   0x000f72       data     extern C:\MCC18\SRC\TRADIT~1\PROC\p18f2550.asm
                     UEP3   0x000f73       data     extern C:\MCC18\SRC\TRADIT~1\PROC\p18f2550.asm
                 UEP3bits   0x000f73       data     extern C:\MCC18\SRC\TRADIT~1\PROC\p18f2550.asm
                     UEP4   0x000f74       data     extern C:\MCC18\SRC\TRADIT~1\PROC\p18f2550.asm
                 UEP4bits   0x000f74       data     extern C:\MCC18\SRC\TRADIT~1\PROC\p18f2550.asm
                     UEP5   0x000f75       data     extern C:\MCC18\SRC\TRADIT~1\PROC\p18f2550.asm
                 UEP5bits   0x000f75       data     extern C:\MCC18\SRC\TRADIT~1\PROC\p18f2550.asm
                 UEP6bits   0x000f76       data     extern C:\MCC18\SRC\TRADIT~1\PROC\p18f2550.asm
                     UEP6   0x000f76       data     extern C:\MCC18\SRC\TRADIT~1\PROC\p18f2550.asm
                 UEP7bits   0x000f77       data     extern C:\MCC18\SRC\TRADIT~1\PROC\p18f2550.asm
                     UEP7   0x000f77       data     extern C:\MCC18\SRC\TRADIT~1\PROC\p18f2550.asm
                 UEP8bits   0x000f78       data     extern C:\MCC18\SRC\TRADIT~1\PROC\p18f2550.asm
                     UEP8   0x000f78       data     extern C:\MCC18\SRC\TRADIT~1\PROC\p18f2550.asm
                 UEP9bits   0x000f79       data     extern C:\MCC18\SRC\TRADIT~1\PROC\p18f2550.asm
                     UEP9   0x000f79       data     extern C:\MCC18\SRC\TRADIT~1\PROC\p18f2550.asm
                    UEP10   0x000f7a       data     extern C:\MCC18\SRC\TRADIT~1\PROC\p18f2550.asm
                UEP10bits   0x000f7a       data     extern C:\MCC18\SRC\TRADIT~1\PROC\p18f2550.asm
                UEP11bits   0x000f7b       data     extern C:\MCC18\SRC\TRADIT~1\PROC\p18f2550.asm
                    UEP11   0x000f7b       data     extern C:\MCC18\SRC\TRADIT~1\PROC\p18f2550.asm
                    UEP12   0x000f7c       data     extern C:\MCC18\SRC\TRADIT~1\PROC\p18f2550.asm
                UEP12bits   0x000f7c       data     extern C:\MCC18\SRC\TRADIT~1\PROC\p18f2550.asm
                UEP13bits   0x000f7d       data     extern C:\MCC18\SRC\TRADIT~1\PROC\p18f2550.asm
                    UEP13   0x000f7d       data     extern C:\MCC18\SRC\TRADIT~1\PROC\p18f2550.asm
                    UEP14   0x000f7e       data     extern C:\MCC18\SRC\TRADIT~1\PROC\p18f2550.asm
                UEP14bits   0x000f7e       data     extern C:\MCC18\SRC\TRADIT~1\PROC\p18f2550.asm
                UEP15bits   0x000f7f       data     extern C:\MCC18\SRC\TRADIT~1\PROC\p18f2550.asm
                    UEP15   0x000f7f       data     extern C:\MCC18\SRC\TRADIT~1\PROC\p18f2550.asm
                    PORTA   0x000f80       data     extern C:\MCC18\SRC\TRADIT~1\PROC\p18f2550.asm
                PORTAbits   0x000f80       data     extern C:\MCC18\SRC\TRADIT~1\PROC\p18f2550.asm
                    PORTB   0x000f81       data     extern C:\MCC18\SRC\TRADIT~1\PROC\p18f2550.asm
                PORTBbits   0x000f81       data     extern C:\MCC18\SRC\TRADIT~1\PROC\p18f2550.asm
                    PORTC   0x000f82       data     extern C:\MCC18\SRC\TRADIT~1\PROC\p18f2550.asm
                PORTCbits   0x000f82       data     extern C:\MCC18\SRC\TRADIT~1\PROC\p18f2550.asm
                    PORTE   0x000f84       data     extern C:\MCC18\SRC\TRADIT~1\PROC\p18f2550.asm
                PORTEbits   0x000f84       data     extern C:\MCC18\SRC\TRADIT~1\PROC\p18f2550.asm
                 LATAbits   0x000f89       data     extern C:\MCC18\SRC\TRADIT~1\PROC\p18f2550.asm
                     LATA   0x000f89       data     extern C:\MCC18\SRC\TRADIT~1\PROC\p18f2550.asm
                     LATB   0x000f8a       data     extern C:\MCC18\SRC\TRADIT~1\PROC\p18f2550.asm
                 LATBbits   0x000f8a       data     extern C:\MCC18\SRC\TRADIT~1\PROC\p18f2550.asm
                     LATC   0x000f8b       data     extern C:\MCC18\SRC\TRADIT~1\PROC\p18f2550.asm
                 LATCbits   0x000f8b       data     extern C:\MCC18\SRC\TRADIT~1\PROC\p18f2550.asm
                     DDRA   0x000f92       data     extern C:\MCC18\SRC\TRADIT~1\PROC\p18f2550.asm
                 DDRAbits   0x000f92       data     extern C:\MCC18\SRC\TRADIT~1\PROC\p18f2550.asm
                TRISAbits   0x000f92       data     extern C:\MCC18\SRC\TRADIT~1\PROC\p18f2550.asm
                    TRISA   0x000f92       data     extern C:\MCC18\SRC\TRADIT~1\PROC\p18f2550.asm
                TRISBbits   0x000f93       data     extern C:\MCC18\SRC\TRADIT~1\PROC\p18f2550.asm
                    TRISB   0x000f93       data     extern C:\MCC18\SRC\TRADIT~1\PROC\p18f2550.asm
                     DDRB   0x000f93       data     extern C:\MCC18\SRC\TRADIT~1\PROC\p18f2550.asm
                 DDRBbits   0x000f93       data     extern C:\MCC18\SRC\TRADIT~1\PROC\p18f2550.asm
                TRISCbits   0x000f94       data     extern C:\MCC18\SRC\TRADIT~1\PROC\p18f2550.asm
                    TRISC   0x000f94       data     extern C:\MCC18\SRC\TRADIT~1\PROC\p18f2550.asm
                     DDRC   0x000f94       data     extern C:\MCC18\SRC\TRADIT~1\PROC\p18f2550.asm
                 DDRCbits   0x000f94       data     extern C:\MCC18\SRC\TRADIT~1\PROC\p18f2550.asm
                  OSCTUNE   0x000f9b       data     extern C:\MCC18\SRC\TRADIT~1\PROC\p18f2550.asm
              OSCTUNEbits   0x000f9b       data     extern C:\MCC18\SRC\TRADIT~1\PROC\p18f2550.asm
                     PIE1   0x000f9d       data     extern C:\MCC18\SRC\TRADIT~1\PROC\p18f2550.asm
                 PIE1bits   0x000f9d       data     extern C:\MCC18\SRC\TRADIT~1\PROC\p18f2550.asm
                 PIR1bits   0x000f9e       data     extern C:\MCC18\SRC\TRADIT~1\PROC\p18f2550.asm
                     PIR1   0x000f9e       data     extern C:\MCC18\SRC\TRADIT~1\PROC\p18f2550.asm
                     IPR1   0x000f9f       data     extern C:\MCC18\SRC\TRADIT~1\PROC\p18f2550.asm
                 IPR1bits   0x000f9f       data     extern C:\MCC18\SRC\TRADIT~1\PROC\p18f2550.asm
                     PIE2   0x000fa0       data     extern C:\MCC18\SRC\TRADIT~1\PROC\p18f2550.asm
                 PIE2bits   0x000fa0       data     extern C:\MCC18\SRC\TRADIT~1\PROC\p18f2550.asm
                     PIR2   0x000fa1       data     extern C:\MCC18\SRC\TRADIT~1\PROC\p18f2550.asm
                 PIR2bits   0x000fa1       data     extern C:\MCC18\SRC\TRADIT~1\PROC\p18f2550.asm
                 IPR2bits   0x000fa2       data     extern C:\MCC18\SRC\TRADIT~1\PROC\p18f2550.asm
                     IPR2   0x000fa2       data     extern C:\MCC18\SRC\TRADIT~1\PROC\p18f2550.asm
               EECON1bits   0x000fa6       data     extern C:\MCC18\SRC\TRADIT~1\PROC\p18f2550.asm
                   EECON1   0x000fa6       data     extern C:\MCC18\SRC\TRADIT~1\PROC\p18f2550.asm
                   EECON2   0x000fa7       data     extern C:\MCC18\SRC\TRADIT~1\PROC\p18f2550.asm
                   EEDATA   0x000fa8       data     extern C:\MCC18\SRC\TRADIT~1\PROC\p18f2550.asm
                    EEADR   0x000fa9       data     extern C:\MCC18\SRC\TRADIT~1\PROC\p18f2550.asm
                    RCSTA   0x000fab       data     extern C:\MCC18\SRC\TRADIT~1\PROC\p18f2550.asm
                RCSTAbits   0x000fab       data     extern C:\MCC18\SRC\TRADIT~1\PROC\p18f2550.asm
                TXSTAbits   0x000fac       data     extern C:\MCC18\SRC\TRADIT~1\PROC\p18f2550.asm
                    TXSTA   0x000fac       data     extern C:\MCC18\SRC\TRADIT~1\PROC\p18f2550.asm
                    TXREG   0x000fad       data     extern C:\MCC18\SRC\TRADIT~1\PROC\p18f2550.asm
                    RCREG   0x000fae       data     extern C:\MCC18\SRC\TRADIT~1\PROC\p18f2550.asm
                    SPBRG   0x000faf       data     extern C:\MCC18\SRC\TRADIT~1\PROC\p18f2550.asm
                   SPBRGH   0x000fb0       data     extern C:\MCC18\SRC\TRADIT~1\PROC\p18f2550.asm
                T3CONbits   0x000fb1       data     extern C:\MCC18\SRC\TRADIT~1\PROC\p18f2550.asm
                    T3CON   0x000fb1       data     extern C:\MCC18\SRC\TRADIT~1\PROC\p18f2550.asm
                    TMR3L   0x000fb2       data     extern C:\MCC18\SRC\TRADIT~1\PROC\p18f2550.asm
                    TMR3H   0x000fb3       data     extern C:\MCC18\SRC\TRADIT~1\PROC\p18f2550.asm
                    CMCON   0x000fb4       data     extern C:\MCC18\SRC\TRADIT~1\PROC\p18f2550.asm
                CMCONbits   0x000fb4       data     extern C:\MCC18\SRC\TRADIT~1\PROC\p18f2550.asm
                   CVRCON   0x000fb5       data     extern C:\MCC18\SRC\TRADIT~1\PROC\p18f2550.asm
               CVRCONbits   0x000fb5       data     extern C:\MCC18\SRC\TRADIT~1\PROC\p18f2550.asm
                   CCP1AS   0x000fb6       data     extern C:\MCC18\SRC\TRADIT~1\PROC\p18f2550.asm
               CCP1ASbits   0x000fb6       data     extern C:\MCC18\SRC\TRADIT~1\PROC\p18f2550.asm
                  ECCP1AS   0x000fb6       data     extern C:\MCC18\SRC\TRADIT~1\PROC\p18f2550.asm
              ECCP1ASbits   0x000fb6       data     extern C:\MCC18\SRC\TRADIT~1\PROC\p18f2550.asm
                  CCP1DEL   0x000fb7       data     extern C:\MCC18\SRC\TRADIT~1\PROC\p18f2550.asm
              CCP1DELbits   0x000fb7       data     extern C:\MCC18\SRC\TRADIT~1\PROC\p18f2550.asm
                 ECCP1DEL   0x000fb7       data     extern C:\MCC18\SRC\TRADIT~1\PROC\p18f2550.asm
             ECCP1DELbits   0x000fb7       data     extern C:\MCC18\SRC\TRADIT~1\PROC\p18f2550.asm
              BAUDCONbits   0x000fb8       data     extern C:\MCC18\SRC\TRADIT~1\PROC\p18f2550.asm
                  BAUDCON   0x000fb8       data     extern C:\MCC18\SRC\TRADIT~1\PROC\p18f2550.asm
                  CCP2CON   0x000fba       data     extern C:\MCC18\SRC\TRADIT~1\PROC\p18f2550.asm
              CCP2CONbits   0x000fba       data     extern C:\MCC18\SRC\TRADIT~1\PROC\p18f2550.asm
                   CCPR2L   0x000fbb       data     extern C:\MCC18\SRC\TRADIT~1\PROC\p18f2550.asm
                    CCPR2   0x000fbb       data     extern C:\MCC18\SRC\TRADIT~1\PROC\p18f2550.asm
                   CCPR2H   0x000fbc       data     extern C:\MCC18\SRC\TRADIT~1\PROC\p18f2550.asm
              CCP1CONbits   0x000fbd       data     extern C:\MCC18\SRC\TRADIT~1\PROC\p18f2550.asm
                  CCP1CON   0x000fbd       data     extern C:\MCC18\SRC\TRADIT~1\PROC\p18f2550.asm
                    CCPR1   0x000fbe       data     extern C:\MCC18\SRC\TRADIT~1\PROC\p18f2550.asm
                   CCPR1L   0x000fbe       data     extern C:\MCC18\SRC\TRADIT~1\PROC\p18f2550.asm
                   CCPR1H   0x000fbf       data     extern C:\MCC18\SRC\TRADIT~1\PROC\p18f2550.asm
                   ADCON2   0x000fc0       data     extern C:\MCC18\SRC\TRADIT~1\PROC\p18f2550.asm
               ADCON2bits   0x000fc0       data     extern C:\MCC18\SRC\TRADIT~1\PROC\p18f2550.asm
               ADCON1bits   0x000fc1       data     extern C:\MCC18\SRC\TRADIT~1\PROC\p18f2550.asm
                   ADCON1   0x000fc1       data     extern C:\MCC18\SRC\TRADIT~1\PROC\p18f2550.asm
                   ADCON0   0x000fc2       data     extern C:\MCC18\SRC\TRADIT~1\PROC\p18f2550.asm
               ADCON0bits   0x000fc2       data     extern C:\MCC18\SRC\TRADIT~1\PROC\p18f2550.asm
                    ADRES   0x000fc3       data     extern C:\MCC18\SRC\TRADIT~1\PROC\p18f2550.asm
                   ADRESL   0x000fc3       data     extern C:\MCC18\SRC\TRADIT~1\PROC\p18f2550.asm
                   ADRESH   0x000fc4       data     extern C:\MCC18\SRC\TRADIT~1\PROC\p18f2550.asm
                  SSPCON2   0x000fc5       data     extern C:\MCC18\SRC\TRADIT~1\PROC\p18f2550.asm
              SSPCON2bits   0x000fc5       data     extern C:\MCC18\SRC\TRADIT~1\PROC\p18f2550.asm
                  SSPCON1   0x000fc6       data     extern C:\MCC18\SRC\TRADIT~1\PROC\p18f2550.asm
              SSPCON1bits   0x000fc6       data     extern C:\MCC18\SRC\TRADIT~1\PROC\p18f2550.asm
                  SSPSTAT   0x000fc7       data     extern C:\MCC18\SRC\TRADIT~1\PROC\p18f2550.asm
              SSPSTATbits   0x000fc7       data     extern C:\MCC18\SRC\TRADIT~1\PROC\p18f2550.asm
                   SSPADD   0x000fc8       data     extern C:\MCC18\SRC\TRADIT~1\PROC\p18f2550.asm
                   SSPBUF   0x000fc9       data     extern C:\MCC18\SRC\TRADIT~1\PROC\p18f2550.asm
                T2CONbits   0x000fca       data     extern C:\MCC18\SRC\TRADIT~1\PROC\p18f2550.asm
                    T2CON   0x000fca       data     extern C:\MCC18\SRC\TRADIT~1\PROC\p18f2550.asm
                      PR2   0x000fcb       data     extern C:\MCC18\SRC\TRADIT~1\PROC\p18f2550.asm
                     TMR2   0x000fcc       data     extern C:\MCC18\SRC\TRADIT~1\PROC\p18f2550.asm
                T1CONbits   0x000fcd       data     extern C:\MCC18\SRC\TRADIT~1\PROC\p18f2550.asm
                    T1CON   0x000fcd       data     extern C:\MCC18\SRC\TRADIT~1\PROC\p18f2550.asm
                    TMR1L   0x000fce       data     extern C:\MCC18\SRC\TRADIT~1\PROC\p18f2550.asm
                    TMR1H   0x000fcf       data     extern C:\MCC18\SRC\TRADIT~1\PROC\p18f2550.asm
                     RCON   0x000fd0       data     extern C:\MCC18\SRC\TRADIT~1\PROC\p18f2550.asm
                 RCONbits   0x000fd0       data     extern C:\MCC18\SRC\TRADIT~1\PROC\p18f2550.asm
                   WDTCON   0x000fd1       data     extern C:\MCC18\SRC\TRADIT~1\PROC\p18f2550.asm
               WDTCONbits   0x000fd1       data     extern C:\MCC18\SRC\TRADIT~1\PROC\p18f2550.asm
               LVDCONbits   0x000fd2       data     extern C:\MCC18\SRC\TRADIT~1\PROC\p18f2550.asm
                   LVDCON   0x000fd2       data     extern C:\MCC18\SRC\TRADIT~1\PROC\p18f2550.asm
              HLVDCONbits   0x000fd2       data     extern C:\MCC18\SRC\TRADIT~1\PROC\p18f2550.asm
                  HLVDCON   0x000fd2       data     extern C:\MCC18\SRC\TRADIT~1\PROC\p18f2550.asm
               OSCCONbits   0x000fd3       data     extern C:\MCC18\SRC\TRADIT~1\PROC\p18f2550.asm
                   OSCCON   0x000fd3       data     extern C:\MCC18\SRC\TRADIT~1\PROC\p18f2550.asm
                    T0CON   0x000fd5       data     extern C:\MCC18\SRC\TRADIT~1\PROC\p18f2550.asm
                T0CONbits   0x000fd5       data     extern C:\MCC18\SRC\TRADIT~1\PROC\p18f2550.asm
                    TMR0L   0x000fd6       data     extern C:\MCC18\SRC\TRADIT~1\PROC\p18f2550.asm
                    TMR0H   0x000fd7       data     extern C:\MCC18\SRC\TRADIT~1\PROC\p18f2550.asm
               STATUSbits   0x000fd8       data     extern C:\MCC18\SRC\TRADIT~1\PROC\p18f2550.asm
                   STATUS   0x000fd8       data     extern C:\MCC18\SRC\TRADIT~1\PROC\p18f2550.asm
                    FSR2L   0x000fd9       data     extern C:\MCC18\SRC\TRADIT~1\PROC\p18f2550.asm
                     FSR2   0x000fd9       data     extern C:\MCC18\SRC\TRADIT~1\PROC\p18f2550.asm
                    FSR2H   0x000fda       data     extern C:\MCC18\SRC\TRADIT~1\PROC\p18f2550.asm
                   PLUSW2   0x000fdb       data     extern C:\MCC18\SRC\TRADIT~1\PROC\p18f2550.asm
                  PREINC2   0x000fdc       data     extern C:\MCC18\SRC\TRADIT~1\PROC\p18f2550.asm
                 POSTDEC2   0x000fdd       data     extern C:\MCC18\SRC\TRADIT~1\PROC\p18f2550.asm
                 POSTINC2   0x000fde       data     extern C:\MCC18\SRC\TRADIT~1\PROC\p18f2550.asm
                    INDF2   0x000fdf       data     extern C:\MCC18\SRC\TRADIT~1\PROC\p18f2550.asm
                      BSR   0x000fe0       data     extern C:\MCC18\SRC\TRADIT~1\PROC\p18f2550.asm
                     FSR1   0x000fe1       data     extern C:\MCC18\SRC\TRADIT~1\PROC\p18f2550.asm
                    FSR1L   0x000fe1       data     extern C:\MCC18\SRC\TRADIT~1\PROC\p18f2550.asm
                    FSR1H   0x000fe2       data     extern C:\MCC18\SRC\TRADIT~1\PROC\p18f2550.asm
                   PLUSW1   0x000fe3       data     extern C:\MCC18\SRC\TRADIT~1\PROC\p18f2550.asm
                  PREINC1   0x000fe4       data     extern C:\MCC18\SRC\TRADIT~1\PROC\p18f2550.asm
                 POSTDEC1   0x000fe5       data     extern C:\MCC18\SRC\TRADIT~1\PROC\p18f2550.asm
                 POSTINC1   0x000fe6       data     extern C:\MCC18\SRC\TRADIT~1\PROC\p18f2550.asm
                    INDF1   0x000fe7       data     extern C:\MCC18\SRC\TRADIT~1\PROC\p18f2550.asm
                     WREG   0x000fe8       data     extern C:\MCC18\SRC\TRADIT~1\PROC\p18f2550.asm
                     FSR0   0x000fe9       data     extern C:\MCC18\SRC\TRADIT~1\PROC\p18f2550.asm
                    FSR0L   0x000fe9       data     extern C:\MCC18\SRC\TRADIT~1\PROC\p18f2550.asm
                    FSR0H   0x000fea       data     extern C:\MCC18\SRC\TRADIT~1\PROC\p18f2550.asm
                   PLUSW0   0x000feb       data     extern C:\MCC18\SRC\TRADIT~1\PROC\p18f2550.asm
                  PREINC0   0x000fec       data     extern C:\MCC18\SRC\TRADIT~1\PROC\p18f2550.asm
                 POSTDEC0   0x000fed       data     extern C:\MCC18\SRC\TRADIT~1\PROC\p18f2550.asm
                 POSTINC0   0x000fee       data     extern C:\MCC18\SRC\TRADIT~1\PROC\p18f2550.asm
                    INDF0   0x000fef       data     extern C:\MCC18\SRC\TRADIT~1\PROC\p18f2550.asm
              INTCON3bits   0x000ff0       data     extern C:\MCC18\SRC\TRADIT~1\PROC\p18f2550.asm
                  INTCON3   0x000ff0       data     extern C:\MCC18\SRC\TRADIT~1\PROC\p18f2550.asm
              INTCON2bits   0x000ff1       data     extern C:\MCC18\SRC\TRADIT~1\PROC\p18f2550.asm
                  INTCON2   0x000ff1       data     extern C:\MCC18\SRC\TRADIT~1\PROC\p18f2550.asm
               INTCONbits   0x000ff2       data     extern C:\MCC18\SRC\TRADIT~1\PROC\p18f2550.asm
                   INTCON   0x000ff2       data     extern C:\MCC18\SRC\TRADIT~1\PROC\p18f2550.asm
                     PROD   0x000ff3       data     extern C:\MCC18\SRC\TRADIT~1\PROC\p18f2550.asm
                    PRODL   0x000ff3       data     extern C:\MCC18\SRC\TRADIT~1\PROC\p18f2550.asm
                    PRODH   0x000ff4       data     extern C:\MCC18\SRC\TRADIT~1\PROC\p18f2550.asm
                   TABLAT   0x000ff5       data     extern C:\MCC18\SRC\TRADIT~1\PROC\p18f2550.asm
                   TBLPTR   0x000ff6       data     extern C:\MCC18\SRC\TRADIT~1\PROC\p18f2550.asm
                  TBLPTRL   0x000ff6       data     extern C:\MCC18\SRC\TRADIT~1\PROC\p18f2550.asm
                  TBLPTRH   0x000ff7       data     extern C:\MCC18\SRC\TRADIT~1\PROC\p18f2550.asm
                  TBLPTRU   0x000ff8       data     extern C:\MCC18\SRC\TRADIT~1\PROC\p18f2550.asm
                      PCL   0x000ff9       data     extern C:\MCC18\SRC\TRADIT~1\PROC\p18f2550.asm
                       PC   0x000ff9       data     extern C:\MCC18\SRC\TRADIT~1\PROC\p18f2550.asm
                   PCLATH   0x000ffa       data     extern C:\MCC18\SRC\TRADIT~1\PROC\p18f2550.asm
                   PCLATU   0x000ffb       data     extern C:\MCC18\SRC\TRADIT~1\PROC\p18f2550.asm
                   STKPTR   0x000ffc       data     extern C:\MCC18\SRC\TRADIT~1\PROC\p18f2550.asm
               STKPTRbits   0x000ffc       data     extern C:\MCC18\SRC\TRADIT~1\PROC\p18f2550.asm
                      TOS   0x000ffd       data     extern C:\MCC18\SRC\TRADIT~1\PROC\p18f2550.asm
                     TOSL   0x000ffd       data     extern C:\MCC18\SRC\TRADIT~1\PROC\p18f2550.asm
                     TOSH   0x000ffe       data     extern C:\MCC18\SRC\TRADIT~1\PROC\p18f2550.asm
                     TOSU   0x000fff       data     extern C:\MCC18\SRC\TRADIT~1\PROC\p18f2550.asm


